Product: MDK-ARM Standard 5.10
Component: ARM Compiler 5.04 update 1 (build 49)
Tool: armlink [5040049]

==============================================================================

Section Cross References

    main.o(i.ReadKeyDown) refers to stm32f10x_gpio.o(i.GPIO_ReadInputDataBit) for GPIO_ReadInputDataBit
    main.o(i.fputc) refers to stm32f10x_usart.o(i.USART_SendData) for USART_SendData
    main.o(i.fputc) refers to stm32f10x_usart.o(i.USART_GetFlagStatus) for USART_GetFlagStatus
    main.o(i.main) refers to main.o(i.main_init) for main_init
    main.o(i.main) refers to stm32f10x_dma.o(i.DMA_Cmd) for DMA_Cmd
    main.o(i.main) refers to stm32f10x_adc.o(i.ADC_Cmd) for ADC_Cmd
    main.o(i.main) refers to ff.o(i.f_open) for f_open
    main.o(i.main) refers to printf1.o(i.__0printf$1) for __2printf
    main.o(i.main) refers to record_data.o(i.record_data) for record_data
    main.o(i.main) refers to main.o(i.ReadKeyDown) for ReadKeyDown
    main.o(i.main) refers to ff.o(i.f_close) for f_close
    main.o(i.main) refers to temprature_control.o(i.temprature_control) for temprature_control
    main.o(i.main) refers to output_config.o(i.sample_inject) for sample_inject
    main.o(i.main) refers to output_config.o(i.n2_carry) for n2_carry
    main.o(i.main) refers to main.o(.bss) for file
    main.o(i.main) refers to main.o(.data) for res
    main.o(i.main_init) refers to adc_dma_config.o(i.ADC_GPIO_Configuration) for ADC_GPIO_Configuration
    main.o(i.main_init) refers to gpio_config.o(i.GPIO_config) for GPIO_config
    main.o(i.main_init) refers to delay_time.o(i.delay_init) for delay_init
    main.o(i.main_init) refers to adc_dma_config.o(i.COM_init) for COM_init
    main.o(i.main_init) refers to nvic_config.o(i.EXTI_PA0_Config) for EXTI_PA0_Config
    main.o(i.main_init) refers to diskio.o(i.disk_initialize) for disk_initialize
    main.o(i.main_init) refers to ff.o(i.f_mount) for f_mount
    main.o(i.main_init) refers to main.o(.bss) for fs
    stm32f10x_it.o(i.EXTI0_IRQHandler) refers to stm32f10x_exti.o(i.EXTI_GetITStatus) for EXTI_GetITStatus
    stm32f10x_it.o(i.EXTI0_IRQHandler) refers to stm32f10x_exti.o(i.EXTI_ClearITPendingBit) for EXTI_ClearITPendingBit
    stm32f10x_it.o(i.EXTI0_IRQHandler) refers to printf1.o(i.__0printf$1) for __2printf
    stm32f10x_it.o(i.EXTI0_IRQHandler) refers to main.o(.data) for record_flag
    gpio_config.o(i.GPIO_config) refers to stm32f10x_rcc.o(i.RCC_APB2PeriphClockCmd) for RCC_APB2PeriphClockCmd
    gpio_config.o(i.GPIO_config) refers to stm32f10x_gpio.o(i.GPIO_Init) for GPIO_Init
    gpio_config.o(i.GPIO_config) refers to stm32f10x_gpio.o(i.GPIO_SetBits) for GPIO_SetBits
    output_config.o(i.Led_OFF) refers to stm32f10x_gpio.o(i.GPIO_SetBits) for GPIO_SetBits
    output_config.o(i.Led_light) refers to stm32f10x_gpio.o(i.GPIO_ResetBits) for GPIO_ResetBits
    output_config.o(i.Led_light) refers to stm32f10x_gpio.o(i.GPIO_SetBits) for GPIO_SetBits
    output_config.o(i.n2_carry) refers to output_config.o(i.output_gpio_bit) for output_gpio_bit
    output_config.o(i.n2_carry) refers to output_config.o(i.Led_light) for Led_light
    output_config.o(i.n2_carry) refers to main.o(.data) for carry_flag
    output_config.o(i.sample_inject) refers to printf1.o(i.__0printf$1) for __2printf
    output_config.o(i.sample_inject) refers to output_config.o(i.output_gpio_bit) for output_gpio_bit
    output_config.o(i.sample_inject) refers to output_config.o(i.Led_light) for Led_light
    output_config.o(i.sample_inject) refers to delay_time.o(i.delay_ms) for delay_ms
    output_config.o(i.sample_inject) refers to output_config.o(i.Led_OFF) for Led_OFF
    output_config.o(i.sample_inject) refers to main.o(.data) for inject_flag
    adc_dma_config.o(i.ADC_GPIO_Configuration) refers to stm32f10x_gpio.o(i.GPIO_Init) for GPIO_Init
    adc_dma_config.o(i.ADC_GPIO_Configuration) refers to stm32f10x_rcc.o(i.RCC_AHBPeriphClockCmd) for RCC_AHBPeriphClockCmd
    adc_dma_config.o(i.ADC_GPIO_Configuration) refers to stm32f10x_dma.o(i.DMA_DeInit) for DMA_DeInit
    adc_dma_config.o(i.ADC_GPIO_Configuration) refers to stm32f10x_dma.o(i.DMA_Init) for DMA_Init
    adc_dma_config.o(i.ADC_GPIO_Configuration) refers to stm32f10x_dma.o(i.DMA_Cmd) for DMA_Cmd
    adc_dma_config.o(i.ADC_GPIO_Configuration) refers to stm32f10x_rcc.o(i.RCC_APB2PeriphClockCmd) for RCC_APB2PeriphClockCmd
    adc_dma_config.o(i.ADC_GPIO_Configuration) refers to stm32f10x_adc.o(i.ADC_Init) for ADC_Init
    adc_dma_config.o(i.ADC_GPIO_Configuration) refers to stm32f10x_adc.o(i.ADC_RegularChannelConfig) for ADC_RegularChannelConfig
    adc_dma_config.o(i.ADC_GPIO_Configuration) refers to stm32f10x_adc.o(i.ADC_DMACmd) for ADC_DMACmd
    adc_dma_config.o(i.ADC_GPIO_Configuration) refers to stm32f10x_adc.o(i.ADC_Cmd) for ADC_Cmd
    adc_dma_config.o(i.ADC_GPIO_Configuration) refers to stm32f10x_adc.o(i.ADC_ResetCalibration) for ADC_ResetCalibration
[...]
    Removing stm32f10x_i2c.o(i.I2C_GenerateSTOP), (24 bytes).
    Removing stm32f10x_i2c.o(i.I2C_GetFlagStatus), (58 bytes).
    Removing stm32f10x_i2c.o(i.I2C_GetITStatus), (38 bytes).
    Removing stm32f10x_i2c.o(i.I2C_GetLastEvent), (26 bytes).
    Removing stm32f10x_i2c.o(i.I2C_GetPEC), (8 bytes).
    Removing stm32f10x_i2c.o(i.I2C_ITConfig), (18 bytes).
    Removing stm32f10x_i2c.o(i.I2C_Init), (236 bytes).
    Removing stm32f10x_i2c.o(i.I2C_NACKPositionConfig), (28 bytes).
    Removing stm32f10x_i2c.o(i.I2C_OwnAddress2Config), (22 bytes).
    Removing stm32f10x_i2c.o(i.I2C_PECPositionConfig), (28 bytes).
    Removing stm32f10x_i2c.o(i.I2C_ReadRegister), (22 bytes).
    Removing stm32f10x_i2c.o(i.I2C_ReceiveData), (8 bytes).
    Removing stm32f10x_i2c.o(i.I2C_SMBusAlertConfig), (28 bytes).
    Removing stm32f10x_i2c.o(i.I2C_Send7bitAddress), (18 bytes).
    Removing stm32f10x_i2c.o(i.I2C_SendData), (4 bytes).
    Removing stm32f10x_i2c.o(i.I2C_SoftwareResetCmd), (22 bytes).
    Removing stm32f10x_i2c.o(i.I2C_StretchClockCmd), (24 bytes).
    Removing stm32f10x_i2c.o(i.I2C_StructInit), (30 bytes).
    Removing stm32f10x_i2c.o(i.I2C_TransmitPEC), (24 bytes).
    Removing stm32f10x_iwdg.o(i.IWDG_Enable), (16 bytes).
    Removing stm32f10x_iwdg.o(i.IWDG_GetFlagStatus), (24 bytes).
    Removing stm32f10x_iwdg.o(i.IWDG_ReloadCounter), (16 bytes).
    Removing stm32f10x_iwdg.o(i.IWDG_SetPrescaler), (12 bytes).
    Removing stm32f10x_iwdg.o(i.IWDG_SetReload), (12 bytes).
    Removing stm32f10x_iwdg.o(i.IWDG_WriteAccessCmd), (12 bytes).
    Removing stm32f10x_pwr.o(i.PWR_BackupAccessCmd), (12 bytes).
    Removing stm32f10x_pwr.o(i.PWR_ClearFlag), (20 bytes).
    Removing stm32f10x_pwr.o(i.PWR_DeInit), (22 bytes).
    Removing stm32f10x_pwr.o(i.PWR_EnterSTANDBYMode), (52 bytes).
    Removing stm32f10x_pwr.o(i.PWR_EnterSTOPMode), (64 bytes).
    Removing stm32f10x_pwr.o(i.PWR_GetFlagStatus), (24 bytes).
    Removing stm32f10x_pwr.o(i.PWR_PVDCmd), (12 bytes).
    Removing stm32f10x_pwr.o(i.PWR_PVDLevelConfig), (24 bytes).
    Removing stm32f10x_pwr.o(i.PWR_WakeUpPinCmd), (12 bytes).
    Removing stm32f10x_rcc.o(i.RCC_ADCCLKConfig), (24 bytes).
    Removing stm32f10x_rcc.o(i.RCC_APB1PeriphClockCmd), (32 bytes).
    Removing stm32f10x_rcc.o(i.RCC_APB1PeriphResetCmd), (32 bytes).
    Removing stm32f10x_rcc.o(i.RCC_APB2PeriphResetCmd), (32 bytes).
    Removing stm32f10x_rcc.o(i.RCC_AdjustHSICalibrationValue), (24 bytes).
    Removing stm32f10x_rcc.o(i.RCC_BackupResetCmd), (12 bytes).
    Removing stm32f10x_rcc.o(i.RCC_ClearFlag), (20 bytes).
    Removing stm32f10x_rcc.o(i.RCC_ClearITPendingBit), (12 bytes).
    Removing stm32f10x_rcc.o(i.RCC_ClockSecuritySystemCmd), (12 bytes).
    Removing stm32f10x_rcc.o(i.RCC_DeInit), (76 bytes).
    Removing stm32f10x_rcc.o(i.RCC_GetFlagStatus), (60 bytes).
    Removing stm32f10x_rcc.o(i.RCC_GetITStatus), (24 bytes).
    Removing stm32f10x_rcc.o(i.RCC_GetSYSCLKSource), (16 bytes).
    Removing stm32f10x_rcc.o(i.RCC_HCLKConfig), (24 bytes).
    Removing stm32f10x_rcc.o(i.RCC_HSEConfig), (76 bytes).
    Removing stm32f10x_rcc.o(i.RCC_HSICmd), (12 bytes).
    Removing stm32f10x_rcc.o(i.RCC_ITConfig), (32 bytes).
    Removing stm32f10x_rcc.o(i.RCC_LSEConfig), (52 bytes).
    Removing stm32f10x_rcc.o(i.RCC_LSICmd), (12 bytes).
    Removing stm32f10x_rcc.o(i.RCC_MCOConfig), (12 bytes).
    Removing stm32f10x_rcc.o(i.RCC_PCLK1Config), (24 bytes).
    Removing stm32f10x_rcc.o(i.RCC_PCLK2Config), (24 bytes).
    Removing stm32f10x_rcc.o(i.RCC_PLLCmd), (12 bytes).
    Removing stm32f10x_rcc.o(i.RCC_PLLConfig), (28 bytes).
    Removing stm32f10x_rcc.o(i.RCC_RTCCLKCmd), (12 bytes).
    Removing stm32f10x_rcc.o(i.RCC_RTCCLKConfig), (16 bytes).
    Removing stm32f10x_rcc.o(i.RCC_SYSCLKConfig), (24 bytes).
    Removing stm32f10x_rcc.o(i.RCC_USBCLKConfig), (12 bytes).
    Removing stm32f10x_rcc.o(i.RCC_WaitForHSEStartUp), (56 bytes).
    Removing stm32f10x_rtc.o(i.RTC_ClearFlag), (16 bytes).
    Removing stm32f10x_rtc.o(i.RTC_ClearITPendingBit), (16 bytes).
    Removing stm32f10x_rtc.o(i.RTC_EnterConfigMode), (20 bytes).
    Removing stm32f10x_rtc.o(i.RTC_ExitConfigMode), (20 bytes).
    Removing stm32f10x_rtc.o(i.RTC_GetCounter), (20 bytes).
    Removing stm32f10x_rtc.o(i.RTC_GetDivider), (24 bytes).
    Removing stm32f10x_rtc.o(i.RTC_GetFlagStatus), (24 bytes).
    Removing stm32f10x_rtc.o(i.RTC_GetITStatus), (36 bytes).
    Removing stm32f10x_rtc.o(i.RTC_ITConfig), (32 bytes).
    Removing stm32f10x_rtc.o(i.RTC_SetAlarm), (28 bytes).
    Removing stm32f10x_rtc.o(i.RTC_SetCounter), (28 bytes).
    Removing stm32f10x_rtc.o(i.RTC_SetPrescaler), (32 bytes).
    Removing stm32f10x_rtc.o(i.RTC_WaitForLastTask), (20 bytes).
    Removing stm32f10x_rtc.o(i.RTC_WaitForSynchro), (36 bytes).
    Removing stm32f10x_sdio.o(i.SDIO_CEATAITCmd), (16 bytes).
    Removing stm32f10x_sdio.o(i.SDIO_ClearITPendingBit), (12 bytes).
    Removing stm32f10x_sdio.o(i.SDIO_CmdStructInit), (14 bytes).
    Removing stm32f10x_sdio.o(i.SDIO_CommandCompletionCmd), (12 bytes).
    Removing stm32f10x_sdio.o(i.SDIO_DataStructInit), (20 bytes).
    Removing stm32f10x_sdio.o(i.SDIO_GetDataCounter), (12 bytes).
    Removing stm32f10x_sdio.o(i.SDIO_GetFIFOCount), (12 bytes).
    Removing stm32f10x_sdio.o(i.SDIO_GetITStatus), (24 bytes).
    Removing stm32f10x_sdio.o(i.SDIO_SendCEATACmd), (12 bytes).
    Removing stm32f10x_sdio.o(i.SDIO_SendSDIOSuspendCmd), (12 bytes).
    Removing stm32f10x_sdio.o(i.SDIO_SetSDIOOperation), (12 bytes).
    Removing stm32f10x_sdio.o(i.SDIO_SetSDIOReadWaitMode), (12 bytes).
    Removing stm32f10x_sdio.o(i.SDIO_StartSDIOReadWait), (12 bytes).
    Removing stm32f10x_sdio.o(i.SDIO_StopSDIOReadWait), (12 bytes).
    Removing stm32f10x_sdio.o(i.SDIO_StructInit), (16 bytes).
    Removing stm32f10x_spi.o(i.I2S_Cmd), (24 bytes).
    Removing stm32f10x_spi.o(i.I2S_Init), (232 bytes).
    Removing stm32f10x_spi.o(i.I2S_StructInit), (20 bytes).
    Removing stm32f10x_spi.o(i.SPI_BiDirectionalLineConfig), (28 bytes).
    Removing stm32f10x_spi.o(i.SPI_CalculateCRC), (24 bytes).
    Removing stm32f10x_spi.o(i.SPI_Cmd), (24 bytes).
    Removing stm32f10x_spi.o(i.SPI_DataSizeConfig), (18 bytes).
    Removing stm32f10x_spi.o(i.SPI_GetCRC), (16 bytes).
    Removing stm32f10x_spi.o(i.SPI_GetCRCPolynomial), (6 bytes).
    Removing stm32f10x_spi.o(i.SPI_I2S_ClearFlag), (6 bytes).
    Removing stm32f10x_spi.o(i.SPI_I2S_ClearITPendingBit), (20 bytes).
    Removing stm32f10x_spi.o(i.SPI_I2S_DMACmd), (18 bytes).
    Removing stm32f10x_spi.o(i.SPI_I2S_DeInit), (88 bytes).
    Removing stm32f10x_spi.o(i.SPI_I2S_GetFlagStatus), (18 bytes).
    Removing stm32f10x_spi.o(i.SPI_I2S_GetITStatus), (52 bytes).
    Removing stm32f10x_spi.o(i.SPI_I2S_ITConfig), (32 bytes).
    Removing stm32f10x_spi.o(i.SPI_I2S_ReceiveData), (6 bytes).
    Removing stm32f10x_spi.o(i.SPI_I2S_SendData), (4 bytes).
    Removing stm32f10x_spi.o(i.SPI_Init), (60 bytes).
    Removing stm32f10x_spi.o(i.SPI_NSSInternalSoftwareConfig), (30 bytes).
    Removing stm32f10x_spi.o(i.SPI_SSOutputCmd), (24 bytes).
    Removing stm32f10x_spi.o(i.SPI_StructInit), (24 bytes).
    Removing stm32f10x_spi.o(i.SPI_TransmitCRC), (10 bytes).
    Removing stm32f10x_tim.o(i.TI1_Config), (128 bytes).
    Removing stm32f10x_tim.o(i.TI2_Config), (152 bytes).
    Removing stm32f10x_tim.o(i.TI3_Config), (144 bytes).
    Removing stm32f10x_tim.o(i.TI4_Config), (152 bytes).
    Removing stm32f10x_tim.o(i.TIM_ARRPreloadConfig), (24 bytes).
    Removing stm32f10x_tim.o(i.TIM_BDTRConfig), (32 bytes).
    Removing stm32f10x_tim.o(i.TIM_BDTRStructInit), (18 bytes).
    Removing stm32f10x_tim.o(i.TIM_CCPreloadControl), (24 bytes).
    Removing stm32f10x_tim.o(i.TIM_CCxCmd), (30 bytes).
    Removing stm32f10x_tim.o(i.TIM_CCxNCmd), (30 bytes).
    Removing stm32f10x_tim.o(i.TIM_ClearFlag), (6 bytes).
    Removing stm32f10x_tim.o(i.TIM_ClearITPendingBit), (6 bytes).
    Removing stm32f10x_tim.o(i.TIM_ClearOC1Ref), (18 bytes).
    Removing stm32f10x_tim.o(i.TIM_ClearOC2Ref), (24 bytes).
    Removing stm32f10x_tim.o(i.TIM_ClearOC3Ref), (18 bytes).
    Removing stm32f10x_tim.o(i.TIM_ClearOC4Ref), (24 bytes).
    Removing stm32f10x_tim.o(i.TIM_Cmd), (24 bytes).
    Removing stm32f10x_tim.o(i.TIM_CounterModeConfig), (18 bytes).
    Removing stm32f10x_tim.o(i.TIM_CtrlPWMOutputs), (30 bytes).
    Removing stm32f10x_tim.o(i.TIM_DMACmd), (18 bytes).
    Removing stm32f10x_tim.o(i.TIM_DMAConfig), (10 bytes).
    Removing stm32f10x_tim.o(i.TIM_DeInit), (488 bytes).
    Removing stm32f10x_tim.o(i.TIM_ETRClockMode1Config), (54 bytes).
    Removing stm32f10x_tim.o(i.TIM_ETRClockMode2Config), (32 bytes).
    Removing stm32f10x_tim.o(i.TIM_ETRConfig), (28 bytes).
    Removing stm32f10x_tim.o(i.TIM_EncoderInterfaceConfig), (66 bytes).
    Removing stm32f10x_tim.o(i.TIM_ForcedOC1Config), (18 bytes).
    Removing stm32f10x_tim.o(i.TIM_ForcedOC2Config), (26 bytes).
    Removing stm32f10x_tim.o(i.TIM_ForcedOC3Config), (18 bytes).
    Removing stm32f10x_tim.o(i.TIM_ForcedOC4Config), (26 bytes).
    Removing stm32f10x_tim.o(i.TIM_GenerateEvent), (4 bytes).
    Removing stm32f10x_tim.o(i.TIM_GetCapture1), (6 bytes).
    Removing stm32f10x_tim.o(i.TIM_GetCapture2), (6 bytes).
    Removing stm32f10x_tim.o(i.TIM_GetCapture3), (6 bytes).
    Removing stm32f10x_tim.o(i.TIM_GetCapture4), (8 bytes).
    Removing stm32f10x_tim.o(i.TIM_GetCounter), (6 bytes).
    Removing stm32f10x_tim.o(i.TIM_GetFlagStatus), (18 bytes).
    Removing stm32f10x_tim.o(i.TIM_GetITStatus), (34 bytes).
    Removing stm32f10x_tim.o(i.TIM_GetPrescaler), (6 bytes).
    Removing stm32f10x_tim.o(i.TIM_ICInit), (172 bytes).
    Removing stm32f10x_tim.o(i.TIM_ICStructInit), (18 bytes).
    Removing stm32f10x_tim.o(i.TIM_ITConfig), (18 bytes).
    Removing stm32f10x_tim.o(i.TIM_ITRxExternalClockConfig), (24 bytes).
    Removing stm32f10x_tim.o(i.TIM_InternalClockConfig), (12 bytes).
    Removing stm32f10x_tim.o(i.TIM_OC1FastConfig), (18 bytes).
    Removing stm32f10x_tim.o(i.TIM_OC1Init), (152 bytes).
    Removing stm32f10x_tim.o(i.TIM_OC1NPolarityConfig), (18 bytes).
    Removing stm32f10x_tim.o(i.TIM_OC1PolarityConfig), (18 bytes).
    Removing stm32f10x_tim.o(i.TIM_OC1PreloadConfig), (18 bytes).
    Removing stm32f10x_tim.o(i.TIM_OC2FastConfig), (26 bytes).
    Removing stm32f10x_tim.o(i.TIM_OC2Init), (164 bytes).
    Removing stm32f10x_tim.o(i.TIM_OC2NPolarityConfig), (26 bytes).
    Removing stm32f10x_tim.o(i.TIM_OC2PolarityConfig), (26 bytes).
    Removing stm32f10x_tim.o(i.TIM_OC2PreloadConfig), (26 bytes).
    Removing stm32f10x_tim.o(i.TIM_OC3FastConfig), (18 bytes).
    Removing stm32f10x_tim.o(i.TIM_OC3Init), (160 bytes).
    Removing stm32f10x_tim.o(i.TIM_OC3NPolarityConfig), (26 bytes).
    Removing stm32f10x_tim.o(i.TIM_OC3PolarityConfig), (26 bytes).
    Removing stm32f10x_tim.o(i.TIM_OC3PreloadConfig), (18 bytes).
    Removing stm32f10x_tim.o(i.TIM_OC4FastConfig), (26 bytes).
    Removing stm32f10x_tim.o(i.TIM_OC4Init), (124 bytes).
    Removing stm32f10x_tim.o(i.TIM_OC4PolarityConfig), (26 bytes).
    Removing stm32f10x_tim.o(i.TIM_OC4PreloadConfig), (26 bytes).
    Removing stm32f10x_tim.o(i.TIM_OCStructInit), (20 bytes).
    Removing stm32f10x_tim.o(i.TIM_PWMIConfig), (124 bytes).
    Removing stm32f10x_tim.o(i.TIM_PrescalerConfig), (6 bytes).
    Removing stm32f10x_tim.o(i.TIM_SelectCCDMA), (24 bytes).
    Removing stm32f10x_tim.o(i.TIM_SelectCOM), (24 bytes).
    Removing stm32f10x_tim.o(i.TIM_SelectHallSensor), (24 bytes).
    Removing stm32f10x_tim.o(i.TIM_SelectInputTrigger), (18 bytes).
    Removing stm32f10x_tim.o(i.TIM_SelectMasterSlaveMode), (18 bytes).
    Removing stm32f10x_tim.o(i.TIM_SelectOCxM), (82 bytes).
    Removing stm32f10x_tim.o(i.TIM_SelectOnePulseMode), (18 bytes).
    Removing stm32f10x_tim.o(i.TIM_SelectOutputTrigger), (18 bytes).
    Removing stm32f10x_tim.o(i.TIM_SelectSlaveMode), (18 bytes).
    Removing stm32f10x_tim.o(i.TIM_SetAutoreload), (4 bytes).
    Removing stm32f10x_tim.o(i.TIM_SetClockDivision), (18 bytes).
    Removing stm32f10x_tim.o(i.TIM_SetCompare1), (4 bytes).
    Removing stm32f10x_tim.o(i.TIM_SetCompare2), (4 bytes).
    Removing stm32f10x_tim.o(i.TIM_SetCompare3), (4 bytes).
    Removing stm32f10x_tim.o(i.TIM_SetCompare4), (6 bytes).
    Removing stm32f10x_tim.o(i.TIM_SetCounter), (4 bytes).
    Removing stm32f10x_tim.o(i.TIM_SetIC1Prescaler), (18 bytes).
    Removing stm32f10x_tim.o(i.TIM_SetIC2Prescaler), (26 bytes).
    Removing stm32f10x_tim.o(i.TIM_SetIC3Prescaler), (18 bytes).
    Removing stm32f10x_tim.o(i.TIM_SetIC4Prescaler), (26 bytes).
    Removing stm32f10x_tim.o(i.TIM_TIxExternalClockConfig), (62 bytes).
    Removing stm32f10x_tim.o(i.TIM_TimeBaseInit), (164 bytes).
    Removing stm32f10x_tim.o(i.TIM_TimeBaseStructInit), (18 bytes).
    Removing stm32f10x_tim.o(i.TIM_UpdateDisableConfig), (24 bytes).
    Removing stm32f10x_tim.o(i.TIM_UpdateRequestConfig), (24 bytes).
    Removing stm32f10x_usart.o(i.USART_ClearFlag), (18 bytes).
    Removing stm32f10x_usart.o(i.USART_ClearITPendingBit), (30 bytes).
    Removing stm32f10x_usart.o(i.USART_ClockInit), (34 bytes).
    Removing stm32f10x_usart.o(i.USART_ClockStructInit), (12 bytes).
    Removing stm32f10x_usart.o(i.USART_DMACmd), (18 bytes).
    Removing stm32f10x_usart.o(i.USART_DeInit), (156 bytes).
    Removing stm32f10x_usart.o(i.USART_GetITStatus), (84 bytes).
    Removing stm32f10x_usart.o(i.USART_HalfDuplexCmd), (24 bytes).
    Removing stm32f10x_usart.o(i.USART_ITConfig), (74 bytes).
    Removing stm32f10x_usart.o(i.USART_IrDACmd), (24 bytes).
    Removing stm32f10x_usart.o(i.USART_IrDAConfig), (18 bytes).
    Removing stm32f10x_usart.o(i.USART_LINBreakDetectLengthConfig), (18 bytes).
    Removing stm32f10x_usart.o(i.USART_LINCmd), (24 bytes).
    Removing stm32f10x_usart.o(i.USART_OneBitMethodCmd), (24 bytes).
    Removing stm32f10x_usart.o(i.USART_OverSampling8Cmd), (22 bytes).
    Removing stm32f10x_usart.o(i.USART_ReceiveData), (10 bytes).
    Removing stm32f10x_usart.o(i.USART_ReceiverWakeUpCmd), (24 bytes).
    Removing stm32f10x_usart.o(i.USART_SendBreak), (10 bytes).
    Removing stm32f10x_usart.o(i.USART_SetAddress), (18 bytes).
    Removing stm32f10x_usart.o(i.USART_SetGuardTime), (16 bytes).
    Removing stm32f10x_usart.o(i.USART_SetPrescaler), (16 bytes).
    Removing stm32f10x_usart.o(i.USART_SmartCardCmd), (24 bytes).
    Removing stm32f10x_usart.o(i.USART_SmartCardNACKCmd), (24 bytes).
    Removing stm32f10x_usart.o(i.USART_StructInit), (24 bytes).
    Removing stm32f10x_usart.o(i.USART_WakeUpConfig), (18 bytes).
    Removing stm32f10x_wwdg.o(i.WWDG_ClearFlag), (12 bytes).
    Removing stm32f10x_wwdg.o(i.WWDG_DeInit), (22 bytes).
    Removing stm32f10x_wwdg.o(i.WWDG_Enable), (16 bytes).
    Removing stm32f10x_wwdg.o(i.WWDG_EnableIT), (12 bytes).
    Removing stm32f10x_wwdg.o(i.WWDG_GetFlagStatus), (12 bytes).
    Removing stm32f10x_wwdg.o(i.WWDG_SetCounter), (16 bytes).
    Removing stm32f10x_wwdg.o(i.WWDG_SetPrescaler), (24 bytes).
    Removing stm32f10x_wwdg.o(i.WWDG_SetWindowValue), (40 bytes).
    Removing startup_stm32f10x_hd.o(HEAP), (512 bytes).
    Removing core_cm3.o(.emb_text), (32 bytes).
    Removing system_stm32f10x.o(i.SystemCoreClockUpdate), (164 bytes).
    Removing system_stm32f10x.o(.data), (20 bytes).
    Removing ff.o(i.dir_read), (86 bytes).
    Removing ff.o(i.dir_remove), (44 bytes).
    Removing ff.o(i.f_chmod), (84 bytes).
    Removing ff.o(i.f_getfree), (276 bytes).
    Removing ff.o(i.f_gets), (78 bytes).
    Removing ff.o(i.f_mkdir), (384 bytes).
    Removing ff.o(i.f_mkfs), (1576 bytes).
    Removing ff.o(i.f_opendir), (110 bytes).
    Removing ff.o(i.f_read), (462 bytes).
    Removing ff.o(i.f_readdir), (88 bytes).
    Removing ff.o(i.f_rename), (290 bytes).
    Removing ff.o(i.f_stat), (58 bytes).
    Removing ff.o(i.f_truncate), (156 bytes).
    Removing ff.o(i.f_unlink), (178 bytes).
    Removing ff.o(i.f_utime), (86 bytes).
    Removing ff.o(i.get_fileinfo), (152 bytes).
    Removing ff.o(.constdata), (44 bytes).
    Removing dadd.o(.text), (334 bytes).
    Removing dmul.o(.text), (228 bytes).
    Removing ddiv.o(.text), (222 bytes).
    Removing dfixul.o(.text), (48 bytes).
    Removing cdrcmple.o(.text), (40 bytes).
    Removing depilogue.o(.text), (182 bytes).

461 unused section(s) (total 23718 bytes) removed from the image.

==============================================================================

Image Symbol Table

    Local Symbols

    Symbol Name                              Value     Ov Type        Size  Object(Section)

    ../clib/microlib/division.c              0x00000000   Number         0  uldiv.o ABSOLUTE
    ../clib/microlib/division.c              0x00000000   Number         0  uidiv.o ABSOLUTE
    ../clib/microlib/init/entry.s            0x00000000   Number         0  entry7a.o ABSOLUTE
    ../clib/microlib/init/entry.s            0x00000000   Number         0  entry11b.o ABSOLUTE
    ../clib/microlib/init/entry.s            0x00000000   Number         0  entry10a.o ABSOLUTE
    ../clib/microlib/init/entry.s            0x00000000   Number         0  entry9b.o ABSOLUTE
    ../clib/microlib/init/entry.s            0x00000000   Number         0  entry5.o ABSOLUTE
    ../clib/microlib/init/entry.s            0x00000000   Number         0  entry9a.o ABSOLUTE
    ../clib/microlib/init/entry.s            0x00000000   Number         0  entry8a.o ABSOLUTE
    ../clib/microlib/init/entry.s            0x00000000   Number         0  entry2.o ABSOLUTE
    ../clib/microlib/init/entry.s            0x00000000   Number         0  entry.o ABSOLUTE
    ../clib/microlib/init/entry.s            0x00000000   Number         0  entry8b.o ABSOLUTE
    ../clib/microlib/init/entry.s            0x00000000   Number         0  entry10b.o ABSOLUTE
    ../clib/microlib/init/entry.s            0x00000000   Number         0  entry11a.o ABSOLUTE
    ../clib/microlib/init/entry.s            0x00000000   Number         0  entry7b.o ABSOLUTE
    ../clib/microlib/longlong.c              0x00000000   Number         0  llsshr.o ABSOLUTE
    ../clib/microlib/longlong.c              0x00000000   Number         0  llshl.o ABSOLUTE
    ../clib/microlib/longlong.c              0x00000000   Number         0  llushr.o ABSOLUTE
    ../clib/microlib/printf/printf.c         0x00000000   Number         0  printf1.o ABSOLUTE
    ../clib/microlib/printf/printf.c         0x00000000   Number         0  printf0.o ABSOLUTE
    ../clib/microlib/printf/printf.c         0x00000000   Number         0  printfb.o ABSOLUTE
    ../clib/microlib/printf/printf.c         0x00000000   Number         0  printf8.o ABSOLUTE
    ../clib/microlib/printf/printf.c         0x00000000   Number         0  printf2.o ABSOLUTE
    ../clib/microlib/printf/printf.c         0x00000000   Number         0  printfa.o ABSOLUTE
    ../clib/microlib/printf/printf.c         0x00000000   Number         0  printf7.o ABSOLUTE
    ../clib/microlib/printf/printf.c         0x00000000   Number         0  printf6.o ABSOLUTE
    ../clib/microlib/printf/printf.c         0x00000000   Number         0  printf5.o ABSOLUTE
    ../clib/microlib/printf/printf.c         0x00000000   Number         0  printf4.o ABSOLUTE
    ../clib/microlib/printf/printf.c         0x00000000   Number         0  printf3.o ABSOLUTE
    ../clib/microlib/printf/stubs.s          0x00000000   Number         0  stubs.o ABSOLUTE
    ../clib/microlib/stdio/streams.c         0x00000000   Number         0  stdout.o ABSOLUTE
    ../clib/microlib/stubs.s                 0x00000000   Number         0  iusefp.o ABSOLUTE
    ../fplib/microlib/fpadd.c                0x00000000   Number         0  dadd.o ABSOLUTE
    ../fplib/microlib/fpdiv.c                0x00000000   Number         0  ddiv.o ABSOLUTE
    ../fplib/microlib/fpepilogue.c           0x00000000   Number         0  depilogue.o ABSOLUTE
    ../fplib/microlib/fpfix.c                0x00000000   Number         0  dfixul.o ABSOLUTE
    ../fplib/microlib/fpmul.c                0x00000000   Number         0  dmul.o ABSOLUTE
    ..\LIB\CMSIS\CM3\CoreSupport\core_cm3.c  0x00000000   Number         0  core_cm3.o ABSOLUTE
    ..\LIB\CMSIS\CM3\DeviceSupport\ST\STM32F10x\startup\arm\startup_stm32f10x_hd.s 0x00000000   Number         0  startup_stm32f10x_hd.o ABSOLUTE
    ..\LIB\CMSIS\CM3\DeviceSupport\ST\STM32F10x\system_stm32f10x.c 0x00000000   Number         0  system_stm32f10x.o ABSOLUTE
    ..\LIB\STM32F10x_StdPeriph_Driver\src\misc.c 0x00000000   Number         0  misc.o ABSOLUTE
    ..\LIB\STM32F10x_StdPeriph_Driver\src\stm32f10x_adc.c 0x00000000   Number         0  stm32f10x_adc.o ABSOLUTE
    ..\LIB\STM32F10x_StdPeriph_Driver\src\stm32f10x_bkp.c 0x00000000   Number         0  stm32f10x_bkp.o ABSOLUTE
    ..\LIB\STM32F10x_StdPeriph_Driver\src\stm32f10x_can.c 0x00000000   Number         0  stm32f10x_can.o ABSOLUTE
    ..\LIB\STM32F10x_StdPeriph_Driver\src\stm32f10x_cec.c 0x00000000   Number         0  stm32f10x_cec.o ABSOLUTE
    ..\LIB\STM32F10x_StdPeriph_Driver\src\stm32f10x_crc.c 0x00000000   Number         0  stm32f10x_crc.o ABSOLUTE
    ..\LIB\STM32F10x_StdPeriph_Driver\src\stm32f10x_dac.c 0x00000000   Number         0  stm32f10x_dac.o ABSOLUTE
    ..\LIB\STM32F10x_StdPeriph_Driver\src\stm32f10x_dbgmcu.c 0x00000000   Number         0  stm32f10x_dbgmcu.o ABSOLUTE
    ..\LIB\STM32F10x_StdPeriph_Driver\src\stm32f10x_dma.c 0x00000000   Number         0  stm32f10x_dma.o ABSOLUTE
    ..\LIB\STM32F10x_StdPeriph_Driver\src\stm32f10x_exti.c 0x00000000   Number         0  stm32f10x_exti.o ABSOLUTE
    ..\LIB\STM32F10x_StdPeriph_Driver\src\stm32f10x_flash.c 0x00000000   Number         0  stm32f10x_flash.o ABSOLUTE
    ..\LIB\STM32F10x_StdPeriph_Driver\src\stm32f10x_fsmc.c 0x00000000   Number         0  stm32f10x_fsmc.o ABSOLUTE
    ..\LIB\STM32F10x_StdPeriph_Driver\src\stm32f10x_gpio.c 0x00000000   Number         0  stm32f10x_gpio.o ABSOLUTE
    ..\LIB\STM32F10x_StdPeriph_Driver\src\stm32f10x_i2c.c 0x00000000   Number         0  stm32f10x_i2c.o ABSOLUTE
    ..\LIB\STM32F10x_StdPeriph_Driver\src\stm32f10x_iwdg.c 0x00000000   Number         0  stm32f10x_iwdg.o ABSOLUTE
    ..\LIB\STM32F10x_StdPeriph_Driver\src\stm32f10x_pwr.c 0x00000000   Number         0  stm32f10x_pwr.o ABSOLUTE
    ..\LIB\STM32F10x_StdPeriph_Driver\src\stm32f10x_rcc.c 0x00000000   Number         0  stm32f10x_rcc.o ABSOLUTE
    ..\LIB\STM32F10x_StdPeriph_Driver\src\stm32f10x_rtc.c 0x00000000   Number         0  stm32f10x_rtc.o ABSOLUTE
    ..\LIB\STM32F10x_StdPeriph_Driver\src\stm32f10x_sdio.c 0x00000000   Number         0  stm32f10x_sdio.o ABSOLUTE
    ..\LIB\STM32F10x_StdPeriph_Driver\src\stm32f10x_spi.c 0x00000000   Number         0  stm32f10x_spi.o ABSOLUTE
    ..\LIB\STM32F10x_StdPeriph_Driver\src\stm32f10x_tim.c 0x00000000   Number         0  stm32f10x_tim.o ABSOLUTE
    ..\LIB\STM32F10x_StdPeriph_Driver\src\stm32f10x_usart.c 0x00000000   Number         0  stm32f10x_usart.o ABSOLUTE
    ..\LIB\STM32F10x_StdPeriph_Driver\src\stm32f10x_wwdg.c 0x00000000   Number         0  stm32f10x_wwdg.o ABSOLUTE
    ..\USER\ADC_DMA_config.c                 0x00000000   Number         0  adc_dma_config.o ABSOLUTE
    ..\USER\FATes\diskio.c                   0x00000000   Number         0  diskio.o ABSOLUTE
    ..\USER\FATes\ff.c                       0x00000000   Number         0  ff.o ABSOLUTE
    ..\USER\GPIO_config.c                    0x00000000   Number         0  gpio_config.o ABSOLUTE
    ..\USER\NVIC_config.c                    0x00000000   Number         0  nvic_config.o ABSOLUTE
    ..\USER\delay_time.c                     0x00000000   Number         0  delay_time.o ABSOLUTE
    ..\USER\main.c                           0x00000000   Number         0  main.o ABSOLUTE
    ..\USER\output_config.c                  0x00000000   Number         0  output_config.o ABSOLUTE
    ..\USER\record_data.c                    0x00000000   Number         0  record_data.o ABSOLUTE
    ..\USER\sdcard.c                         0x00000000   Number         0  sdcard.o ABSOLUTE
    ..\USER\stm32f10x_it.c                   0x00000000   Number         0  stm32f10x_it.o ABSOLUTE
    ..\USER\temprature_control.c             0x00000000   Number         0  temprature_control.o ABSOLUTE
    ..\\LIB\\CMSIS\\CM3\\CoreSupport\\core_cm3.c 0x00000000   Number         0  core_cm3.o ABSOLUTE
    cdrcmple.s                               0x00000000   Number         0  cdrcmple.o ABSOLUTE
    dc.s                                     0x00000000   Number         0  dc.o ABSOLUTE
    handlers.s                               0x00000000   Number         0  handlers.o ABSOLUTE
    init.s                                   0x00000000   Number         0  init.o ABSOLUTE
    RESET                                    0x08000000   Section      304  startup_stm32f10x_hd.o(RESET)
    .ARM.Collect$$$$00000000                 0x08000130   Section        0  entry.o(.ARM.Collect$$$$00000000)
    .ARM.Collect$$$$00000001                 0x08000130   Section        4  entry2.o(.ARM.Collect$$$$00000001)
    .ARM.Collect$$$$00000004                 0x08000134   Section        4  entry5.o(.ARM.Collect$$$$00000004)
    .ARM.Collect$$$$00000008                 0x08000138   Section        0  entry7b.o(.ARM.Collect$$$$00000008)
    .ARM.Collect$$$$0000000A                 0x08000138   Section        0  entry8b.o(.ARM.Collect$$$$0000000A)
    .ARM.Collect$$$$0000000B                 0x08000138   Section        8  entry9a.o(.ARM.Collect$$$$0000000B)
    .ARM.Collect$$$$0000000D                 0x08000140   Section        0  entry10a.o(.ARM.Collect$$$$0000000D)
    .ARM.Collect$$$$0000000F                 0x08000140   Section        0  entry11a.o(.ARM.Collect$$$$0000000F)
    .ARM.Collect$$$$00002712                 0x08000140   Section        4  entry2.o(.ARM.Collect$$$$00002712)
    __lit__00000000                          0x08000140   Data           4  entry2.o(.ARM.Collect$$$$00002712)
    .text                                    0x08000144   Section       36  startup_stm32f10x_hd.o(.text)
    .text                                    0x08000168   Section        0  uidiv.o(.text)
    .text                                    0x08000194   Section       36  init.o(.text)
    i.ADC_Cmd                                0x080001b8   Section        0  stm32f10x_adc.o(i.ADC_Cmd)
    i.ADC_DMACmd                             0x080001ce   Section        0  stm32f10x_adc.o(i.ADC_DMACmd)
    i.ADC_GPIO_Configuration                 0x080001e4   Section        0  adc_dma_config.o(i.ADC_GPIO_Configuration)
    i.ADC_GetCalibrationStatus               0x080002e4   Section        0  stm32f10x_adc.o(i.ADC_GetCalibrationStatus)
    i.ADC_GetResetCalibrationStatus          0x080002f8   Section        0  stm32f10x_adc.o(i.ADC_GetResetCalibrationStatus)
    i.ADC_Init                               0x0800030c   Section        0  stm32f10x_adc.o(i.ADC_Init)
    i.ADC_RegularChannelConfig               0x0800035c   Section        0  stm32f10x_adc.o(i.ADC_RegularChannelConfig)
    i.ADC_ResetCalibration                   0x08000414   Section        0  stm32f10x_adc.o(i.ADC_ResetCalibration)
    i.ADC_SoftwareStartConvCmd               0x0800041e   Section        0  stm32f10x_adc.o(i.ADC_SoftwareStartConvCmd)
    i.ADC_StartCalibration                   0x08000434   Section        0  stm32f10x_adc.o(i.ADC_StartCalibration)
    i.BusFault_Handler                       0x0800043e   Section        0  stm32f10x_it.o(i.BusFault_Handler)
    i.COM_init                               0x08000444   Section        0  adc_dma_config.o(i.COM_init)
    i.CmdError                               0x080004b8   Section        0  sdcard.o(i.CmdError)
    CmdError                                 0x080004b9   Thumb Code    44  sdcard.o(i.CmdError)
    i.CmdResp1Error                          0x080004e4   Section        0  sdcard.o(i.CmdResp1Error)
    CmdResp1Error                            0x080004e5   Thumb Code   298  sdcard.o(i.CmdResp1Error)
    i.CmdResp2Error                          0x08000618   Section        0  sdcard.o(i.CmdResp2Error)
    CmdResp2Error                            0x08000619   Thumb Code    70  sdcard.o(i.CmdResp2Error)
    i.CmdResp3Error                          0x08000664   Section        0  sdcard.o(i.CmdResp3Error)
    CmdResp3Error                            0x08000665   Thumb Code    52  sdcard.o(i.CmdResp3Error)
    i.CmdResp6Error                          0x0800069c   Section        0  sdcard.o(i.CmdResp6Error)
    CmdResp6Error                            0x0800069d   Thumb Code   152  sdcard.o(i.CmdResp6Error)
    i.CmdResp7Error                          0x08000738   Section        0  sdcard.o(i.CmdResp7Error)
    CmdResp7Error                            0x08000739   Thumb Code    72  sdcard.o(i.CmdResp7Error)
    i.DMA_ClearFlag                          0x08000784   Section        0  stm32f10x_dma.o(i.DMA_ClearFlag)
    i.DMA_Cmd                                0x080007a0   Section        0  stm32f10x_dma.o(i.DMA_Cmd)
    i.DMA_DeInit                             0x080007b8   Section        0  stm32f10x_dma.o(i.DMA_DeInit)
    i.DMA_GetFlagStatus                      0x08000904   Section        0  stm32f10x_dma.o(i.DMA_GetFlagStatus)
    i.DMA_Init                               0x08000930   Section        0  stm32f10x_dma.o(i.DMA_Init)
    i.DMA_RxConfiguration                    0x0800096c   Section        0  sdcard.o(i.DMA_RxConfiguration)
    DMA_RxConfiguration                      0x0800096d   Thumb Code    86  sdcard.o(i.DMA_RxConfiguration)
    i.DMA_TxConfiguration                    0x080009d0   Section        0  sdcard.o(i.DMA_TxConfiguration)
    DMA_TxConfiguration                      0x080009d1   Thumb Code    86  sdcard.o(i.DMA_TxConfiguration)
    i.DebugMon_Handler                       0x08000a34   Section        0  stm32f10x_it.o(i.DebugMon_Handler)
    i.EXTI0_IRQHandler                       0x08000a38   Section        0  stm32f10x_it.o(i.EXTI0_IRQHandler)
    i.EXTI_ClearITPendingBit                 0x08000a68   Section        0  stm32f10x_exti.o(i.EXTI_ClearITPendingBit)
    i.EXTI_GetITStatus                       0x08000a74   Section        0  stm32f10x_exti.o(i.EXTI_GetITStatus)
    i.EXTI_Init                              0x08000a9c   Section        0  stm32f10x_exti.o(i.EXTI_Init)
    i.EXTI_PA0_Config                        0x08000b30   Section        0  nvic_config.o(i.EXTI_PA0_Config)
    i.FindSCR                                0x08000b7c   Section        0  sdcard.o(i.FindSCR)
    FindSCR                                  0x08000b7d   Thumb Code   390  sdcard.o(i.FindSCR)
    i.GPIO_Configuration                     0x08000d18   Section        0  sdcard.o(i.GPIO_Configuration)
    GPIO_Configuration                       0x08000d19   Thumb Code    54  sdcard.o(i.GPIO_Configuration)
    i.GPIO_EXTILineConfig                    0x08000d58   Section        0  stm32f10x_gpio.o(i.GPIO_EXTILineConfig)
    i.GPIO_Init                              0x08000d98   Section        0  stm32f10x_gpio.o(i.GPIO_Init)
    i.GPIO_ReadInputDataBit                  0x08000eae   Section        0  stm32f10x_gpio.o(i.GPIO_ReadInputDataBit)
    i.GPIO_ResetBits                         0x08000ec0   Section        0  stm32f10x_gpio.o(i.GPIO_ResetBits)
    i.GPIO_SetBits                           0x08000ec4   Section        0  stm32f10x_gpio.o(i.GPIO_SetBits)
    i.GPIO_config                            0x08000ec8   Section        0  gpio_config.o(i.GPIO_config)
    i.HardFault_Handler                      0x08000fc0   Section        0  stm32f10x_it.o(i.HardFault_Handler)
    i.IsCardProgramming                      0x08000fc4   Section        0  sdcard.o(i.IsCardProgramming)
    IsCardProgramming                        0x08000fc5   Thumb Code   396  sdcard.o(i.IsCardProgramming)
    i.Led_OFF                                0x08001160   Section        0  output_config.o(i.Led_OFF)
    i.Led_light                              0x080011b4   Section        0  output_config.o(i.Led_light)
    i.MemManage_Handler                      0x08001208   Section        0  stm32f10x_it.o(i.MemManage_Handler)
    i.NMI_Handler                            0x0800120c   Section        0  stm32f10x_it.o(i.NMI_Handler)
    i.NVIC_Configuration                     0x0800120e   Section        0  nvic_config.o(i.NVIC_Configuration)
    i.NVIC_Init                              0x08001238   Section        0  misc.o(i.NVIC_Init)
    i.NVIC_PriorityGroupConfig               0x080012a8   Section        0  misc.o(i.NVIC_PriorityGroupConfig)
    i.PendSV_Handler                         0x080012bc   Section        0  stm32f10x_it.o(i.PendSV_Handler)
    i.RCC_AHBPeriphClockCmd                  0x080012c0   Section        0  stm32f10x_rcc.o(i.RCC_AHBPeriphClockCmd)
    i.RCC_APB2PeriphClockCmd                 0x080012e0   Section        0  stm32f10x_rcc.o(i.RCC_APB2PeriphClockCmd)
    i.RCC_GetClocksFreq                      0x08001300   Section        0  stm32f10x_rcc.o(i.RCC_GetClocksFreq)
    i.ReadKeyDown                            0x080013d4   Section        0  main.o(i.ReadKeyDown)
    i.SDEnWideBus                            0x08001424   Section        0  sdcard.o(i.SDEnWideBus)
    SDEnWideBus                              0x08001425   Thumb Code   284  sdcard.o(i.SDEnWideBus)
    i.SDIO_ClearFlag                         0x08001548   Section        0  stm32f10x_sdio.o(i.SDIO_ClearFlag)
    i.SDIO_ClockCmd                          0x08001554   Section        0  stm32f10x_sdio.o(i.SDIO_ClockCmd)
    i.SDIO_DMACmd                            0x08001560   Section        0  stm32f10x_sdio.o(i.SDIO_DMACmd)
    i.SDIO_DataConfig                        0x0800156c   Section        0  stm32f10x_sdio.o(i.SDIO_DataConfig)
    i.SDIO_DeInit                            0x0800159c   Section        0  stm32f10x_sdio.o(i.SDIO_DeInit)
    i.SDIO_GetCommandResponse                0x080015c0   Section        0  stm32f10x_sdio.o(i.SDIO_GetCommandResponse)
    i.SDIO_GetFlagStatus                     0x080015cc   Section        0  stm32f10x_sdio.o(i.SDIO_GetFlagStatus)
    i.SDIO_GetPowerState                     0x080015e4   Section        0  stm32f10x_sdio.o(i.SDIO_GetPowerState)
    i.SDIO_GetResponse                       0x080015f4   Section        0  stm32f10x_sdio.o(i.SDIO_GetResponse)
    i.SDIO_ITConfig                          0x0800160c   Section        0  stm32f10x_sdio.o(i.SDIO_ITConfig)
    i.SDIO_Init                              0x0800162c   Section        0  stm32f10x_sdio.o(i.SDIO_Init)
    i.SDIO_ReadData                          0x0800165c   Section        0  stm32f10x_sdio.o(i.SDIO_ReadData)
    i.SDIO_SendCommand                       0x08001668   Section        0  stm32f10x_sdio.o(i.SDIO_SendCommand)
    i.SDIO_SetPowerState                     0x08001694   Section        0  stm32f10x_sdio.o(i.SDIO_SetPowerState)
    i.SDIO_WriteData                         0x080016b0   Section        0  stm32f10x_sdio.o(i.SDIO_WriteData)
    i.SD_EnableWideBusOperation              0x080016bc   Section        0  sdcard.o(i.SD_EnableWideBusOperation)
    i.SD_GetCardInfo                         0x08001754   Section        0  sdcard.o(i.SD_GetCardInfo)
    i.SD_Init                                0x08001a20   Section        0  sdcard.o(i.SD_Init)
    i.SD_InitializeCards                     0x08001a78   Section        0  sdcard.o(i.SD_InitializeCards)
    i.SD_PowerON                             0x08001bb8   Section        0  sdcard.o(i.SD_PowerON)
    i.SD_ReadBlock                           0x08001d50   Section        0  sdcard.o(i.SD_ReadBlock)
    i.SD_ReadMultiBlocks                     0x08001fb8   Section        0  sdcard.o(i.SD_ReadMultiBlocks)
    i.SD_SelectDeselect                      0x080022b8   Section        0  sdcard.o(i.SD_SelectDeselect)
    i.SD_SetDeviceMode                       0x080022ec   Section        0  sdcard.o(i.SD_SetDeviceMode)
    i.SD_USER_Init                           0x08002308   Section        0  diskio.o(i.SD_USER_Init)
    i.SD_WriteBlock                          0x08002350   Section        0  sdcard.o(i.SD_WriteBlock)
    i.SD_WriteMultiBlocks                    0x080026cc   Section        0  sdcard.o(i.SD_WriteMultiBlocks)
    i.SVC_Handler                            0x08002ac8   Section        0  stm32f10x_it.o(i.SVC_Handler)
    i.SetSysClock                            0x08002aca   Section        0  system_stm32f10x.o(i.SetSysClock)
    SetSysClock                              0x08002acb   Thumb Code     8  system_stm32f10x.o(i.SetSysClock)
    i.SetSysClockTo72                        0x08002ad4   Section        0  system_stm32f10x.o(i.SetSysClockTo72)
    SetSysClockTo72                          0x08002ad5   Thumb Code   214  system_stm32f10x.o(i.SetSysClockTo72)
    i.SysTick_Handler                        0x08002bb4   Section        0  stm32f10x_it.o(i.SysTick_Handler)
    i.SystemInit                             0x08002bb8   Section        0  system_stm32f10x.o(i.SystemInit)
    i.USART_Cmd                              0x08002c18   Section        0  stm32f10x_usart.o(i.USART_Cmd)
    i.USART_GetFlagStatus                    0x08002c30   Section        0  stm32f10x_usart.o(i.USART_GetFlagStatus)
    i.USART_Init                             0x08002c4c   Section        0  stm32f10x_usart.o(i.USART_Init)
    i.USART_SendData                         0x08002d24   Section        0  stm32f10x_usart.o(i.USART_SendData)
    i.UsageFault_Handler                     0x08002d2c   Section        0  stm32f10x_it.o(i.UsageFault_Handler)
    i.__0printf$1                            0x08002d30   Section        0  printf1.o(i.__0printf$1)
    i.__scatterload_copy                     0x08002d50   Section       14  handlers.o(i.__scatterload_copy)
    i.__scatterload_null                     0x08002d5e   Section        2  handlers.o(i.__scatterload_null)
    i.__scatterload_zeroinit                 0x08002d60   Section       14  handlers.o(i.__scatterload_zeroinit)
    i._printf_core                           0x08002d70   Section        0  printf1.o(i._printf_core)
    _printf_core                             0x08002d71   Thumb Code   336  printf1.o(i._printf_core)
    i.check_fs                               0x08002ec4   Section        0  ff.o(i.check_fs)
    check_fs                                 0x08002ec5   Thumb Code   138  ff.o(i.check_fs)
    i.chk_chr                                0x08002f54   Section        0  ff.o(i.chk_chr)
    chk_chr                                  0x08002f55   Thumb Code    20  ff.o(i.chk_chr)
    i.chk_mounted                            0x08002f68   Section        0  ff.o(i.chk_mounted)
    chk_mounted                              0x08002f69   Thumb Code   864  ff.o(i.chk_mounted)
    i.clust2sect                             0x080032d8   Section        0  ff.o(i.clust2sect)
    i.convert_from_bytes_to_power_of_two     0x080032f2   Section        0  sdcard.o(i.convert_from_bytes_to_power_of_two)
    convert_from_bytes_to_power_of_two       0x080032f3   Thumb Code    18  sdcard.o(i.convert_from_bytes_to_power_of_two)
    i.create_chain                           0x08003304   Section        0  ff.o(i.create_chain)
    create_chain                             0x08003305   Thumb Code   202  ff.o(i.create_chain)
    i.create_name                            0x080033d0   Section        0  ff.o(i.create_name)
    create_name                              0x080033d1   Thumb Code   262  ff.o(i.create_name)
    i.delay_init                             0x080034e8   Section        0  delay_time.o(i.delay_init)
    i.delay_ms                               0x08003528   Section        0  delay_time.o(i.delay_ms)
    i.dir_find                               0x08003564   Section        0  ff.o(i.dir_find)
    dir_find                                 0x08003565   Thumb Code    92  ff.o(i.dir_find)
    i.dir_next                               0x080035c0   Section        0  ff.o(i.dir_next)
    dir_next                                 0x080035c1   Thumb Code   278  ff.o(i.dir_next)
    i.dir_register                           0x080036d6   Section        0  ff.o(i.dir_register)
    dir_register                             0x080036d7   Thumb Code   110  ff.o(i.dir_register)
    i.dir_sdi                                0x08003744   Section        0  ff.o(i.dir_sdi)
    dir_sdi                                  0x08003745   Thumb Code   156  ff.o(i.dir_sdi)
    i.disk_initialize                        0x080037e0   Section        0  diskio.o(i.disk_initialize)
    i.disk_ioctl                             0x0800380e   Section        0  diskio.o(i.disk_ioctl)
    i.disk_read                              0x08003814   Section        0  diskio.o(i.disk_read)
    i.disk_status                            0x08003844   Section        0  diskio.o(i.disk_status)
    i.disk_write                             0x08003866   Section        0  diskio.o(i.disk_write)
    i.f_close                                0x08003896   Section        0  ff.o(i.f_close)
    i.f_lseek                                0x080038ac   Section        0  ff.o(i.f_lseek)
    i.f_mount                                0x08003a5c   Section        0  ff.o(i.f_mount)
    i.f_open                                 0x08003a88   Section        0  ff.o(i.f_open)
    i.f_printf                               0x08003bf4   Section        0  ff.o(i.f_printf)
    i.f_putc                                 0x08003ea2   Section        0  ff.o(i.f_putc)
    i.f_puts                                 0x08003ec8   Section        0  ff.o(i.f_puts)
    i.f_sync                                 0x08003ef2   Section        0  ff.o(i.f_sync)
    i.f_write                                0x08003faa   Section        0  ff.o(i.f_write)
    i.follow_path                            0x080041b8   Section        0  ff.o(i.follow_path)
    follow_path                              0x080041b9   Thumb Code   158  ff.o(i.follow_path)
    i.fputc                                  0x08004258   Section        0  main.o(i.fputc)
    i.get_fat                                0x0800427c   Section        0  ff.o(i.get_fat)
    i.get_fattime                            0x08004360   Section        0  diskio.o(i.get_fattime)
    i.main                                   0x08004364   Section        0  main.o(i.main)
    i.main_init                              0x08004484   Section        0  main.o(i.main_init)
    i.mem_cmp                                0x080044b0   Section        0  ff.o(i.mem_cmp)
    mem_cmp                                  0x080044b1   Thumb Code    38  ff.o(i.mem_cmp)
    i.mem_cpy                                0x080044d6   Section        0  ff.o(i.mem_cpy)
    mem_cpy                                  0x080044d7   Thumb Code    26  ff.o(i.mem_cpy)
    i.mem_set                                0x080044f0   Section        0  ff.o(i.mem_set)
    mem_set                                  0x080044f1   Thumb Code    20  ff.o(i.mem_set)
    i.move_window                            0x08004504   Section        0  ff.o(i.move_window)
    move_window                              0x08004505   Thumb Code   114  ff.o(i.move_window)
    i.n2_carry                               0x08004578   Section        0  output_config.o(i.n2_carry)
    i.output_gpio_bit                        0x08004594   Section        0  output_config.o(i.output_gpio_bit)
    i.put_fat                                0x08004610   Section        0  ff.o(i.put_fat)
    i.record_data                            0x08004748   Section        0  record_data.o(i.record_data)
    i.remove_chain                           0x080047a4   Section        0  ff.o(i.remove_chain)
    remove_chain                             0x080047a5   Thumb Code   104  ff.o(i.remove_chain)
    i.sample_inject                          0x0800480c   Section        0  output_config.o(i.sample_inject)
    i.sync                                   0x08004888   Section        0  ff.o(i.sync)
    sync                                     0x08004889   Thumb Code   202  ff.o(i.sync)
    i.temprature_control                     0x08004954   Section        0  temprature_control.o(i.temprature_control)
    i.validate                               0x080049b0   Section        0  ff.o(i.validate)
    validate                                 0x080049b1   Thumb Code    42  ff.o(i.validate)
    .data                                    0x20000000   Section       22  main.o(.data)
    .data                                    0x20000016   Section        4  delay_time.o(.data)
    fac_us                                   0x20000016   Data           1  delay_time.o(.data)
    fac_ms                                   0x20000018   Data           2  delay_time.o(.data)
    .data                                    0x2000001c   Section       40  sdcard.o(.data)
    CardType                                 0x2000001c   Data           4  sdcard.o(.data)
    RCA                                      0x20000020   Data           4  sdcard.o(.data)
    DeviceMode                               0x20000024   Data           4  sdcard.o(.data)
    TotalNumberOfBytes                       0x20000028   Data           4  sdcard.o(.data)
    StopCondition                            0x2000002c   Data           4  sdcard.o(.data)
    .data                                    0x20000044   Section       20  stm32f10x_rcc.o(.data)
    APBAHBPrescTable                         0x20000044   Data          16  stm32f10x_rcc.o(.data)
    ADCPrescTable                            0x20000054   Data           4  stm32f10x_rcc.o(.data)
    .data                                    0x20000058   Section        6  ff.o(.data)
    FatFs                                    0x20000058   Data           4  ff.o(.data)
    Fsid                                     0x2000005c   Data           2  ff.o(.data)
    .data                                    0x20000060   Section        4  stdout.o(.data)
    .bss                                     0x20000064   Section     5204  main.o(.bss)
    .bss                                     0x200014b8   Section       80  adc_dma_config.o(.bss)
    .bss                                     0x20001508   Section      100  sdcard.o(.bss)
    CSD_Tab                                  0x20001508   Data          16  sdcard.o(.bss)
    CID_Tab                                  0x20001518   Data          16  sdcard.o(.bss)
    .bss                                     0x2000156c   Section       80  diskio.o(.bss)
    STACK                                    0x200015c0   Section     1024  startup_stm32f10x_hd.o(STACK)

    Global Symbols

    Symbol Name                              Value     Ov Type        Size  Object(Section)

    BuildAttributes$$THM_ISAv4$P$D$K$B$S$PE$A:L22UL41UL21$X:L11$S22US41US21$IEEE1$IW$USESV6$~STKCKD$USESV7$~SHL$OSPACE$ROPI$EBA8$MICROLIB$REQ8$PRES8$EABIv2 0x00000000   Number         0  anon$$obj.o ABSOLUTE
    __ARM_use_no_argv                        0x00000000   Number         0  main.o ABSOLUTE
    _printf_a                                0x00000000   Number         0  stubs.o ABSOLUTE
    _printf_c                                0x00000000   Number         0  stubs.o ABSOLUTE
    _printf_charcount                        0x00000000   Number         0  stubs.o ABSOLUTE
    _printf_d                                0x00000000   Number         0  stubs.o ABSOLUTE
    _printf_e                                0x00000000   Number         0  stubs.o ABSOLUTE
    _printf_f                                0x00000000   Number         0  stubs.o ABSOLUTE
    _printf_flags                            0x00000000   Number         0  stubs.o ABSOLUTE
    _printf_fp_dec                           0x00000000   Number         0  stubs.o ABSOLUTE
    _printf_fp_hex                           0x00000000   Number         0  stubs.o ABSOLUTE
    _printf_g                                0x00000000   Number         0  stubs.o ABSOLUTE
    _printf_i                                0x00000000   Number         0  stubs.o ABSOLUTE
    _printf_int_dec                          0x00000000   Number         0  stubs.o ABSOLUTE
    _printf_l                                0x00000000   Number         0  stubs.o ABSOLUTE
    _printf_lc                               0x00000000   Number         0  stubs.o ABSOLUTE
    _printf_ll                               0x00000000   Number         0  stubs.o ABSOLUTE
    _printf_lld                              0x00000000   Number         0  stubs.o ABSOLUTE
    _printf_lli                              0x00000000   Number         0  stubs.o ABSOLUTE
    _printf_llo                              0x00000000   Number         0  stubs.o ABSOLUTE
    _printf_llu                              0x00000000   Number         0  stubs.o ABSOLUTE
    _printf_llx                              0x00000000   Number         0  stubs.o ABSOLUTE
    _printf_longlong_dec                     0x00000000   Number         0  stubs.o ABSOLUTE
    _printf_longlong_hex                     0x00000000   Number         0  stubs.o ABSOLUTE
    _printf_longlong_oct                     0x00000000   Number         0  stubs.o ABSOLUTE
    _printf_ls                               0x00000000   Number         0  stubs.o ABSOLUTE
    _printf_mbtowc                           0x00000000   Number         0  stubs.o ABSOLUTE
    _printf_n                                0x00000000   Number         0  stubs.o ABSOLUTE
    _printf_o                                0x00000000   Number         0  stubs.o ABSOLUTE
    _printf_p                                0x00000000   Number         0  stubs.o ABSOLUTE
    _printf_percent                          0x00000000   Number         0  stubs.o ABSOLUTE
    _printf_pre_padding                      0x00000000   Number         0  stubs.o ABSOLUTE
    _printf_return_value                     0x00000000   Number         0  stubs.o ABSOLUTE
    _printf_s                                0x00000000   Number         0  stubs.o ABSOLUTE
    _printf_sizespec                         0x00000000   Number         0  stubs.o ABSOLUTE
    _printf_str                              0x00000000   Number         0  stubs.o ABSOLUTE
    _printf_truncate_signed                  0x00000000   Number         0  stubs.o ABSOLUTE
    _printf_truncate_unsigned                0x00000000   Number         0  stubs.o ABSOLUTE
    _printf_u                                0x00000000   Number         0  stubs.o ABSOLUTE
    _printf_wc                               0x00000000   Number         0  stubs.o ABSOLUTE
    _printf_wctomb                           0x00000000   Number         0  stubs.o ABSOLUTE
    _printf_widthprec                        0x00000000   Number         0  stubs.o ABSOLUTE
    _printf_x                                0x00000000   Number         0  stubs.o ABSOLUTE
    __cpp_initialize__aeabi_                  - Undefined Weak Reference
    __cxa_finalize                            - Undefined Weak Reference
    __decompress                              - Undefined Weak Reference
    _clock_init                               - Undefined Weak Reference
    _microlib_exit                            - Undefined Weak Reference
    __Vectors_Size                           0x00000130   Number         0  startup_stm32f10x_hd.o ABSOLUTE
    __Vectors                                0x08000000   Data           4  startup_stm32f10x_hd.o(RESET)
    __Vectors_End                            0x08000130   Data           0  startup_stm32f10x_hd.o(RESET)
    __main                                   0x08000131   Thumb Code     0  entry.o(.ARM.Collect$$$$00000000)
    _main_stk                                0x08000131   Thumb Code     0  entry2.o(.ARM.Collect$$$$00000001)
    _main_scatterload                        0x08000135   Thumb Code     0  entry5.o(.ARM.Collect$$$$00000004)
    __main_after_scatterload                 0x08000139   Thumb Code     0  entry5.o(.ARM.Collect$$$$00000004)
    _main_clock                              0x08000139   Thumb Code     0  entry7b.o(.ARM.Collect$$$$00000008)
    _main_cpp_init                           0x08000139   Thumb Code     0  entry8b.o(.ARM.Collect$$$$0000000A)
    _main_init                               0x08000139   Thumb Code     0  entry9a.o(.ARM.Collect$$$$0000000B)
    __rt_final_cpp                           0x08000141   Thumb Code     0  entry10a.o(.ARM.Collect$$$$0000000D)
    __rt_final_exit                          0x08000141   Thumb Code     0  entry11a.o(.ARM.Collect$$$$0000000F)
    Reset_Handler                            0x08000145   Thumb Code     8  startup_stm32f10x_hd.o(.text)
    ADC1_2_IRQHandler                        0x0800015f   Thumb Code     0  startup_stm32f10x_hd.o(.text)
    ADC3_IRQHandler                          0x0800015f   Thumb Code     0  startup_stm32f10x_hd.o(.text)
    CAN1_RX1_IRQHandler                      0x0800015f   Thumb Code     0  startup_stm32f10x_hd.o(.text)
    CAN1_SCE_IRQHandler                      0x0800015f   Thumb Code     0  startup_stm32f10x_hd.o(.text)
    DMA1_Channel1_IRQHandler                 0x0800015f   Thumb Code     0  startup_stm32f10x_hd.o(.text)
    DMA1_Channel2_IRQHandler                 0x0800015f   Thumb Code     0  startup_stm32f10x_hd.o(.text)
    DMA1_Channel3_IRQHandler                 0x0800015f   Thumb Code     0  startup_stm32f10x_hd.o(.text)
    DMA1_Channel4_IRQHandler                 0x0800015f   Thumb Code     0  startup_stm32f10x_hd.o(.text)
    DMA1_Channel5_IRQHandler                 0x0800015f   Thumb Code     0  startup_stm32f10x_hd.o(.text)
    DMA1_Channel6_IRQHandler                 0x0800015f   Thumb Code     0  startup_stm32f10x_hd.o(.text)
    DMA1_Channel7_IRQHandler                 0x0800015f   Thumb Code     0  startup_stm32f10x_hd.o(.text)
    DMA2_Channel1_IRQHandler                 0x0800015f   Thumb Code     0  startup_stm32f10x_hd.o(.text)
    DMA2_Channel2_IRQHandler                 0x0800015f   Thumb Code     0  startup_stm32f10x_hd.o(.text)
    DMA2_Channel3_IRQHandler                 0x0800015f   Thumb Code     0  startup_stm32f10x_hd.o(.text)
    DMA2_Channel4_5_IRQHandler               0x0800015f   Thumb Code     0  startup_stm32f10x_hd.o(.text)
    EXTI15_10_IRQHandler                     0x0800015f   Thumb Code     0  startup_stm32f10x_hd.o(.text)
    EXTI1_IRQHandler                         0x0800015f   Thumb Code     0  startup_stm32f10x_hd.o(.text)
    EXTI2_IRQHandler                         0x0800015f   Thumb Code     0  startup_stm32f10x_hd.o(.text)
    EXTI3_IRQHandler                         0x0800015f   Thumb Code     0  startup_stm32f10x_hd.o(.text)
    EXTI4_IRQHandler                         0x0800015f   Thumb Code     0  startup_stm32f10x_hd.o(.text)
    EXTI9_5_IRQHandler                       0x0800015f   Thumb Code     0  startup_stm32f10x_hd.o(.text)
    FLASH_IRQHandler                         0x0800015f   Thumb Code     0  startup_stm32f10x_hd.o(.text)
    FSMC_IRQHandler                          0x0800015f   Thumb Code     0  startup_stm32f10x_hd.o(.text)
    I2C1_ER_IRQHandler                       0x0800015f   Thumb Code     0  startup_stm32f10x_hd.o(.text)
    I2C1_EV_IRQHandler                       0x0800015f   Thumb Code     0  startup_stm32f10x_hd.o(.text)
    I2C2_ER_IRQHandler                       0x0800015f   Thumb Code     0  startup_stm32f10x_hd.o(.text)
    I2C2_EV_IRQHandler                       0x0800015f   Thumb Code     0  startup_stm32f10x_hd.o(.text)
    PVD_IRQHandler                           0x0800015f   Thumb Code     0  startup_stm32f10x_hd.o(.text)
    RCC_IRQHandler                           0x0800015f   Thumb Code     0  startup_stm32f10x_hd.o(.text)
    RTCAlarm_IRQHandler                      0x0800015f   Thumb Code     0  startup_stm32f10x_hd.o(.text)
    RTC_IRQHandler                           0x0800015f   Thumb Code     0  startup_stm32f10x_hd.o(.text)
    SDIO_IRQHandler                          0x0800015f   Thumb Code     0  startup_stm32f10x_hd.o(.text)
    SPI1_IRQHandler                          0x0800015f   Thumb Code     0  startup_stm32f10x_hd.o(.text)
    SPI2_IRQHandler                          0x0800015f   Thumb Code     0  startup_stm32f10x_hd.o(.text)
    SPI3_IRQHandler                          0x0800015f   Thumb Code     0  startup_stm32f10x_hd.o(.text)
    TAMPER_IRQHandler                        0x0800015f   Thumb Code     0  startup_stm32f10x_hd.o(.text)
    TIM1_BRK_IRQHandler                      0x0800015f   Thumb Code     0  startup_stm32f10x_hd.o(.text)
    TIM1_CC_IRQHandler                       0x0800015f   Thumb Code     0  startup_stm32f10x_hd.o(.text)
    TIM1_TRG_COM_IRQHandler                  0x0800015f   Thumb Code     0  startup_stm32f10x_hd.o(.text)
    TIM1_UP_IRQHandler                       0x0800015f   Thumb Code     0  startup_stm32f10x_hd.o(.text)
    TIM2_IRQHandler                          0x0800015f   Thumb Code     0  startup_stm32f10x_hd.o(.text)
    TIM3_IRQHandler                          0x0800015f   Thumb Code     0  startup_stm32f10x_hd.o(.text)
    TIM4_IRQHandler                          0x0800015f   Thumb Code     0  startup_stm32f10x_hd.o(.text)
    TIM5_IRQHandler                          0x0800015f   Thumb Code     0  startup_stm32f10x_hd.o(.text)
    TIM6_IRQHandler                          0x0800015f   Thumb Code     0  startup_stm32f10x_hd.o(.text)
    TIM7_IRQHandler                          0x0800015f   Thumb Code     0  startup_stm32f10x_hd.o(.text)
    TIM8_BRK_IRQHandler                      0x0800015f   Thumb Code     0  startup_stm32f10x_hd.o(.text)
    TIM8_CC_IRQHandler                       0x0800015f   Thumb Code     0  startup_stm32f10x_hd.o(.text)
    TIM8_TRG_COM_IRQHandler                  0x0800015f   Thumb Code     0  startup_stm32f10x_hd.o(.text)
    TIM8_UP_IRQHandler                       0x0800015f   Thumb Code     0  startup_stm32f10x_hd.o(.text)
    UART4_IRQHandler                         0x0800015f   Thumb Code     0  startup_stm32f10x_hd.o(.text)
    UART5_IRQHandler                         0x0800015f   Thumb Code     0  startup_stm32f10x_hd.o(.text)
    USART1_IRQHandler                        0x0800015f   Thumb Code     0  startup_stm32f10x_hd.o(.text)
    USART2_IRQHandler                        0x0800015f   Thumb Code     0  startup_stm32f10x_hd.o(.text)
    USART3_IRQHandler                        0x0800015f   Thumb Code     0  startup_stm32f10x_hd.o(.text)
    USBWakeUp_IRQHandler                     0x0800015f   Thumb Code     0  startup_stm32f10x_hd.o(.text)
    USB_HP_CAN1_TX_IRQHandler                0x0800015f   Thumb Code     0  startup_stm32f10x_hd.o(.text)
    USB_LP_CAN1_RX0_IRQHandler               0x0800015f   Thumb Code     0  startup_stm32f10x_hd.o(.text)
    WWDG_IRQHandler                          0x0800015f   Thumb Code     0  startup_stm32f10x_hd.o(.text)
    __aeabi_uidiv                            0x08000169   Thumb Code     0  uidiv.o(.text)
    __aeabi_uidivmod                         0x08000169   Thumb Code    44  uidiv.o(.text)
    __scatterload                            0x08000195   Thumb Code    28  init.o(.text)
    __scatterload_rt2                        0x08000195   Thumb Code     0  init.o(.text)
    ADC_Cmd                                  0x080001b9   Thumb Code    22  stm32f10x_adc.o(i.ADC_Cmd)
    ADC_DMACmd                               0x080001cf   Thumb Code    22  stm32f10x_adc.o(i.ADC_DMACmd)
    ADC_GPIO_Configuration                   0x080001e5   Thumb Code   230  adc_dma_config.o(i.ADC_GPIO_Configuration)
    ADC_GetCalibrationStatus                 0x080002e5   Thumb Code    20  stm32f10x_adc.o(i.ADC_GetCalibrationStatus)
    ADC_GetResetCalibrationStatus            0x080002f9   Thumb Code    20  stm32f10x_adc.o(i.ADC_GetResetCalibrationStatus)
    ADC_Init                                 0x0800030d   Thumb Code    70  stm32f10x_adc.o(i.ADC_Init)
    ADC_RegularChannelConfig                 0x0800035d   Thumb Code   184  stm32f10x_adc.o(i.ADC_RegularChannelConfig)
    ADC_ResetCalibration                     0x08000415   Thumb Code    10  stm32f10x_adc.o(i.ADC_ResetCalibration)
    ADC_SoftwareStartConvCmd                 0x0800041f   Thumb Code    22  stm32f10x_adc.o(i.ADC_SoftwareStartConvCmd)
    ADC_StartCalibration                     0x08000435   Thumb Code    10  stm32f10x_adc.o(i.ADC_StartCalibration)
    BusFault_Handler                         0x0800043f   Thumb Code     4  stm32f10x_it.o(i.BusFault_Handler)
    COM_init                                 0x08000445   Thumb Code   104  adc_dma_config.o(i.COM_init)
    DMA_ClearFlag                            0x08000785   Thumb Code    18  stm32f10x_dma.o(i.DMA_ClearFlag)
    DMA_Cmd                                  0x080007a1   Thumb Code    24  stm32f10x_dma.o(i.DMA_Cmd)
    DMA_DeInit                               0x080007b9   Thumb Code   324  stm32f10x_dma.o(i.DMA_DeInit)
    DMA_GetFlagStatus                        0x08000905   Thumb Code    36  stm32f10x_dma.o(i.DMA_GetFlagStatus)
    DMA_Init                                 0x08000931   Thumb Code    60  stm32f10x_dma.o(i.DMA_Init)
    DebugMon_Handler                         0x08000a35   Thumb Code     2  stm32f10x_it.o(i.DebugMon_Handler)
    EXTI0_IRQHandler                         0x08000a39   Thumb Code    28  stm32f10x_it.o(i.EXTI0_IRQHandler)
    EXTI_ClearITPendingBit                   0x08000a69   Thumb Code     6  stm32f10x_exti.o(i.EXTI_ClearITPendingBit)
    EXTI_GetITStatus                         0x08000a75   Thumb Code    34  stm32f10x_exti.o(i.EXTI_GetITStatus)
    EXTI_Init                                0x08000a9d   Thumb Code   142  stm32f10x_exti.o(i.EXTI_Init)
    EXTI_PA0_Config                          0x08000b31   Thumb Code    72  nvic_config.o(i.EXTI_PA0_Config)
    GPIO_EXTILineConfig                      0x08000d59   Thumb Code    60  stm32f10x_gpio.o(i.GPIO_EXTILineConfig)
    GPIO_Init                                0x08000d99   Thumb Code   278  stm32f10x_gpio.o(i.GPIO_Init)
    GPIO_ReadInputDataBit                    0x08000eaf   Thumb Code    18  stm32f10x_gpio.o(i.GPIO_ReadInputDataBit)
    GPIO_ResetBits                           0x08000ec1   Thumb Code     4  stm32f10x_gpio.o(i.GPIO_ResetBits)
    GPIO_SetBits                             0x08000ec5   Thumb Code     4  stm32f10x_gpio.o(i.GPIO_SetBits)
    GPIO_config                              0x08000ec9   Thumb Code   230  gpio_config.o(i.GPIO_config)
    HardFault_Handler                        0x08000fc1   Thumb Code     4  stm32f10x_it.o(i.HardFault_Handler)
    Led_OFF                                  0x08001161   Thumb Code    78  output_config.o(i.Led_OFF)
    Led_light                                0x080011b5   Thumb Code    78  output_config.o(i.Led_light)
    MemManage_Handler                        0x08001209   Thumb Code     4  stm32f10x_it.o(i.MemManage_Handler)
    NMI_Handler                              0x0800120d   Thumb Code     2  stm32f10x_it.o(i.NMI_Handler)
    NVIC_Configuration                       0x0800120f   Thumb Code    40  nvic_config.o(i.NVIC_Configuration)
    NVIC_Init                                0x08001239   Thumb Code   100  misc.o(i.NVIC_Init)
    NVIC_PriorityGroupConfig                 0x080012a9   Thumb Code    10  misc.o(i.NVIC_PriorityGroupConfig)
    PendSV_Handler                           0x080012bd   Thumb Code     2  stm32f10x_it.o(i.PendSV_Handler)
    RCC_AHBPeriphClockCmd                    0x080012c1   Thumb Code    26  stm32f10x_rcc.o(i.RCC_AHBPeriphClockCmd)
    RCC_APB2PeriphClockCmd                   0x080012e1   Thumb Code    26  stm32f10x_rcc.o(i.RCC_APB2PeriphClockCmd)
    RCC_GetClocksFreq                        0x08001301   Thumb Code   192  stm32f10x_rcc.o(i.RCC_GetClocksFreq)
    ReadKeyDown                              0x080013d5   Thumb Code    66  main.o(i.ReadKeyDown)
    SDIO_ClearFlag                           0x08001549   Thumb Code     6  stm32f10x_sdio.o(i.SDIO_ClearFlag)
    SDIO_ClockCmd                            0x08001555   Thumb Code     6  stm32f10x_sdio.o(i.SDIO_ClockCmd)
    SDIO_DMACmd                              0x08001561   Thumb Code     6  stm32f10x_sdio.o(i.SDIO_DMACmd)
    SDIO_DataConfig                          0x0800156d   Thumb Code    42  stm32f10x_sdio.o(i.SDIO_DataConfig)
    SDIO_DeInit                              0x0800159d   Thumb Code    28  stm32f10x_sdio.o(i.SDIO_DeInit)
    SDIO_GetCommandResponse                  0x080015c1   Thumb Code     8  stm32f10x_sdio.o(i.SDIO_GetCommandResponse)
    SDIO_GetFlagStatus                       0x080015cd   Thumb Code    20  stm32f10x_sdio.o(i.SDIO_GetFlagStatus)
    SDIO_GetPowerState                       0x080015e5   Thumb Code    10  stm32f10x_sdio.o(i.SDIO_GetPowerState)
    SDIO_GetResponse                         0x080015f5   Thumb Code    20  stm32f10x_sdio.o(i.SDIO_GetResponse)
    SDIO_ITConfig                            0x0800160d   Thumb Code    26  stm32f10x_sdio.o(i.SDIO_ITConfig)
    SDIO_Init                                0x0800162d   Thumb Code    42  stm32f10x_sdio.o(i.SDIO_Init)
    SDIO_ReadData                            0x0800165d   Thumb Code     6  stm32f10x_sdio.o(i.SDIO_ReadData)
    SDIO_SendCommand                         0x08001669   Thumb Code    38  stm32f10x_sdio.o(i.SDIO_SendCommand)
    SDIO_SetPowerState                       0x08001695   Thumb Code    22  stm32f10x_sdio.o(i.SDIO_SetPowerState)
    SDIO_WriteData                           0x080016b1   Thumb Code     6  stm32f10x_sdio.o(i.SDIO_WriteData)
    SD_EnableWideBusOperation                0x080016bd   Thumb Code   144  sdcard.o(i.SD_EnableWideBusOperation)
    SD_GetCardInfo                           0x08001755   Thumb Code   700  sdcard.o(i.SD_GetCardInfo)
    SD_Init                                  0x08001a21   Thumb Code    84  sdcard.o(i.SD_Init)
    SD_InitializeCards                       0x08001a79   Thumb Code   300  sdcard.o(i.SD_InitializeCards)
    SD_PowerON                               0x08001bb9   Thumb Code   390  sdcard.o(i.SD_PowerON)
    SD_ReadBlock                             0x08001d51   Thumb Code   568  sdcard.o(i.SD_ReadBlock)
    SD_ReadMultiBlocks                       0x08001fb9   Thumb Code   718  sdcard.o(i.SD_ReadMultiBlocks)
    SD_SelectDeselect                        0x080022b9   Thumb Code    48  sdcard.o(i.SD_SelectDeselect)
    SD_SetDeviceMode                         0x080022ed   Thumb Code    24  sdcard.o(i.SD_SetDeviceMode)
    SD_USER_Init                             0x08002309   Thumb Code    68  diskio.o(i.SD_USER_Init)
    SD_WriteBlock                            0x08002351   Thumb Code   838  sdcard.o(i.SD_WriteBlock)
    SD_WriteMultiBlocks                      0x080026cd   Thumb Code   968  sdcard.o(i.SD_WriteMultiBlocks)
    SVC_Handler                              0x08002ac9   Thumb Code     2  stm32f10x_it.o(i.SVC_Handler)
    SysTick_Handler                          0x08002bb5   Thumb Code     2  stm32f10x_it.o(i.SysTick_Handler)
    SystemInit                               0x08002bb9   Thumb Code    78  system_stm32f10x.o(i.SystemInit)
    USART_Cmd                                0x08002c19   Thumb Code    24  stm32f10x_usart.o(i.USART_Cmd)
    USART_GetFlagStatus                      0x08002c31   Thumb Code    26  stm32f10x_usart.o(i.USART_GetFlagStatus)
    USART_Init                               0x08002c4d   Thumb Code   210  stm32f10x_usart.o(i.USART_Init)
    USART_SendData                           0x08002d25   Thumb Code     8  stm32f10x_usart.o(i.USART_SendData)
    UsageFault_Handler                       0x08002d2d   Thumb Code     4  stm32f10x_it.o(i.UsageFault_Handler)
    __0printf$1                              0x08002d31   Thumb Code    22  printf1.o(i.__0printf$1)
    __1printf$1                              0x08002d31   Thumb Code     0  printf1.o(i.__0printf$1)
    __2printf                                0x08002d31   Thumb Code     0  printf1.o(i.__0printf$1)
    __scatterload_copy                       0x08002d51   Thumb Code    14  handlers.o(i.__scatterload_copy)
    __scatterload_null                       0x08002d5f   Thumb Code     2  handlers.o(i.__scatterload_null)
    __scatterload_zeroinit                   0x08002d61   Thumb Code    14  handlers.o(i.__scatterload_zeroinit)
    clust2sect                               0x080032d9   Thumb Code    26  ff.o(i.clust2sect)
    delay_init                               0x080034e9   Thumb Code    56  delay_time.o(i.delay_init)
    delay_ms                                 0x08003529   Thumb Code    56  delay_time.o(i.delay_ms)
    disk_initialize                          0x080037e1   Thumb Code    46  diskio.o(i.disk_initialize)
    disk_ioctl                               0x0800380f   Thumb Code     6  diskio.o(i.disk_ioctl)
    disk_read                                0x08003815   Thumb Code    48  diskio.o(i.disk_read)
    disk_status                              0x08003845   Thumb Code    34  diskio.o(i.disk_status)
    disk_write                               0x08003867   Thumb Code    48  diskio.o(i.disk_write)
    f_close                                  0x08003897   Thumb Code    22  ff.o(i.f_close)
    f_lseek                                  0x080038ad   Thumb Code   432  ff.o(i.f_lseek)
    f_mount                                  0x08003a5d   Thumb Code    38  ff.o(i.f_mount)
    f_open                                   0x08003a89   Thumb Code   364  ff.o(i.f_open)
    f_printf                                 0x08003bf5   Thumb Code   686  ff.o(i.f_printf)
    f_putc                                   0x08003ea3   Thumb Code    38  ff.o(i.f_putc)
    f_puts                                   0x08003ec9   Thumb Code    42  ff.o(i.f_puts)
    f_sync                                   0x08003ef3   Thumb Code   184  ff.o(i.f_sync)
    f_write                                  0x08003fab   Thumb Code   526  ff.o(i.f_write)
    fputc                                    0x08004259   Thumb Code    32  main.o(i.fputc)
    get_fat                                  0x0800427d   Thumb Code   228  ff.o(i.get_fat)
    get_fattime                              0x08004361   Thumb Code     4  diskio.o(i.get_fattime)
    main                                     0x08004365   Thumb Code   182  main.o(i.main)
    main_init                                0x08004485   Thumb Code    40  main.o(i.main_init)
    n2_carry                                 0x08004579   Thumb Code    24  output_config.o(i.n2_carry)
    output_gpio_bit                          0x08004595   Thumb Code   118  output_config.o(i.output_gpio_bit)
    put_fat                                  0x08004611   Thumb Code   310  ff.o(i.put_fat)
    record_data                              0x08004749   Thumb Code    62  record_data.o(i.record_data)
    sample_inject                            0x0800480d   Thumb Code   108  output_config.o(i.sample_inject)
    temprature_control                       0x08004955   Thumb Code    88  temprature_control.o(i.temprature_control)
    Region$$Table$$Base                      0x080049dc   Number         0  anon$$obj.o(Region$$Table)
    Region$$Table$$Limit                     0x080049fc   Number         0  anon$$obj.o(Region$$Table)
    States                                   0x20000000   Data           1  main.o(.data)
    res                                      0x20000001   Data           1  main.o(.data)
    br                                       0x20000004   Data           4  main.o(.data)
    ADCConvertedValueLocal                   0x20000008   Data           2  main.o(.data)
    Precent                                  0x2000000a   Data           2  main.o(.data)
    percent                                  0x2000000c   Data           2  main.o(.data)
    nn                                       0x2000000e   Data           2  main.o(.data)
    record_flag                              0x20000010   Data           2  main.o(.data)
    carry_flag                               0x20000012   Data           2  main.o(.data)
    inject_flag                              0x20000014   Data           2  main.o(.data)
    SrcBuffer                                0x20000030   Data           4  sdcard.o(.data)
    DestBuffer                               0x20000034   Data           4  sdcard.o(.data)
    TransferError                            0x20000038   Data           1  sdcard.o(.data)
    TransferEnd                              0x2000003c   Data           4  sdcard.o(.data)
    NumberOfBytes                            0x20000040   Data           4  sdcard.o(.data)
    __stdout                                 0x20000060   Data           4  stdout.o(.data)
    fs                                       0x20000064   Data         560  main.o(.bss)
    file                                     0x20000294   Data         548  main.o(.bss)
    buffer                                   0x200004b8   Data        4096  main.o(.bss)
    ADC_InitStructure                        0x200014b8   Data          20  adc_dma_config.o(.bss)
    DMA_InitStructure                        0x200014cc   Data          44  adc_dma_config.o(.bss)
    USART_InitStructure                      0x200014f8   Data          16  adc_dma_config.o(.bss)
    SDIO_InitStructure                       0x20001528   Data          24  sdcard.o(.bss)
    SDIO_CmdInitStructure                    0x20001540   Data          20  sdcard.o(.bss)
    SDIO_DataInitStructure                   0x20001554   Data          24  sdcard.o(.bss)
    SDCardInfo                               0x2000156c   Data          80  diskio.o(.bss)
    __initial_sp                             0x200019c0   Data           0  startup_stm32f10x_hd.o(STACK)



==============================================================================

Memory Map of the image

  Image Entry point : 0x08000131

  Load Region LR_IROM1 (Base: 0x08000000, Size: 0x00004a60, Max: 0x00080000, ABSOLUTE)

    Execution Region ER_IROM1 (Base: 0x08000000, Size: 0x000049fc, Max: 0x00080000, ABSOLUTE)

    Base Addr    Size         Type   Attr      Idx    E Section Name        Object

    0x08000000   0x00000130   Data   RO         3622    RESET               startup_stm32f10x_hd.o
    0x08000130   0x00000000   Code   RO         3992  * .ARM.Collect$$$$00000000  mc_w.l(entry.o)
    0x08000130   0x00000004   Code   RO         4256    .ARM.Collect$$$$00000001  mc_w.l(entry2.o)
    0x08000134   0x00000004   Code   RO         4259    .ARM.Collect$$$$00000004  mc_w.l(entry5.o)
    0x08000138   0x00000000   Code   RO         4261    .ARM.Collect$$$$00000008  mc_w.l(entry7b.o)
    0x08000138   0x00000000   Code   RO         4263    .ARM.Collect$$$$0000000A  mc_w.l(entry8b.o)
    0x08000138   0x00000008   Code   RO         4264    .ARM.Collect$$$$0000000B  mc_w.l(entry9a.o)
    0x08000140   0x00000000   Code   RO         4266    .ARM.Collect$$$$0000000D  mc_w.l(entry10a.o)
    0x08000140   0x00000000   Code   RO         4268    .ARM.Collect$$$$0000000F  mc_w.l(entry11a.o)
    0x08000140   0x00000004   Code   RO         4257    .ARM.Collect$$$$00002712  mc_w.l(entry2.o)
    0x08000144   0x00000024   Code   RO         3623    .text               startup_stm32f10x_hd.o
    0x08000168   0x0000002c   Code   RO         4271    .text               mc_w.l(uidiv.o)
    0x08000194   0x00000024   Code   RO         4286    .text               mc_w.l(init.o)
    0x080001b8   0x00000016   Code   RO          695    i.ADC_Cmd           stm32f10x_adc.o
    0x080001ce   0x00000016   Code   RO          696    i.ADC_DMACmd        stm32f10x_adc.o
    0x080001e4   0x00000100   Code   RO          366    i.ADC_GPIO_Configuration  adc_dma_config.o
    0x080002e4   0x00000014   Code   RO          703    i.ADC_GetCalibrationStatus  stm32f10x_adc.o
    0x080002f8   0x00000014   Code   RO          709    i.ADC_GetResetCalibrationStatus  stm32f10x_adc.o
    0x0800030c   0x00000050   Code   RO          713    i.ADC_Init          stm32f10x_adc.o
    0x0800035c   0x000000b8   Code   RO          717    i.ADC_RegularChannelConfig  stm32f10x_adc.o
    0x08000414   0x0000000a   Code   RO          718    i.ADC_ResetCalibration  stm32f10x_adc.o
    0x0800041e   0x00000016   Code   RO          720    i.ADC_SoftwareStartConvCmd  stm32f10x_adc.o
    0x08000434   0x0000000a   Code   RO          722    i.ADC_StartCalibration  stm32f10x_adc.o
    0x0800043e   0x00000004   Code   RO          142    i.BusFault_Handler  stm32f10x_it.o
    0x08000442   0x00000002   PAD
    0x08000444   0x00000074   Code   RO          367    i.COM_init          adc_dma_config.o
    0x080004b8   0x0000002c   Code   RO          421    i.CmdError          sdcard.o
    0x080004e4   0x00000134   Code   RO          422    i.CmdResp1Error     sdcard.o
    0x08000618   0x0000004c   Code   RO          423    i.CmdResp2Error     sdcard.o
    0x08000664   0x00000038   Code   RO          424    i.CmdResp3Error     sdcard.o
    0x0800069c   0x0000009c   Code   RO          425    i.CmdResp6Error     sdcard.o
    0x08000738   0x0000004c   Code   RO          426    i.CmdResp7Error     sdcard.o
    0x08000784   0x0000001c   Code   RO         1378    i.DMA_ClearFlag     stm32f10x_dma.o
    0x080007a0   0x00000018   Code   RO         1380    i.DMA_Cmd           stm32f10x_dma.o
    0x080007b8   0x0000014c   Code   RO         1381    i.DMA_DeInit        stm32f10x_dma.o
    0x08000904   0x0000002c   Code   RO         1383    i.DMA_GetFlagStatus  stm32f10x_dma.o
    0x08000930   0x0000003c   Code   RO         1386    i.DMA_Init          stm32f10x_dma.o
    0x0800096c   0x00000064   Code   RO          427    i.DMA_RxConfiguration  sdcard.o
    0x080009d0   0x00000064   Code   RO          428    i.DMA_TxConfiguration  sdcard.o
    0x08000a34   0x00000002   Code   RO          143    i.DebugMon_Handler  stm32f10x_it.o
    0x08000a36   0x00000002   PAD
    0x08000a38   0x00000030   Code   RO          144    i.EXTI0_IRQHandler  stm32f10x_it.o
    0x08000a68   0x0000000c   Code   RO         1451    i.EXTI_ClearITPendingBit  stm32f10x_exti.o
    0x08000a74   0x00000028   Code   RO         1455    i.EXTI_GetITStatus  stm32f10x_exti.o
    0x08000a9c   0x00000094   Code   RO         1456    i.EXTI_Init         stm32f10x_exti.o
    0x08000b30   0x0000004c   Code   RO          635    i.EXTI_PA0_Config   nvic_config.o
    0x08000b7c   0x0000019c   Code   RO          429    i.FindSCR           sdcard.o
    0x08000d18   0x00000040   Code   RO          430    i.GPIO_Configuration  sdcard.o
    0x08000d58   0x00000040   Code   RO         1801    i.GPIO_EXTILineConfig  stm32f10x_gpio.o
    0x08000d98   0x00000116   Code   RO         1804    i.GPIO_Init         stm32f10x_gpio.o
    0x08000eae   0x00000012   Code   RO         1808    i.GPIO_ReadInputDataBit  stm32f10x_gpio.o
    0x08000ec0   0x00000004   Code   RO         1811    i.GPIO_ResetBits    stm32f10x_gpio.o
    0x08000ec4   0x00000004   Code   RO         1812    i.GPIO_SetBits      stm32f10x_gpio.o
    0x08000ec8   0x000000f8   Code   RO          304    i.GPIO_config       gpio_config.o
    0x08000fc0   0x00000004   Code   RO          145    i.HardFault_Handler  stm32f10x_it.o
    0x08000fc4   0x0000019c   Code   RO          431    i.IsCardProgramming  sdcard.o
    0x08001160   0x00000054   Code   RO          328    i.Led_OFF           output_config.o
    0x080011b4   0x00000054   Code   RO          329    i.Led_light         output_config.o
    0x08001208   0x00000004   Code   RO          146    i.MemManage_Handler  stm32f10x_it.o
    0x0800120c   0x00000002   Code   RO          147    i.NMI_Handler       stm32f10x_it.o
    0x0800120e   0x00000028   Code   RO          636    i.NVIC_Configuration  nvic_config.o
    0x08001236   0x00000002   PAD
    0x08001238   0x00000070   Code   RO          653    i.NVIC_Init         misc.o
    0x080012a8   0x00000014   Code   RO          654    i.NVIC_PriorityGroupConfig  misc.o
    0x080012bc   0x00000002   Code   RO          148    i.PendSV_Handler    stm32f10x_it.o
    0x080012be   0x00000002   PAD
    0x080012c0   0x00000020   Code   RO         2219    i.RCC_AHBPeriphClockCmd  stm32f10x_rcc.o
    0x080012e0   0x00000020   Code   RO         2222    i.RCC_APB2PeriphClockCmd  stm32f10x_rcc.o
    0x08001300   0x000000d4   Code   RO         2230    i.RCC_GetClocksFreq  stm32f10x_rcc.o
    0x080013d4   0x00000050   Code   RO            1    i.ReadKeyDown       main.o
    0x08001424   0x00000124   Code   RO          432    i.SDEnWideBus       sdcard.o
    0x08001548   0x0000000c   Code   RO         2509    i.SDIO_ClearFlag    stm32f10x_sdio.o
    0x08001554   0x0000000c   Code   RO         2511    i.SDIO_ClockCmd     stm32f10x_sdio.o
    0x08001560   0x0000000c   Code   RO         2514    i.SDIO_DMACmd       stm32f10x_sdio.o
    0x0800156c   0x00000030   Code   RO         2515    i.SDIO_DataConfig   stm32f10x_sdio.o
    0x0800159c   0x00000024   Code   RO         2517    i.SDIO_DeInit       stm32f10x_sdio.o
    0x080015c0   0x0000000c   Code   RO         2518    i.SDIO_GetCommandResponse  stm32f10x_sdio.o
    0x080015cc   0x00000018   Code   RO         2521    i.SDIO_GetFlagStatus  stm32f10x_sdio.o
    0x080015e4   0x00000010   Code   RO         2523    i.SDIO_GetPowerState  stm32f10x_sdio.o
    0x080015f4   0x00000018   Code   RO         2524    i.SDIO_GetResponse  stm32f10x_sdio.o
    0x0800160c   0x00000020   Code   RO         2525    i.SDIO_ITConfig     stm32f10x_sdio.o
    0x0800162c   0x00000030   Code   RO         2526    i.SDIO_Init         stm32f10x_sdio.o
    0x0800165c   0x0000000c   Code   RO         2527    i.SDIO_ReadData     stm32f10x_sdio.o
    0x08001668   0x0000002c   Code   RO         2529    i.SDIO_SendCommand  stm32f10x_sdio.o
    0x08001694   0x0000001c   Code   RO         2531    i.SDIO_SetPowerState  stm32f10x_sdio.o
    0x080016b0   0x0000000c   Code   RO         2537    i.SDIO_WriteData    stm32f10x_sdio.o
    0x080016bc   0x00000098   Code   RO          433    i.SD_EnableWideBusOperation  sdcard.o
    0x08001754   0x000002cc   Code   RO          435    i.SD_GetCardInfo    sdcard.o
    0x08001a20   0x00000058   Code   RO          437    i.SD_Init           sdcard.o
    0x08001a78   0x00000140   Code   RO          438    i.SD_InitializeCards  sdcard.o
    0x08001bb8   0x00000198   Code   RO          440    i.SD_PowerON        sdcard.o
    0x08001d50   0x00000268   Code   RO          442    i.SD_ReadBlock      sdcard.o
    0x08001fb8   0x00000300   Code   RO          443    i.SD_ReadMultiBlocks  sdcard.o
    0x080022b8   0x00000034   Code   RO          444    i.SD_SelectDeselect  sdcard.o
    0x080022ec   0x0000001c   Code   RO          447    i.SD_SetDeviceMode  sdcard.o
    0x08002308   0x00000048   Code   RO         3941    i.SD_USER_Init      diskio.o
    0x08002350   0x0000037c   Code   RO          449    i.SD_WriteBlock     sdcard.o
    0x080026cc   0x000003fc   Code   RO          450    i.SD_WriteMultiBlocks  sdcard.o
    0x08002ac8   0x00000002   Code   RO          149    i.SVC_Handler       stm32f10x_it.o
    0x08002aca   0x00000008   Code   RO         3638    i.SetSysClock       system_stm32f10x.o
    0x08002ad2   0x00000002   PAD
    0x08002ad4   0x000000e0   Code   RO         3639    i.SetSysClockTo72   system_stm32f10x.o
    0x08002bb4   0x00000002   Code   RO          150    i.SysTick_Handler   stm32f10x_it.o
    0x08002bb6   0x00000002   PAD
    0x08002bb8   0x00000060   Code   RO         3641    i.SystemInit        system_stm32f10x.o
    0x08002c18   0x00000018   Code   RO         3390    i.USART_Cmd         stm32f10x_usart.o
    0x08002c30   0x0000001a   Code   RO         3393    i.USART_GetFlagStatus  stm32f10x_usart.o
    0x08002c4a   0x00000002   PAD
    0x08002c4c   0x000000d8   Code   RO         3397    i.USART_Init        stm32f10x_usart.o
    0x08002d24   0x00000008   Code   RO         3407    i.USART_SendData    stm32f10x_usart.o
    0x08002d2c   0x00000004   Code   RO          151    i.UsageFault_Handler  stm32f10x_it.o
    0x08002d30   0x00000020   Code   RO         4040    i.__0printf$1       mc_w.l(printf1.o)
    0x08002d50   0x0000000e   Code   RO         4298    i.__scatterload_copy  mc_w.l(handlers.o)
    0x08002d5e   0x00000002   Code   RO         4299    i.__scatterload_null  mc_w.l(handlers.o)
    0x08002d60   0x0000000e   Code   RO         4300    i.__scatterload_zeroinit  mc_w.l(handlers.o)
    0x08002d6e   0x00000002   PAD
    0x08002d70   0x00000154   Code   RO         4047    i._printf_core      mc_w.l(printf1.o)
    0x08002ec4   0x00000090   Code   RO         3672    i.check_fs          ff.o
    0x08002f54   0x00000014   Code   RO         3673    i.chk_chr           ff.o
    0x08002f68   0x00000370   Code   RO         3674    i.chk_mounted       ff.o
    0x080032d8   0x0000001a   Code   RO         3675    i.clust2sect        ff.o
    0x080032f2   0x00000012   Code   RO          451    i.convert_from_bytes_to_power_of_two  sdcard.o
    0x08003304   0x000000ca   Code   RO         3676    i.create_chain      ff.o
    0x080033ce   0x00000002   PAD
    0x080033d0   0x00000118   Code   RO         3677    i.create_name       ff.o
    0x080034e8   0x00000040   Code   RO          389    i.delay_init        delay_time.o
    0x08003528   0x0000003c   Code   RO          390    i.delay_ms          delay_time.o
    0x08003564   0x0000005c   Code   RO         3678    i.dir_find          ff.o
    0x080035c0   0x00000116   Code   RO         3679    i.dir_next          ff.o
    0x080036d6   0x0000006e   Code   RO         3681    i.dir_register      ff.o
    0x08003744   0x0000009c   Code   RO         3683    i.dir_sdi           ff.o
    0x080037e0   0x0000002e   Code   RO         3942    i.disk_initialize   diskio.o
    0x0800380e   0x00000006   Code   RO         3943    i.disk_ioctl        diskio.o
    0x08003814   0x00000030   Code   RO         3944    i.disk_read         diskio.o
    0x08003844   0x00000022   Code   RO         3945    i.disk_status       diskio.o
    0x08003866   0x00000030   Code   RO         3946    i.disk_write        diskio.o
    0x08003896   0x00000016   Code   RO         3685    i.f_close           ff.o
    0x080038ac   0x000001b0   Code   RO         3688    i.f_lseek           ff.o
    0x08003a5c   0x0000002c   Code   RO         3691    i.f_mount           ff.o
    0x08003a88   0x0000016c   Code   RO         3692    i.f_open            ff.o
    0x08003bf4   0x000002ae   Code   RO         3694    i.f_printf          ff.o
    0x08003ea2   0x00000026   Code   RO         3695    i.f_putc            ff.o
    0x08003ec8   0x0000002a   Code   RO         3696    i.f_puts            ff.o
    0x08003ef2   0x000000b8   Code   RO         3701    i.f_sync            ff.o
    0x08003faa   0x0000020e   Code   RO         3705    i.f_write           ff.o
    0x080041b8   0x0000009e   Code   RO         3706    i.follow_path       ff.o
    0x08004256   0x00000002   PAD
    0x08004258   0x00000024   Code   RO            2    i.fputc             main.o
    0x0800427c   0x000000e4   Code   RO         3707    i.get_fat           ff.o
    0x08004360   0x00000004   Code   RO         3947    i.get_fattime       diskio.o
    0x08004364   0x00000120   Code   RO            3    i.main              main.o
    0x08004484   0x0000002c   Code   RO            4    i.main_init         main.o
    0x080044b0   0x00000026   Code   RO         3709    i.mem_cmp           ff.o
    0x080044d6   0x0000001a   Code   RO         3710    i.mem_cpy           ff.o
    0x080044f0   0x00000014   Code   RO         3711    i.mem_set           ff.o
    0x08004504   0x00000072   Code   RO         3712    i.move_window       ff.o
    0x08004576   0x00000002   PAD
    0x08004578   0x0000001c   Code   RO          330    i.n2_carry          output_config.o
    0x08004594   0x0000007c   Code   RO          331    i.output_gpio_bit   output_config.o
    0x08004610   0x00000136   Code   RO         3713    i.put_fat           ff.o
    0x08004746   0x00000002   PAD
    0x08004748   0x0000005c   Code   RO          610    i.record_data       record_data.o
    0x080047a4   0x00000068   Code   RO         3714    i.remove_chain      ff.o
    0x0800480c   0x0000007c   Code   RO          332    i.sample_inject     output_config.o
    0x08004888   0x000000ca   Code   RO         3715    i.sync              ff.o
    0x08004952   0x00000002   PAD
    0x08004954   0x0000005c   Code   RO          409    i.temprature_control  temprature_control.o
    0x080049b0   0x0000002a   Code   RO         3716    i.validate          ff.o
    0x080049da   0x00000002   PAD
    0x080049dc   0x00000020   Data   RO         4296    Region$$Table       anon$$obj.o


    Execution Region RW_IRAM1 (Base: 0x20000000, Size: 0x000019c0, Max: 0x00010000, ABSOLUTE)

    Base Addr    Size         Type   Attr      Idx    E Section Name        Object

    0x20000000   0x00000016   Data   RW            6    .data               main.o
    0x20000016   0x00000004   Data   RW          391    .data               delay_time.o
    0x2000001a   0x00000002   PAD
    0x2000001c   0x00000028   Data   RW          453    .data               sdcard.o
    0x20000044   0x00000014   Data   RW         2250    .data               stm32f10x_rcc.o
    0x20000058   0x00000006   Data   RW         3718    .data               ff.o
    0x2000005e   0x00000002   PAD
    0x20000060   0x00000004   Data   RW         4270    .data               mc_w.l(stdout.o)
    0x20000064   0x00001454   Zero   RW            5    .bss                main.o
    0x200014b8   0x00000050   Zero   RW          368    .bss                adc_dma_config.o
    0x20001508   0x00000064   Zero   RW          452    .bss                sdcard.o
    0x2000156c   0x00000050   Zero   RW         3948    .bss                diskio.o
    0x200015bc   0x00000004   PAD
    0x200015c0   0x00000400   Zero   RW         3620    STACK               startup_stm32f10x_hd.o


==============================================================================

Image component sizes


      Code (inc. data)   RO Data    RW Data    ZI Data      Debug   Object Name

       372         38          0          0         80       2089   adc_dma_config.o
       124         12          0          4          0       1016   delay_time.o
       258          4          0          0         80       4112   diskio.o
      5768         46          0          6          0      24628   ff.o
       248         18          0          0          0       3006   gpio_config.o
       448        128          0         22       5204     219693   main.o
       132         22          0          0          0       1491   misc.o
       116          4          0          0          0        959   nvic_config.o
       444         44          0          0          0       2359   output_config.o
        92         30          0          0          0       1622   record_data.o
      7174        390          0         40        100      27465   sdcard.o
        36          8        304          0       1024        876   startup_stm32f10x_hd.o
       390         10          0          0          0       7149   stm32f10x_adc.o
       488         26          0          0          0       4426   stm32f10x_dma.o
       200         18          0          0          0       2028   stm32f10x_exti.o
       368          4          0          0          0       4142   stm32f10x_gpio.o
        74         20          0          0          0     262737   stm32f10x_it.o
       276         32          0         20          0       4325   stm32f10x_rcc.o
       372         86          0          0          0       9319   stm32f10x_sdio.o
       274          6          0          0          0       3896   stm32f10x_usart.o
       328         28          0          0          0       1997   system_stm32f10x.o
        92          4          0          0          0        693   temprature_control.o

    ----------------------------------------------------------------------
     18100        978        336         96       6492     590028   Object Totals
         0          0         32          0          0          0   (incl. Generated)
        26          0          0          4          4          0   (incl. Padding)

    ----------------------------------------------------------------------

      Code (inc. data)   RO Data    RW Data    ZI Data      Debug   Library Member Name

         0          0          0          0          0          0   entry.o
         0          0          0          0          0          0   entry10a.o
         0          0          0          0          0          0   entry11a.o
         8          4          0          0          0          0   entry2.o
         4          0          0          0          0          0   entry5.o
         0          0          0          0          0          0   entry7b.o
         0          0          0          0          0          0   entry8b.o
         8          4          0          0          0          0   entry9a.o
        30          0          0          0          0          0   handlers.o
        36          8          0          0          0         68   init.o
       372         14          0          0          0        184   printf1.o
         0          0          0          4          0          0   stdout.o
        44          0          0          0          0         80   uidiv.o

    ----------------------------------------------------------------------
       504         30          0          4          0        332   Library Totals
         2          0          0          0          0          0   (incl. Padding)

    ----------------------------------------------------------------------

      Code (inc. data)   RO Data    RW Data    ZI Data      Debug   Library Name

       502         30          0          4          0        332   mc_w.l

    ----------------------------------------------------------------------
       504         30          0          4          0        332   Library Totals

    ----------------------------------------------------------------------

==============================================================================


      Code (inc. data)   RO Data    RW Data    ZI Data      Debug   

     18604       1008        336        100       6492     583596   Grand Totals
     18604       1008        336        100       6492     583596   ELF Image Totals
     18604       1008        336        100          0          0   ROM Totals

==============================================================================

    Total RO  Size (Code + RO Data)                18940 (  18.50kB)
    Total RW  Size (RW Data + ZI Data)              6592 (   6.44kB)
    Total ROM Size (Code + RO Data + RW Data)      19040 (  18.59kB)

==============================================================================

