Product: MDK-ARM Standard 5.10
Component: ARM Compiler 5.04 update 1 (build 49)
Tool: armlink [5040049]

==============================================================================

Section Cross References

    main.o(.text) refers to _printf_percent.o(.ARM.Collect$$_printf_percent$$00000000) for _printf_percent
    main.o(.text) refers to _printf_f.o(.ARM.Collect$$_printf_percent$$00000003) for _printf_f
    main.o(.text) refers to printf1.o(x$fpl$printf1) for _printf_fp_dec
    main.o(.text) refers to stm32f10x_gpio.o(.text) for GPIO_Init
    main.o(.text) refers to stm32f10x_rcc.o(.text) for RCC_ADCCLKConfig
    main.o(.text) refers to stm32f10x_dma.o(.text) for DMA_DeInit
    main.o(.text) refers to stm32f10x_adc.o(.text) for ADC_Init
    main.o(.text) refers to noretval__2printf.o(.text) for __2printf
    main.o(.text) refers to main.o(.bss) for DMA_InitStructure
    main.o(.text) refers to main.o(.data) for ADCConvertedValue
    stm32f10x_wwdg.o(.text) refers to stm32f10x_rcc.o(.text) for RCC_APB1PeriphResetCmd
    stm32f10x_usart.o(.text) refers to stm32f10x_rcc.o(.text) for RCC_APB2PeriphResetCmd
    stm32f10x_tim.o(.text) refers to stm32f10x_rcc.o(.text) for RCC_APB2PeriphResetCmd
    stm32f10x_spi.o(.text) refers to stm32f10x_rcc.o(.text) for RCC_APB2PeriphResetCmd
    stm32f10x_rcc.o(.text) refers to stm32f10x_rcc.o(.data) for APBAHBPrescTable
    stm32f10x_pwr.o(.text) refers to stm32f10x_rcc.o(.text) for RCC_APB1PeriphResetCmd
    stm32f10x_i2c.o(.text) refers to stm32f10x_rcc.o(.text) for RCC_APB1PeriphResetCmd
    stm32f10x_gpio.o(.text) refers to stm32f10x_rcc.o(.text) for RCC_APB2PeriphResetCmd
    stm32f10x_dac.o(.text) refers to stm32f10x_rcc.o(.text) for RCC_APB1PeriphResetCmd
    stm32f10x_cec.o(.text) refers to stm32f10x_rcc.o(.text) for RCC_APB1PeriphResetCmd
    stm32f10x_can.o(.text) refers to stm32f10x_rcc.o(.text) for RCC_APB1PeriphResetCmd
    stm32f10x_bkp.o(.text) refers to stm32f10x_rcc.o(.text) for RCC_BackupResetCmd
    stm32f10x_adc.o(.text) refers to stm32f10x_rcc.o(.text) for RCC_APB2PeriphResetCmd
    startup_stm32f10x_hd.o(STACK) refers (Special) to heapauxi.o(.text) for __use_two_region_memory
    startup_stm32f10x_hd.o(HEAP) refers (Special) to heapauxi.o(.text) for __use_two_region_memory
    startup_stm32f10x_hd.o(RESET) refers (Special) to heapauxi.o(.text) for __use_two_region_memory
    startup_stm32f10x_hd.o(RESET) refers to startup_stm32f10x_hd.o(STACK) for __initial_sp
    startup_stm32f10x_hd.o(RESET) refers to startup_stm32f10x_hd.o(.text) for Reset_Handler
    startup_stm32f10x_hd.o(RESET) refers to stm32f10x_it.o(.text) for NMI_Handler
    startup_stm32f10x_hd.o(.text) refers (Special) to heapauxi.o(.text) for __use_two_region_memory
    startup_stm32f10x_hd.o(.text) refers to system_stm32f10x.o(.text) for SystemInit
    startup_stm32f10x_hd.o(.text) refers to __main.o(!!!main) for __main
    startup_stm32f10x_hd.o(.text) refers to startup_stm32f10x_hd.o(HEAP) for Heap_Mem
    startup_stm32f10x_hd.o(.text) refers to startup_stm32f10x_hd.o(STACK) for Stack_Mem
    system_stm32f10x.o(.text) refers to system_stm32f10x.o(.data) for SystemCoreClock
    __2printf.o(.text) refers to _printf_char_file.o(.text) for _printf_char_file
    __2printf.o(.text) refers to stdio_streams.o(.bss) for __stdout
    noretval__2printf.o(.text) refers to _printf_char_file.o(.text) for _printf_char_file
    noretval__2printf.o(.text) refers to stdio_streams.o(.bss) for __stdout
    __printf.o(.text) refers to _printf_percent.o(.ARM.Collect$$_printf_percent$$00000000) for _printf_percent
    __printf_flags.o(.text) refers to _printf_percent.o(.ARM.Collect$$_printf_percent$$00000000) for _printf_percent
    __printf_flags.o(.text) refers to __printf_flags.o(.constdata) for .constdata
    __printf_ss.o(.text) refers to _printf_percent.o(.ARM.Collect$$_printf_percent$$00000000) for _printf_percent
    __printf_flags_ss.o(.text) refers to _printf_percent.o(.ARM.Collect$$_printf_percent$$00000000) for _printf_percent
    __printf_flags_ss.o(.text) refers to __printf_flags_ss.o(.constdata) for .constdata
    __printf_wp.o(.text) refers to __printf_wp.o(i._is_digit) for _is_digit
    __printf_wp.o(.text) refers to _printf_percent.o(.ARM.Collect$$_printf_percent$$00000000) for _printf_percent
    __printf_flags_wp.o(.text) refers to __printf_wp.o(i._is_digit) for _is_digit
    __printf_flags_wp.o(.text) refers to _printf_percent.o(.ARM.Collect$$_printf_percent$$00000000) for _printf_percent
    __printf_flags_wp.o(.text) refers to __printf_flags_wp.o(.constdata) for .constdata
    __printf_ss_wp.o(.text) refers to __printf_wp.o(i._is_digit) for _is_digit
    __printf_ss_wp.o(.text) refers to _printf_percent.o(.ARM.Collect$$_printf_percent$$00000000) for _printf_percent
    __printf_flags_ss_wp.o(.text) refers to __printf_wp.o(i._is_digit) for _is_digit
    __printf_flags_ss_wp.o(.text) refers to _printf_percent.o(.ARM.Collect$$_printf_percent$$00000000) for _printf_percent
[...]
    Removing stm32f10x_iwdg.o(.text), (64 bytes).
    Removing stm32f10x_i2c.o(.text), (1028 bytes).
    Removing stm32f10x_fsmc.o(.text), (1548 bytes).
    Removing stm32f10x_flash.o(.text), (1468 bytes).
    Removing stm32f10x_exti.o(.text), (284 bytes).
    Removing stm32f10x_dbgmcu.o(.text), (48 bytes).
    Removing stm32f10x_dac.o(.text), (396 bytes).
    Removing stm32f10x_crc.o(.text), (72 bytes).
    Removing stm32f10x_cec.o(.text), (288 bytes).
    Removing stm32f10x_can.o(.text), (2544 bytes).
    Removing stm32f10x_bkp.o(.text), (196 bytes).
    Removing misc.o(.text), (220 bytes).
    Removing core_cm3.o(.emb_text), (32 bytes).

20 unused section(s) (total 14746 bytes) removed from the image.

==============================================================================

Image Symbol Table

    Local Symbols

    Symbol Name                              Value     Ov Type        Size  Object(Section)

    ../clib/angel/boardlib.s                 0x00000000   Number         0  boardshut.o ABSOLUTE
    ../clib/angel/boardlib.s                 0x00000000   Number         0  boardinit2.o ABSOLUTE
    ../clib/angel/boardlib.s                 0x00000000   Number         0  boardinit3.o ABSOLUTE
    ../clib/angel/boardlib.s                 0x00000000   Number         0  boardinit1.o ABSOLUTE
    ../clib/angel/handlers.s                 0x00000000   Number         0  __scatter_zi.o ABSOLUTE
    ../clib/angel/handlers.s                 0x00000000   Number         0  __scatter_copy.o ABSOLUTE
    ../clib/angel/kernel.s                   0x00000000   Number         0  rtentry2.o ABSOLUTE
    ../clib/angel/kernel.s                   0x00000000   Number         0  rtexit.o ABSOLUTE
    ../clib/angel/kernel.s                   0x00000000   Number         0  rtexit2.o ABSOLUTE
    ../clib/angel/kernel.s                   0x00000000   Number         0  rtentry4.o ABSOLUTE
    ../clib/angel/kernel.s                   0x00000000   Number         0  rtentry.o ABSOLUTE
    ../clib/angel/rt.s                       0x00000000   Number         0  rt_locale_intlibspace.o ABSOLUTE
    ../clib/angel/rt.s                       0x00000000   Number         0  rt_locale.o ABSOLUTE
    ../clib/angel/rt.s                       0x00000000   Number         0  rt_raise.o ABSOLUTE
    ../clib/angel/rt.s                       0x00000000   Number         0  rt_heap_descriptor.o ABSOLUTE
    ../clib/angel/rt.s                       0x00000000   Number         0  rt_heap_descriptor_intlibspace.o ABSOLUTE
    ../clib/angel/rt.s                       0x00000000   Number         0  rt_errno_addr.o ABSOLUTE
    ../clib/angel/rt.s                       0x00000000   Number         0  rt_errno_addr_intlibspace.o ABSOLUTE
    ../clib/angel/scatter.s                  0x00000000   Number         0  __scatter.o ABSOLUTE
    ../clib/angel/startup.s                  0x00000000   Number         0  __main.o ABSOLUTE
    ../clib/angel/sys.s                      0x00000000   Number         0  indicate_semi.o ABSOLUTE
    ../clib/angel/sys.s                      0x00000000   Number         0  use_no_semi.o ABSOLUTE
    ../clib/angel/sys.s                      0x00000000   Number         0  libspace.o ABSOLUTE
    ../clib/angel/sys.s                      0x00000000   Number         0  mutex_dummy.o ABSOLUTE
    ../clib/angel/sys.s                      0x00000000   Number         0  sys_stackheap_outer.o ABSOLUTE
    ../clib/angel/sysapp.c                   0x00000000   Number         0  sys_wrch.o ABSOLUTE
    ../clib/angel/sysapp.c                   0x00000000   Number         0  sys_exit.o ABSOLUTE
    ../clib/angel/sysapp.c                   0x00000000   Number         0  sys_command.o ABSOLUTE
    ../clib/angel/sysapp.c                   0x00000000   Number         0  sys_io.o ABSOLUTE
    ../clib/armsys.c                         0x00000000   Number         0  argv_veneer.o ABSOLUTE
    ../clib/armsys.c                         0x00000000   Number         0  argv_veneer.o ABSOLUTE
    ../clib/armsys.c                         0x00000000   Number         0  _get_argv_nomalloc.o ABSOLUTE
    ../clib/armsys.c                         0x00000000   Number         0  no_argv.o ABSOLUTE
    ../clib/armsys.c                         0x00000000   Number         0  _get_argv.o ABSOLUTE
    ../clib/assert.c                         0x00000000   Number         0  assert_stdio.o ABSOLUTE
    ../clib/bigflt.c                         0x00000000   Number         0  bigflt0.o ABSOLUTE
    ../clib/btod.s                           0x00000000   Number         0  btod.o ABSOLUTE
    ../clib/heap1.c                          0x00000000   Number         0  h1_alloc.o ABSOLUTE
    ../clib/heap1.c                          0x00000000   Number         0  h1_alloc_mt.o ABSOLUTE
    ../clib/heap1.c                          0x00000000   Number         0  h1_final_mt.o ABSOLUTE
    ../clib/heap1.c                          0x00000000   Number         0  h1_free.o ABSOLUTE
    ../clib/heap1.c                          0x00000000   Number         0  h1_free_mt.o ABSOLUTE
    ../clib/heap1.c                          0x00000000   Number         0  h1_final.o ABSOLUTE
    ../clib/heap1.c                          0x00000000   Number         0  h1_extend_mt.o ABSOLUTE
    ../clib/heap1.c                          0x00000000   Number         0  h1_init_mt.o ABSOLUTE
    ../clib/heap1.c                          0x00000000   Number         0  h1_extend.o ABSOLUTE
    ../clib/heap1.c                          0x00000000   Number         0  h1_init.o ABSOLUTE
    ../clib/heap2.c                          0x00000000   Number         0  heap2mt.o ABSOLUTE
    ../clib/heap2.c                          0x00000000   Number         0  heap2.o ABSOLUTE
    ../clib/heap2.c                          0x00000000   Number         0  fdtree.o ABSOLUTE
    ../clib/heapalloc.c                      0x00000000   Number         0  init_alloc.o ABSOLUTE
    ../clib/heapalloc.c                      0x00000000   Number         0  heapstubs.o ABSOLUTE
    ../clib/heapalloc.c                      0x00000000   Number         0  malloc.o ABSOLUTE
    ../clib/heapalloc.c                      0x00000000   Number         0  hguard.o ABSOLUTE
    ../clib/heapalloc.c                      0x00000000   Number         0  hrguard.o ABSOLUTE
    ../clib/heapalloc.c                      0x00000000   Number         0  term_alloc.o ABSOLUTE
    ../clib/heapalloc.c                      0x00000000   Number         0  free.o ABSOLUTE
    ../clib/heapalloc.c                      0x00000000   Number         0  maybetermalloc2.o ABSOLUTE
    ../clib/heapalloc.c                      0x00000000   Number         0  maybetermalloc2.o ABSOLUTE
    ../clib/heapalloc.c                      0x00000000   Number         0  maybetermalloc1.o ABSOLUTE
    ../clib/heapalloc.c                      0x00000000   Number         0  maybetermalloc1.o ABSOLUTE
    ../clib/heapaux.c                        0x00000000   Number         0  heapauxa.o ABSOLUTE
    ../clib/heapaux.c                        0x00000000   Number         0  heapauxi.o ABSOLUTE
    ../clib/libinit.s                        0x00000000   Number         0  libshutdown.o ABSOLUTE
    ../clib/libinit.s                        0x00000000   Number         0  libinit2.o ABSOLUTE
    ../clib/libinit.s                        0x00000000   Number         0  libinit.o ABSOLUTE
    ../clib/libinit.s                        0x00000000   Number         0  libshutdown2.o ABSOLUTE
    ../clib/locale.s                         0x00000000   Number         0  lc_numeric_c.o ABSOLUTE
    ../clib/longlong.s                       0x00000000   Number         0  lludiv10.o ABSOLUTE
    ../clib/memcpset.s                       0x00000000   Number         0  rt_memcpy_w.o ABSOLUTE
    ../clib/memcpset.s                       0x00000000   Number         0  rt_memcpy_v6.o ABSOLUTE
    ../clib/memcpset.s                       0x00000000   Number         0  strcmpv7m.o ABSOLUTE
    ../clib/memcpset.s                       0x00000000   Number         0  rt_memclr_w.o ABSOLUTE
    ../clib/printf.c                         0x00000000   Number         0  __printf_ss_wp.o ABSOLUTE
    ../clib/printf.c                         0x00000000   Number         0  __printf_flags_ss_wp.o ABSOLUTE
    ../clib/printf.c                         0x00000000   Number         0  _printf_char_common.o ABSOLUTE
    ../clib/printf.c                         0x00000000   Number         0  __printf_ss.o ABSOLUTE
    ../clib/printf.c                         0x00000000   Number         0  __printf_flags_ss.o ABSOLUTE
    ../clib/printf.c                         0x00000000   Number         0  __printf_flags_wp.o ABSOLUTE
    ../clib/printf.c                         0x00000000   Number         0  _printf_fp_infnan.o ABSOLUTE
    ../clib/printf.c                         0x00000000   Number         0  noretval__2printf.o ABSOLUTE
    ../clib/printf.c                         0x00000000   Number         0  __2printf.o ABSOLUTE
    ../clib/printf.c                         0x00000000   Number         0  __printf_wp.o ABSOLUTE
    ../clib/printf.c                         0x00000000   Number         0  _printf_fp_dec.o ABSOLUTE
    ../clib/printf.c                         0x00000000   Number         0  __printf.o ABSOLUTE
    ../clib/printf.c                         0x00000000   Number         0  _printf_char_file.o ABSOLUTE
    ../clib/printf.c                         0x00000000   Number         0  __printf_nopercent.o ABSOLUTE
    ../clib/printf.c                         0x00000000   Number         0  _printf_char_file_locked.o ABSOLUTE
    ../clib/printf.c                         0x00000000   Number         0  __printf_flags.o ABSOLUTE
    ../clib/printf_percent.s                 0x00000000   Number         0  _printf_f.o ABSOLUTE
    ../clib/printf_percent.s                 0x00000000   Number         0  _printf_percent.o ABSOLUTE
    ../clib/printf_percent.s                 0x00000000   Number         0  _printf_percent_end.o ABSOLUTE
    ../clib/signal.c                         0x00000000   Number         0  defsig_stak_inner.o ABSOLUTE
    ../clib/signal.c                         0x00000000   Number         0  defsig_abrt_inner.o ABSOLUTE
    ../clib/signal.c                         0x00000000   Number         0  defsig_segv_inner.o ABSOLUTE
    ../clib/signal.c                         0x00000000   Number         0  defsig_rtmem_formal.o ABSOLUTE
    ../clib/signal.c                         0x00000000   Number         0  defsig_cppl_inner.o ABSOLUTE
    ../clib/signal.c                         0x00000000   Number         0  defsig_pvfn_inner.o ABSOLUTE
    ../clib/signal.c                         0x00000000   Number         0  defsig_general.o ABSOLUTE
    ../clib/signal.c                         0x00000000   Number         0  defsig_rtred_inner.o ABSOLUTE
    ../clib/signal.c                         0x00000000   Number         0  defsig_other.o ABSOLUTE
    ../clib/signal.c                         0x00000000   Number         0  __raise.o ABSOLUTE
    ../clib/signal.c                         0x00000000   Number         0  defsig_fpe_inner.o ABSOLUTE
    ../clib/signal.c                         0x00000000   Number         0  defsig_exit.o ABSOLUTE
    ../clib/signal.c                         0x00000000   Number         0  defsig_rtmem_inner.o ABSOLUTE
    ../clib/signal.c                         0x00000000   Number         0  defsig_rtred_outer.o ABSOLUTE
    ../clib/signal.c                         0x00000000   Number         0  defsig_rtred_formal.o ABSOLUTE
    ../clib/signal.c                         0x00000000   Number         0  defsig_rtmem_outer.o ABSOLUTE
    ../clib/signal.s                         0x00000000   Number         0  defsig.o ABSOLUTE
    ../clib/stdio.c                          0x00000000   Number         0  fputs_locked.o ABSOLUTE
    ../clib/stdio.c                          0x00000000   Number         0  stdio_streams.o ABSOLUTE
    ../clib/stdio.c                          0x00000000   Number         0  fputc.o ABSOLUTE
    ../clib/stdio.c                          0x00000000   Number         0  initio.o ABSOLUTE
    ../clib/stdio.c                          0x00000000   Number         0  fputc_locked.o ABSOLUTE
    ../clib/stdio.c                          0x00000000   Number         0  ferror_locked.o ABSOLUTE
    ../clib/stdio.c                          0x00000000   Number         0  initio_locked.o ABSOLUTE
    ../clib/stdio.c                          0x00000000   Number         0  fflush_locked.o ABSOLUTE
    ../clib/stdio.c                          0x00000000   Number         0  flsbuf.o ABSOLUTE
    ../clib/stdio.c                          0x00000000   Number         0  setvbuf.o ABSOLUTE
    ../clib/stdio.c                          0x00000000   Number         0  streamlock.o ABSOLUTE
    ../clib/stdio.c                          0x00000000   Number         0  fopen.o ABSOLUTE
    ../clib/stdio.c                          0x00000000   Number         0  fclose.o ABSOLUTE
    ../clib/stdio.c                          0x00000000   Number         0  setvbuf_locked.o ABSOLUTE
    ../clib/stdio.c                          0x00000000   Number         0  fopen_locked.o ABSOLUTE
    ../clib/stdio.c                          0x00000000   Number         0  fseek.o ABSOLUTE
    ../clib/stdio.c                          0x00000000   Number         0  stdio.o ABSOLUTE
    ../clib/stdio.c                          0x00000000   Number         0  ferror.o ABSOLUTE
    ../clib/stdio.c                          0x00000000   Number         0  fwritefast.o ABSOLUTE
    ../clib/stdio.c                          0x00000000   Number         0  fwritefast_locked.o ABSOLUTE
    ../clib/stdio.c                          0x00000000   Number         0  fflush.o ABSOLUTE
    ../clib/stdio.c                          0x00000000   Number         0  fputs.o ABSOLUTE
    ../clib/stdio.c                          0x00000000   Number         0  ftell.o ABSOLUTE
    ../clib/stdlib.c                         0x00000000   Number         0  exit.o ABSOLUTE
    ../clib/string.c                         0x00000000   Number         0  strlen.o ABSOLUTE
    ../clib/wchar.c                          0x00000000   Number         0  flsbuf_fwide.o ABSOLUTE
    ../fplib/fpinit.s                        0x00000000   Number         0  fpinit.o ABSOLUTE
    ../fplib/istatus.s                       0x00000000   Number         0  istatus.o ABSOLUTE
    ../fplib/printf1.s                       0x00000000   Number         0  printf1.o ABSOLUTE
    ../fplib/usenofp.s                       0x00000000   Number         0  usenofp.o ABSOLUTE
    ../mathlib/fpclassify.c                  0x00000000   Number         0  fpclassify.o ABSOLUTE
    ..\LIB\CMSIS\CM3\CoreSupport\core_cm3.c  0x00000000   Number         0  core_cm3.o ABSOLUTE
    ..\LIB\CMSIS\CM3\DeviceSupport\ST\STM32F10x\startup\arm\startup_stm32f10x_hd.s 0x00000000   Number         0  startup_stm32f10x_hd.o ABSOLUTE
    ..\LIB\CMSIS\CM3\DeviceSupport\ST\STM32F10x\system_stm32f10x.c 0x00000000   Number         0  system_stm32f10x.o ABSOLUTE
    ..\LIB\STM32F10x_StdPeriph_Driver\src\misc.c 0x00000000   Number         0  misc.o ABSOLUTE
    ..\LIB\STM32F10x_StdPeriph_Driver\src\stm32f10x_adc.c 0x00000000   Number         0  stm32f10x_adc.o ABSOLUTE
    ..\LIB\STM32F10x_StdPeriph_Driver\src\stm32f10x_bkp.c 0x00000000   Number         0  stm32f10x_bkp.o ABSOLUTE
    ..\LIB\STM32F10x_StdPeriph_Driver\src\stm32f10x_can.c 0x00000000   Number         0  stm32f10x_can.o ABSOLUTE
    ..\LIB\STM32F10x_StdPeriph_Driver\src\stm32f10x_cec.c 0x00000000   Number         0  stm32f10x_cec.o ABSOLUTE
    ..\LIB\STM32F10x_StdPeriph_Driver\src\stm32f10x_crc.c 0x00000000   Number         0  stm32f10x_crc.o ABSOLUTE
    ..\LIB\STM32F10x_StdPeriph_Driver\src\stm32f10x_dac.c 0x00000000   Number         0  stm32f10x_dac.o ABSOLUTE
    ..\LIB\STM32F10x_StdPeriph_Driver\src\stm32f10x_dbgmcu.c 0x00000000   Number         0  stm32f10x_dbgmcu.o ABSOLUTE
    ..\LIB\STM32F10x_StdPeriph_Driver\src\stm32f10x_dma.c 0x00000000   Number         0  stm32f10x_dma.o ABSOLUTE
    ..\LIB\STM32F10x_StdPeriph_Driver\src\stm32f10x_exti.c 0x00000000   Number         0  stm32f10x_exti.o ABSOLUTE
    ..\LIB\STM32F10x_StdPeriph_Driver\src\stm32f10x_flash.c 0x00000000   Number         0  stm32f10x_flash.o ABSOLUTE
    ..\LIB\STM32F10x_StdPeriph_Driver\src\stm32f10x_fsmc.c 0x00000000   Number         0  stm32f10x_fsmc.o ABSOLUTE
    ..\LIB\STM32F10x_StdPeriph_Driver\src\stm32f10x_gpio.c 0x00000000   Number         0  stm32f10x_gpio.o ABSOLUTE
    ..\LIB\STM32F10x_StdPeriph_Driver\src\stm32f10x_i2c.c 0x00000000   Number         0  stm32f10x_i2c.o ABSOLUTE
    ..\LIB\STM32F10x_StdPeriph_Driver\src\stm32f10x_iwdg.c 0x00000000   Number         0  stm32f10x_iwdg.o ABSOLUTE
    ..\LIB\STM32F10x_StdPeriph_Driver\src\stm32f10x_pwr.c 0x00000000   Number         0  stm32f10x_pwr.o ABSOLUTE
    ..\LIB\STM32F10x_StdPeriph_Driver\src\stm32f10x_rcc.c 0x00000000   Number         0  stm32f10x_rcc.o ABSOLUTE
    ..\LIB\STM32F10x_StdPeriph_Driver\src\stm32f10x_rtc.c 0x00000000   Number         0  stm32f10x_rtc.o ABSOLUTE
    ..\LIB\STM32F10x_StdPeriph_Driver\src\stm32f10x_sdio.c 0x00000000   Number         0  stm32f10x_sdio.o ABSOLUTE
    ..\LIB\STM32F10x_StdPeriph_Driver\src\stm32f10x_spi.c 0x00000000   Number         0  stm32f10x_spi.o ABSOLUTE
    ..\LIB\STM32F10x_StdPeriph_Driver\src\stm32f10x_tim.c 0x00000000   Number         0  stm32f10x_tim.o ABSOLUTE
    ..\LIB\STM32F10x_StdPeriph_Driver\src\stm32f10x_usart.c 0x00000000   Number         0  stm32f10x_usart.o ABSOLUTE
    ..\LIB\STM32F10x_StdPeriph_Driver\src\stm32f10x_wwdg.c 0x00000000   Number         0  stm32f10x_wwdg.o ABSOLUTE
    ..\USER\main.c                           0x00000000   Number         0  main.o ABSOLUTE
    ..\USER\stm32f10x_it.c                   0x00000000   Number         0  stm32f10x_it.o ABSOLUTE
    ..\\LIB\\CMSIS\\CM3\\CoreSupport\\core_cm3.c 0x00000000   Number         0  core_cm3.o ABSOLUTE
    dc.s                                     0x00000000   Number         0  dc.o ABSOLUTE
    RESET                                    0x08000000   Section      304  startup_stm32f10x_hd.o(RESET)
    !!!main                                  0x08000130   Section        8  __main.o(!!!main)
    !!!scatter                               0x08000138   Section       52  __scatter.o(!!!scatter)
    !!handler_copy                           0x0800016c   Section       26  __scatter_copy.o(!!handler_copy)
    !!handler_zi                             0x08000188   Section       28  __scatter_zi.o(!!handler_zi)
    .ARM.Collect$$_printf_percent$$00000000  0x080001a4   Section        0  _printf_percent.o(.ARM.Collect$$_printf_percent$$00000000)
    .ARM.Collect$$_printf_percent$$00000003  0x080001a4   Section        6  _printf_f.o(.ARM.Collect$$_printf_percent$$00000003)
    .ARM.Collect$$_printf_percent$$00000017  0x080001aa   Section        4  _printf_percent_end.o(.ARM.Collect$$_printf_percent$$00000017)
    .ARM.Collect$$libinit$$00000000          0x080001ae   Section        2  libinit.o(.ARM.Collect$$libinit$$00000000)
    .ARM.Collect$$libinit$$00000002          0x080001b0   Section        0  libinit2.o(.ARM.Collect$$libinit$$00000002)
    .ARM.Collect$$libinit$$00000003          0x080001b0   Section        8  libinit2.o(.ARM.Collect$$libinit$$00000003)
    .ARM.Collect$$libinit$$00000008          0x080001b8   Section        0  libinit2.o(.ARM.Collect$$libinit$$00000008)
    .ARM.Collect$$libinit$$0000000A          0x080001b8   Section        0  libinit2.o(.ARM.Collect$$libinit$$0000000A)
    .ARM.Collect$$libinit$$0000000C          0x080001b8   Section        0  libinit2.o(.ARM.Collect$$libinit$$0000000C)
    .ARM.Collect$$libinit$$0000000D          0x080001b8   Section        6  libinit2.o(.ARM.Collect$$libinit$$0000000D)
    .ARM.Collect$$libinit$$0000000F          0x080001be   Section        0  libinit2.o(.ARM.Collect$$libinit$$0000000F)
    .ARM.Collect$$libinit$$00000011          0x080001be   Section        0  libinit2.o(.ARM.Collect$$libinit$$00000011)
    .ARM.Collect$$libinit$$00000013          0x080001be   Section        0  libinit2.o(.ARM.Collect$$libinit$$00000013)
    .ARM.Collect$$libinit$$00000014          0x080001be   Section       10  libinit2.o(.ARM.Collect$$libinit$$00000014)
    .ARM.Collect$$libinit$$00000015          0x080001c8   Section        0  libinit2.o(.ARM.Collect$$libinit$$00000015)
    .ARM.Collect$$libinit$$00000017          0x080001c8   Section        0  libinit2.o(.ARM.Collect$$libinit$$00000017)
    .ARM.Collect$$libinit$$00000019          0x080001c8   Section        0  libinit2.o(.ARM.Collect$$libinit$$00000019)
    .ARM.Collect$$libinit$$0000001B          0x080001c8   Section        0  libinit2.o(.ARM.Collect$$libinit$$0000001B)
    .ARM.Collect$$libinit$$0000001D          0x080001c8   Section        0  libinit2.o(.ARM.Collect$$libinit$$0000001D)
    .ARM.Collect$$libinit$$0000001F          0x080001c8   Section        0  libinit2.o(.ARM.Collect$$libinit$$0000001F)
    .ARM.Collect$$libinit$$00000021          0x080001c8   Section        0  libinit2.o(.ARM.Collect$$libinit$$00000021)
    .ARM.Collect$$libinit$$00000022          0x080001c8   Section        4  libinit2.o(.ARM.Collect$$libinit$$00000022)
    .ARM.Collect$$libinit$$00000023          0x080001cc   Section        0  libinit2.o(.ARM.Collect$$libinit$$00000023)
    .ARM.Collect$$libinit$$0000002A          0x080001cc   Section        0  libinit2.o(.ARM.Collect$$libinit$$0000002A)
    .ARM.Collect$$libinit$$0000002C          0x080001cc   Section        0  libinit2.o(.ARM.Collect$$libinit$$0000002C)
    .ARM.Collect$$libinit$$0000002E          0x080001cc   Section        0  libinit2.o(.ARM.Collect$$libinit$$0000002E)
    .ARM.Collect$$libinit$$00000030          0x080001cc   Section        0  libinit2.o(.ARM.Collect$$libinit$$00000030)
    .ARM.Collect$$libinit$$00000031          0x080001cc   Section        2  libinit2.o(.ARM.Collect$$libinit$$00000031)
    .ARM.Collect$$libshutdown$$00000000      0x080001ce   Section        2  libshutdown.o(.ARM.Collect$$libshutdown$$00000000)
    .ARM.Collect$$libshutdown$$00000002      0x080001d0   Section        4  libshutdown2.o(.ARM.Collect$$libshutdown$$00000002)
    .ARM.Collect$$libshutdown$$00000003      0x080001d4   Section        0  libshutdown2.o(.ARM.Collect$$libshutdown$$00000003)
    .ARM.Collect$$libshutdown$$00000006      0x080001d4   Section        0  libshutdown2.o(.ARM.Collect$$libshutdown$$00000006)
    .ARM.Collect$$libshutdown$$00000009      0x080001d4   Section        0  libshutdown2.o(.ARM.Collect$$libshutdown$$00000009)
    .ARM.Collect$$libshutdown$$0000000B      0x080001d4   Section        0  libshutdown2.o(.ARM.Collect$$libshutdown$$0000000B)
    .ARM.Collect$$libshutdown$$0000000E      0x080001d4   Section        0  libshutdown2.o(.ARM.Collect$$libshutdown$$0000000E)
    .ARM.Collect$$libshutdown$$0000000F      0x080001d4   Section        2  libshutdown2.o(.ARM.Collect$$libshutdown$$0000000F)
    .ARM.Collect$$rtentry$$00000000          0x080001d6   Section        0  rtentry.o(.ARM.Collect$$rtentry$$00000000)
    .ARM.Collect$$rtentry$$00000002          0x080001d6   Section        0  rtentry2.o(.ARM.Collect$$rtentry$$00000002)
    .ARM.Collect$$rtentry$$00000004          0x080001d6   Section        6  rtentry4.o(.ARM.Collect$$rtentry$$00000004)
    .ARM.Collect$$rtentry$$00000009          0x080001dc   Section        0  rtentry2.o(.ARM.Collect$$rtentry$$00000009)
    .ARM.Collect$$rtentry$$0000000A          0x080001dc   Section        4  rtentry2.o(.ARM.Collect$$rtentry$$0000000A)
    .ARM.Collect$$rtentry$$0000000C          0x080001e0   Section        0  rtentry2.o(.ARM.Collect$$rtentry$$0000000C)
    .ARM.Collect$$rtentry$$0000000D          0x080001e0   Section        8  rtentry2.o(.ARM.Collect$$rtentry$$0000000D)
    .ARM.Collect$$rtexit$$00000000           0x080001e8   Section        2  rtexit.o(.ARM.Collect$$rtexit$$00000000)
    .ARM.Collect$$rtexit$$00000002           0x080001ea   Section        0  rtexit2.o(.ARM.Collect$$rtexit$$00000002)
    .ARM.Collect$$rtexit$$00000003           0x080001ea   Section        4  rtexit2.o(.ARM.Collect$$rtexit$$00000003)
    .ARM.Collect$$rtexit$$00000004           0x080001ee   Section        6  rtexit2.o(.ARM.Collect$$rtexit$$00000004)
    .emb_text                                0x080001f4   Section        0  maybetermalloc1.o(.emb_text)
    .text                                    0x080001f4   Section        0  stm32f10x_it.o(.text)
    .text                                    0x08000210   Section        0  main.o(.text)
    .text                                    0x08000334   Section        0  stm32f10x_rcc.o(.text)
    .text                                    0x080006d8   Section        0  stm32f10x_gpio.o(.text)
    .text                                    0x08000a34   Section        0  stm32f10x_dma.o(.text)
    .text                                    0x08000c88   Section        0  stm32f10x_adc.o(.text)
    .text                                    0x080010d8   Section       64  startup_stm32f10x_hd.o(.text)
    .text                                    0x08001118   Section        0  system_stm32f10x.o(.text)
    SetSysClockTo72                          0x08001119   Thumb Code   214  system_stm32f10x.o(.text)
    SetSysClock                              0x080011ef   Thumb Code     8  system_stm32f10x.o(.text)
    .text                                    0x080012f8   Section        0  noretval__2printf.o(.text)
    .text                                    0x08001310   Section        0  __printf.o(.text)
    .text                                    0x08001378   Section        0  heapauxi.o(.text)
    .text                                    0x0800137e   Section        0  _printf_fp_dec.o(.text)
    _fp_digits                               0x08001381   Thumb Code   428  _printf_fp_dec.o(.text)
    .text                                    0x08001794   Section        0  _printf_char_file.o(.text)
    .text                                    0x080017b8   Section        8  rt_locale_intlibspace.o(.text)
    .text                                    0x080017c0   Section      138  lludiv10.o(.text)
    .text                                    0x0800184c   Section        0  _printf_char_common.o(.text)
    _printf_input_char                       0x0800184d   Thumb Code    10  _printf_char_common.o(.text)
    .text                                    0x0800187c   Section        0  _printf_fp_infnan.o(.text)
    .text                                    0x080018fc   Section        0  bigflt0.o(.text)
    .text                                    0x080019d4   Section        0  ferror.o(.text)
    .text                                    0x080019dc   Section        0  initio.o(.text)
    .text                                    0x08001b14   Section        0  sys_io.o(.text)
    .text                                    0x08001b7c   Section        8  libspace.o(.text)
    .text                                    0x08001b84   Section       74  sys_stackheap_outer.o(.text)
    .text                                    0x08001bce   Section        0  h1_free.o(.text)
    .text                                    0x08001c1c   Section        0  flsbuf.o(.text)
    .text                                    0x08001df2   Section        0  setvbuf.o(.text)
    .text                                    0x08001e38   Section        0  fopen.o(.text)
    _freopen_locked                          0x08001e39   Thumb Code     0  fopen.o(.text)
    .text                                    0x08001f24   Section        0  fclose.o(.text)
    .text                                    0x08001f70   Section        0  exit.o(.text)
    .text                                    0x08001f7c   Section        0  defsig_rtred_outer.o(.text)
    .text                                    0x08001f8a   Section       78  rt_memclr_w.o(.text)
    .text                                    0x08001fd8   Section      128  strcmpv7m.o(.text)
    .text                                    0x08002058   Section        2  use_no_semi.o(.text)
    .text                                    0x0800205a   Section        0  indicate_semi.o(.text)
    .text                                    0x0800205c   Section        8  rt_heap_descriptor_intlibspace.o(.text)
    .text                                    0x08002064   Section        0  hguard.o(.text)
    .text                                    0x08002068   Section        0  init_alloc.o(.text)
    .text                                    0x080020f2   Section        0  h1_alloc.o(.text)
    .text                                    0x08002150   Section        0  fseek.o(.text)
    .text                                    0x08002248   Section        0  stdio.o(.text)
    .text                                    0x08002338   Section        0  defsig_exit.o(.text)
    .text                                    0x08002344   Section        0  defsig_rtred_inner.o(.text)
    .text                                    0x08002378   Section        0  strlen.o(.text)
    .text                                    0x080023b8   Section        0  sys_exit.o(.text)
    .text                                    0x080023c4   Section        0  h1_init.o(.text)
    .text                                    0x080023d2   Section        0  h1_extend.o(.text)
    .text                                    0x08002406   Section        0  ftell.o(.text)
    .text                                    0x08002448   Section        0  defsig_general.o(.text)
    .text                                    0x0800247a   Section        0  defsig_rtmem_outer.o(.text)
    .text                                    0x08002488   Section        0  sys_wrch.o(.text)
    .text                                    0x08002498   Section        8  rt_errno_addr_intlibspace.o(.text)
    .text                                    0x080024a0   Section        0  defsig_rtmem_inner.o(.text)
    CL$$btod_d2e                             0x080024f0   Section       62  btod.o(CL$$btod_d2e)
    CL$$btod_d2e_denorm_low                  0x0800252e   Section       70  btod.o(CL$$btod_d2e_denorm_low)
    CL$$btod_d2e_norm_op1                    0x08002574   Section       96  btod.o(CL$$btod_d2e_norm_op1)
    CL$$btod_div_common                      0x080025d4   Section      824  btod.o(CL$$btod_div_common)
    CL$$btod_e2e                             0x0800290c   Section      198  btod.o(CL$$btod_e2e)
    CL$$btod_ediv                            0x080029d2   Section       40  btod.o(CL$$btod_ediv)
    CL$$btod_emul                            0x080029fa   Section       40  btod.o(CL$$btod_emul)
    CL$$btod_mult_common                     0x08002a22   Section      580  btod.o(CL$$btod_mult_common)
    i.__ARM_fpclassify                       0x08002c66   Section        0  fpclassify.o(i.__ARM_fpclassify)
    i.fputc                                  0x08002c8e   Section        0  fputc.o(i.fputc)
    locale$$code                             0x08002ca8   Section       44  lc_numeric_c.o(locale$$code)
    x$fpl$printf1                            0x08002cd4   Section        4  printf1.o(x$fpl$printf1)
    .constdata                               0x08002cd8   Section      148  bigflt0.o(.constdata)
    x$fpl$usenofp                            0x08002cd8   Section        0  usenofp.o(x$fpl$usenofp)
    tenpwrs_x                                0x08002cd8   Data          60  bigflt0.o(.constdata)
    tenpwrs_i                                0x08002d14   Data          64  bigflt0.o(.constdata)
    .constdata                               0x08002d6c   Section        4  sys_io.o(.constdata)
    .constdata                               0x08002d70   Section        4  sys_io.o(.constdata)
    .constdata                               0x08002d74   Section        4  sys_io.o(.constdata)
    locale$$data                             0x08002d98   Section       28  lc_numeric_c.o(locale$$data)
    __lcnum_c_name                           0x08002d9c   Data           2  lc_numeric_c.o(locale$$data)
    __lcnum_c_start                          0x08002da4   Data           0  lc_numeric_c.o(locale$$data)
    __lcnum_c_point                          0x08002db0   Data           0  lc_numeric_c.o(locale$$data)
    __lcnum_c_thousands                      0x08002db2   Data           0  lc_numeric_c.o(locale$$data)
    __lcnum_c_grouping                       0x08002db3   Data           0  lc_numeric_c.o(locale$$data)
    __lcnum_c_end                            0x08002db4   Data           0  lc_numeric_c.o(locale$$data)
    .data                                    0x20000000   Section        2  main.o(.data)
    .data                                    0x20000002   Section       20  stm32f10x_rcc.o(.data)
    APBAHBPrescTable                         0x20000002   Data          16  stm32f10x_rcc.o(.data)
    ADCPrescTable                            0x20000012   Data           4  stm32f10x_rcc.o(.data)
    .data                                    0x20000018   Section       20  system_stm32f10x.o(.data)
    .data                                    0x2000002c   Section        4  stdio_streams.o(.data)
    .data                                    0x20000030   Section        4  stdio_streams.o(.data)
    .data                                    0x20000034   Section        4  stdio_streams.o(.data)
    .bss                                     0x20000038   Section       64  main.o(.bss)
    .bss                                     0x20000078   Section       84  stdio_streams.o(.bss)
    .bss                                     0x200000cc   Section       84  stdio_streams.o(.bss)
    .bss                                     0x20000120   Section       84  stdio_streams.o(.bss)
    .bss                                     0x20000174   Section       96  libspace.o(.bss)
    HEAP                                     0x200001d8   Section      512  startup_stm32f10x_hd.o(HEAP)
    Heap_Mem                                 0x200001d8   Data         512  startup_stm32f10x_hd.o(HEAP)
    STACK                                    0x200003d8   Section     1024  startup_stm32f10x_hd.o(STACK)
    Stack_Mem                                0x200003d8   Data        1024  startup_stm32f10x_hd.o(STACK)
    __initial_sp                             0x200007d8   Data           0  startup_stm32f10x_hd.o(STACK)

    Global Symbols

    Symbol Name                              Value     Ov Type        Size  Object(Section)

    BuildAttributes$$THM_ISAv4$P$D$K$B$S$PE$A:L22UL41UL21$X:L11$S22US41US21$IEEE1$IW$USESV6$~STKCKD$USESV7$~SHL$OTIME$ROPI$IEEEJ$EBA8$UX$STANDARDLIB$REQ8$PRES8$EABIv2 0x00000000   Number         0  anon$$obj.o ABSOLUTE
    __ARM_use_no_argv                        0x00000000   Number         0  main.o ABSOLUTE
    __ARM_exceptions_init                     - Undefined Weak Reference
    __alloca_initialize                       - Undefined Weak Reference
    __cpp_initialize__aeabi_                  - Undefined Weak Reference
    __cxa_finalize                            - Undefined Weak Reference
    __sigvec_lookup                           - Undefined Weak Reference
    __user_heap_extent                        - Undefined Weak Reference
    _atexit_init                              - Undefined Weak Reference
    _call_atexit_fns                          - Undefined Weak Reference
    _clock_init                               - Undefined Weak Reference
    _fp_trap_init                             - Undefined Weak Reference
    _fp_trap_shutdown                         - Undefined Weak Reference
    _get_lc_collate                           - Undefined Weak Reference
    _get_lc_ctype                             - Undefined Weak Reference
    _get_lc_monetary                          - Undefined Weak Reference
    _get_lc_time                              - Undefined Weak Reference
    _getenv_init                              - Undefined Weak Reference
    _handle_redirection                       - Undefined Weak Reference
    _mutex_acquire                            - Undefined Weak Reference
    _mutex_free                               - Undefined Weak Reference
    _mutex_release                            - Undefined Weak Reference
    _printf_post_padding                      - Undefined Weak Reference
    _printf_pre_padding                       - Undefined Weak Reference
    _rand_init                                - Undefined Weak Reference
    _signal_finish                            - Undefined Weak Reference
    _signal_init                              - Undefined Weak Reference
    __Vectors_Size                           0x00000130   Number         0  startup_stm32f10x_hd.o ABSOLUTE
    __Vectors                                0x08000000   Data           4  startup_stm32f10x_hd.o(RESET)
    __Vectors_End                            0x08000130   Data           0  startup_stm32f10x_hd.o(RESET)
    __main                                   0x08000131   Thumb Code     8  __main.o(!!!main)
    __scatterload                            0x08000139   Thumb Code     0  __scatter.o(!!!scatter)
    __scatterload_rt2                        0x08000139   Thumb Code    44  __scatter.o(!!!scatter)
    __scatterload_rt2_thumb_only             0x08000139   Thumb Code     0  __scatter.o(!!!scatter)
    __scatterload_null                       0x08000147   Thumb Code     0  __scatter.o(!!!scatter)
    __scatterload_copy                       0x0800016d   Thumb Code    26  __scatter_copy.o(!!handler_copy)
    __scatterload_zeroinit                   0x08000189   Thumb Code    28  __scatter_zi.o(!!handler_zi)
    _printf_f                                0x080001a5   Thumb Code     0  _printf_f.o(.ARM.Collect$$_printf_percent$$00000003)
    _printf_percent                          0x080001a5   Thumb Code     0  _printf_percent.o(.ARM.Collect$$_printf_percent$$00000000)
    _printf_percent_end                      0x080001ab   Thumb Code     0  _printf_percent_end.o(.ARM.Collect$$_printf_percent$$00000017)
    __rt_lib_init                            0x080001af   Thumb Code     0  libinit.o(.ARM.Collect$$libinit$$00000000)
    __rt_lib_init_fp_1                       0x080001b1   Thumb Code     0  libinit2.o(.ARM.Collect$$libinit$$00000002)
    __rt_lib_init_heap_2                     0x080001b1   Thumb Code     0  libinit2.o(.ARM.Collect$$libinit$$00000003)
    __rt_lib_init_heap_1                     0x080001b9   Thumb Code     0  libinit2.o(.ARM.Collect$$libinit$$00000008)
    __rt_lib_init_lc_common                  0x080001b9   Thumb Code     0  libinit2.o(.ARM.Collect$$libinit$$0000000D)
    __rt_lib_init_rand_1                     0x080001b9   Thumb Code     0  libinit2.o(.ARM.Collect$$libinit$$0000000C)
    __rt_lib_init_user_alloc_1               0x080001b9   Thumb Code     0  libinit2.o(.ARM.Collect$$libinit$$0000000A)
    __rt_lib_init_lc_collate_1               0x080001bf   Thumb Code     0  libinit2.o(.ARM.Collect$$libinit$$0000000F)
    __rt_lib_init_lc_ctype_1                 0x080001bf   Thumb Code     0  libinit2.o(.ARM.Collect$$libinit$$00000011)
    __rt_lib_init_lc_monetary_1              0x080001bf   Thumb Code     0  libinit2.o(.ARM.Collect$$libinit$$00000013)
    __rt_lib_init_lc_numeric_2               0x080001bf   Thumb Code     0  libinit2.o(.ARM.Collect$$libinit$$00000014)
    __rt_lib_init_atexit_1                   0x080001c9   Thumb Code     0  libinit2.o(.ARM.Collect$$libinit$$00000019)
    __rt_lib_init_clock_1                    0x080001c9   Thumb Code     0  libinit2.o(.ARM.Collect$$libinit$$0000001F)
    __rt_lib_init_fp_trap_1                  0x080001c9   Thumb Code     0  libinit2.o(.ARM.Collect$$libinit$$0000001D)
    __rt_lib_init_getenv_1                   0x080001c9   Thumb Code     0  libinit2.o(.ARM.Collect$$libinit$$00000021)
    __rt_lib_init_lc_numeric_1               0x080001c9   Thumb Code     0  libinit2.o(.ARM.Collect$$libinit$$00000015)
    __rt_lib_init_lc_time_1                  0x080001c9   Thumb Code     0  libinit2.o(.ARM.Collect$$libinit$$00000017)
    __rt_lib_init_signal_1                   0x080001c9   Thumb Code     0  libinit2.o(.ARM.Collect$$libinit$$0000001B)
    __rt_lib_init_stdio_2                    0x080001c9   Thumb Code     0  libinit2.o(.ARM.Collect$$libinit$$00000022)
    __rt_lib_init_alloca_1                   0x080001cd   Thumb Code     0  libinit2.o(.ARM.Collect$$libinit$$0000002C)
    __rt_lib_init_argv_1                     0x080001cd   Thumb Code     0  libinit2.o(.ARM.Collect$$libinit$$0000002A)
    __rt_lib_init_cpp_1                      0x080001cd   Thumb Code     0  libinit2.o(.ARM.Collect$$libinit$$00000030)
    __rt_lib_init_exceptions_1               0x080001cd   Thumb Code     0  libinit2.o(.ARM.Collect$$libinit$$0000002E)
    __rt_lib_init_return                     0x080001cd   Thumb Code     0  libinit2.o(.ARM.Collect$$libinit$$00000031)
    __rt_lib_init_stdio_1                    0x080001cd   Thumb Code     0  libinit2.o(.ARM.Collect$$libinit$$00000023)
    __rt_lib_shutdown                        0x080001cf   Thumb Code     0  libshutdown.o(.ARM.Collect$$libshutdown$$00000000)
    __rt_lib_shutdown_stdio_2                0x080001d1   Thumb Code     0  libshutdown2.o(.ARM.Collect$$libshutdown$$00000002)
    __rt_lib_shutdown_fp_trap_1              0x080001d5   Thumb Code     0  libshutdown2.o(.ARM.Collect$$libshutdown$$00000006)
    __rt_lib_shutdown_heap_1                 0x080001d5   Thumb Code     0  libshutdown2.o(.ARM.Collect$$libshutdown$$0000000E)
    __rt_lib_shutdown_return                 0x080001d5   Thumb Code     0  libshutdown2.o(.ARM.Collect$$libshutdown$$0000000F)
    __rt_lib_shutdown_signal_1               0x080001d5   Thumb Code     0  libshutdown2.o(.ARM.Collect$$libshutdown$$00000009)
    __rt_lib_shutdown_stdio_1                0x080001d5   Thumb Code     0  libshutdown2.o(.ARM.Collect$$libshutdown$$00000003)
    __rt_lib_shutdown_user_alloc_1           0x080001d5   Thumb Code     0  libshutdown2.o(.ARM.Collect$$libshutdown$$0000000B)
    __rt_entry                               0x080001d7   Thumb Code     0  rtentry.o(.ARM.Collect$$rtentry$$00000000)
    __rt_entry_presh_1                       0x080001d7   Thumb Code     0  rtentry2.o(.ARM.Collect$$rtentry$$00000002)
    __rt_entry_sh                            0x080001d7   Thumb Code     0  rtentry4.o(.ARM.Collect$$rtentry$$00000004)
    __rt_entry_li                            0x080001dd   Thumb Code     0  rtentry2.o(.ARM.Collect$$rtentry$$0000000A)
    __rt_entry_postsh_1                      0x080001dd   Thumb Code     0  rtentry2.o(.ARM.Collect$$rtentry$$00000009)
    __rt_entry_main                          0x080001e1   Thumb Code     0  rtentry2.o(.ARM.Collect$$rtentry$$0000000D)
    __rt_entry_postli_1                      0x080001e1   Thumb Code     0  rtentry2.o(.ARM.Collect$$rtentry$$0000000C)
    __rt_exit                                0x080001e9   Thumb Code     0  rtexit.o(.ARM.Collect$$rtexit$$00000000)
    __rt_exit_ls                             0x080001eb   Thumb Code     0  rtexit2.o(.ARM.Collect$$rtexit$$00000003)
    __rt_exit_prels_1                        0x080001eb   Thumb Code     0  rtexit2.o(.ARM.Collect$$rtexit$$00000002)
    __rt_exit_exit                           0x080001ef   Thumb Code     0  rtexit2.o(.ARM.Collect$$rtexit$$00000004)
    NMI_Handler                              0x080001f5   Thumb Code     2  stm32f10x_it.o(.text)
    _maybe_terminate_alloc                   0x080001f5   Thumb Code     0  maybetermalloc1.o(.emb_text)
    HardFault_Handler                        0x080001f7   Thumb Code     4  stm32f10x_it.o(.text)
    MemManage_Handler                        0x080001fb   Thumb Code     4  stm32f10x_it.o(.text)
    BusFault_Handler                         0x080001ff   Thumb Code     4  stm32f10x_it.o(.text)
    UsageFault_Handler                       0x08000203   Thumb Code     4  stm32f10x_it.o(.text)
    SVC_Handler                              0x08000207   Thumb Code     2  stm32f10x_it.o(.text)
    DebugMon_Handler                         0x08000209   Thumb Code     2  stm32f10x_it.o(.text)
    PendSV_Handler                           0x0800020b   Thumb Code     2  stm32f10x_it.o(.text)
    SysTick_Handler                          0x0800020d   Thumb Code     2  stm32f10x_it.o(.text)
    GPIO_Configuration                       0x08000211   Thumb Code    24  main.o(.text)
    RCC_Configuration                        0x08000229   Thumb Code    30  main.o(.text)
    main                                     0x08000247   Thumb Code   210  main.o(.text)
    RCC_DeInit                               0x08000335   Thumb Code    64  stm32f10x_rcc.o(.text)
    RCC_HSEConfig                            0x08000375   Thumb Code    70  stm32f10x_rcc.o(.text)
    RCC_GetFlagStatus                        0x080003bb   Thumb Code    56  stm32f10x_rcc.o(.text)
    RCC_WaitForHSEStartUp                    0x080003f3   Thumb Code    56  stm32f10x_rcc.o(.text)
    RCC_AdjustHSICalibrationValue            0x0800042b   Thumb Code    20  stm32f10x_rcc.o(.text)
    RCC_HSICmd                               0x0800043f   Thumb Code     6  stm32f10x_rcc.o(.text)
    RCC_PLLConfig                            0x08000445   Thumb Code    24  stm32f10x_rcc.o(.text)
    RCC_PLLCmd                               0x0800045d   Thumb Code     6  stm32f10x_rcc.o(.text)
    RCC_SYSCLKConfig                         0x08000463   Thumb Code    18  stm32f10x_rcc.o(.text)
    RCC_GetSYSCLKSource                      0x08000475   Thumb Code    10  stm32f10x_rcc.o(.text)
    RCC_HCLKConfig                           0x0800047f   Thumb Code    18  stm32f10x_rcc.o(.text)
    RCC_PCLK1Config                          0x08000491   Thumb Code    18  stm32f10x_rcc.o(.text)
    RCC_PCLK2Config                          0x080004a3   Thumb Code    20  stm32f10x_rcc.o(.text)
    RCC_ITConfig                             0x080004b7   Thumb Code    26  stm32f10x_rcc.o(.text)
    RCC_USBCLKConfig                         0x080004d1   Thumb Code     8  stm32f10x_rcc.o(.text)
    RCC_ADCCLKConfig                         0x080004d9   Thumb Code    18  stm32f10x_rcc.o(.text)
    RCC_LSEConfig                            0x080004eb   Thumb Code    50  stm32f10x_rcc.o(.text)
    RCC_LSICmd                               0x0800051d   Thumb Code     6  stm32f10x_rcc.o(.text)
    RCC_RTCCLKConfig                         0x08000523   Thumb Code    12  stm32f10x_rcc.o(.text)
    RCC_RTCCLKCmd                            0x0800052f   Thumb Code     8  stm32f10x_rcc.o(.text)
    RCC_GetClocksFreq                        0x08000537   Thumb Code   192  stm32f10x_rcc.o(.text)
    RCC_AHBPeriphClockCmd                    0x080005f7   Thumb Code    26  stm32f10x_rcc.o(.text)
    RCC_APB2PeriphClockCmd                   0x08000611   Thumb Code    26  stm32f10x_rcc.o(.text)
    RCC_APB1PeriphClockCmd                   0x0800062b   Thumb Code    26  stm32f10x_rcc.o(.text)
    RCC_APB2PeriphResetCmd                   0x08000645   Thumb Code    26  stm32f10x_rcc.o(.text)
    RCC_APB1PeriphResetCmd                   0x0800065f   Thumb Code    26  stm32f10x_rcc.o(.text)
    RCC_BackupResetCmd                       0x08000679   Thumb Code     8  stm32f10x_rcc.o(.text)
    RCC_ClockSecuritySystemCmd               0x08000681   Thumb Code     6  stm32f10x_rcc.o(.text)
    RCC_MCOConfig                            0x08000687   Thumb Code     6  stm32f10x_rcc.o(.text)
    RCC_ClearFlag                            0x0800068d   Thumb Code    14  stm32f10x_rcc.o(.text)
    RCC_GetITStatus                          0x0800069b   Thumb Code    20  stm32f10x_rcc.o(.text)
    RCC_ClearITPendingBit                    0x080006af   Thumb Code     6  stm32f10x_rcc.o(.text)
    GPIO_DeInit                              0x080006d9   Thumb Code   172  stm32f10x_gpio.o(.text)
    GPIO_AFIODeInit                          0x08000785   Thumb Code    20  stm32f10x_gpio.o(.text)
    GPIO_Init                                0x08000799   Thumb Code   278  stm32f10x_gpio.o(.text)
    GPIO_StructInit                          0x080008af   Thumb Code    16  stm32f10x_gpio.o(.text)
    GPIO_ReadInputDataBit                    0x080008bf   Thumb Code    18  stm32f10x_gpio.o(.text)
    GPIO_ReadInputData                       0x080008d1   Thumb Code     8  stm32f10x_gpio.o(.text)
    GPIO_ReadOutputDataBit                   0x080008d9   Thumb Code    18  stm32f10x_gpio.o(.text)
    GPIO_ReadOutputData                      0x080008eb   Thumb Code     8  stm32f10x_gpio.o(.text)
    GPIO_SetBits                             0x080008f3   Thumb Code     4  stm32f10x_gpio.o(.text)
    GPIO_ResetBits                           0x080008f7   Thumb Code     4  stm32f10x_gpio.o(.text)
    GPIO_WriteBit                            0x080008fb   Thumb Code    10  stm32f10x_gpio.o(.text)
    GPIO_Write                               0x08000905   Thumb Code     4  stm32f10x_gpio.o(.text)
    GPIO_PinLockConfig                       0x08000909   Thumb Code    18  stm32f10x_gpio.o(.text)
    GPIO_EventOutputConfig                   0x0800091b   Thumb Code    26  stm32f10x_gpio.o(.text)
    GPIO_EventOutputCmd                      0x08000935   Thumb Code     6  stm32f10x_gpio.o(.text)
    GPIO_PinRemapConfig                      0x0800093b   Thumb Code   138  stm32f10x_gpio.o(.text)
    GPIO_EXTILineConfig                      0x080009c5   Thumb Code    66  stm32f10x_gpio.o(.text)
    GPIO_ETH_MediaInterfaceConfig            0x08000a07   Thumb Code     8  stm32f10x_gpio.o(.text)
    DMA_DeInit                               0x08000a35   Thumb Code   324  stm32f10x_dma.o(.text)
    DMA_Init                                 0x08000b79   Thumb Code    60  stm32f10x_dma.o(.text)
    DMA_StructInit                           0x08000bb5   Thumb Code    26  stm32f10x_dma.o(.text)
    DMA_Cmd                                  0x08000bcf   Thumb Code    24  stm32f10x_dma.o(.text)
    DMA_ITConfig                             0x08000be7   Thumb Code    18  stm32f10x_dma.o(.text)
    DMA_SetCurrDataCounter                   0x08000bf9   Thumb Code     4  stm32f10x_dma.o(.text)
    DMA_GetCurrDataCounter                   0x08000bfd   Thumb Code     8  stm32f10x_dma.o(.text)
    DMA_GetFlagStatus                        0x08000c05   Thumb Code    40  stm32f10x_dma.o(.text)
    DMA_ClearFlag                            0x08000c2d   Thumb Code    22  stm32f10x_dma.o(.text)
    DMA_GetITStatus                          0x08000c43   Thumb Code    40  stm32f10x_dma.o(.text)
    DMA_ClearITPendingBit                    0x08000c6b   Thumb Code    22  stm32f10x_dma.o(.text)
    ADC_DeInit                               0x08000c89   Thumb Code    78  stm32f10x_adc.o(.text)
    ADC_Init                                 0x08000cd7   Thumb Code    70  stm32f10x_adc.o(.text)
    ADC_StructInit                           0x08000d1d   Thumb Code    18  stm32f10x_adc.o(.text)
    ADC_Cmd                                  0x08000d2f   Thumb Code    22  stm32f10x_adc.o(.text)
    ADC_DMACmd                               0x08000d45   Thumb Code    22  stm32f10x_adc.o(.text)
    ADC_ITConfig                             0x08000d5b   Thumb Code    24  stm32f10x_adc.o(.text)
    ADC_ResetCalibration                     0x08000d73   Thumb Code    10  stm32f10x_adc.o(.text)
    ADC_GetResetCalibrationStatus            0x08000d7d   Thumb Code    20  stm32f10x_adc.o(.text)
    ADC_StartCalibration                     0x08000d91   Thumb Code    10  stm32f10x_adc.o(.text)
    ADC_GetCalibrationStatus                 0x08000d9b   Thumb Code    20  stm32f10x_adc.o(.text)
    ADC_SoftwareStartConvCmd                 0x08000daf   Thumb Code    22  stm32f10x_adc.o(.text)
    ADC_GetSoftwareStartConvStatus           0x08000dc5   Thumb Code    20  stm32f10x_adc.o(.text)
    ADC_DiscModeChannelCountConfig           0x08000dd9   Thumb Code    24  stm32f10x_adc.o(.text)
    ADC_DiscModeCmd                          0x08000df1   Thumb Code    22  stm32f10x_adc.o(.text)
    ADC_RegularChannelConfig                 0x08000e07   Thumb Code   184  stm32f10x_adc.o(.text)
    ADC_ExternalTrigConvCmd                  0x08000ebf   Thumb Code    22  stm32f10x_adc.o(.text)
    ADC_GetConversionValue                   0x08000ed5   Thumb Code     8  stm32f10x_adc.o(.text)
    ADC_GetDualModeConversionValue           0x08000edd   Thumb Code     8  stm32f10x_adc.o(.text)
    ADC_AutoInjectedConvCmd                  0x08000ee5   Thumb Code    22  stm32f10x_adc.o(.text)
    ADC_InjectedDiscModeCmd                  0x08000efb   Thumb Code    22  stm32f10x_adc.o(.text)
    ADC_ExternalTrigInjectedConvConfig       0x08000f11   Thumb Code    16  stm32f10x_adc.o(.text)
    ADC_ExternalTrigInjectedConvCmd          0x08000f21   Thumb Code    22  stm32f10x_adc.o(.text)
    ADC_SoftwareStartInjectedConvCmd         0x08000f37   Thumb Code    22  stm32f10x_adc.o(.text)
    ADC_GetSoftwareStartInjectedConvCmdStatus 0x08000f4d   Thumb Code    20  stm32f10x_adc.o(.text)
    ADC_InjectedChannelConfig                0x08000f61   Thumb Code   130  stm32f10x_adc.o(.text)
    ADC_InjectedSequencerLengthConfig        0x08000fe3   Thumb Code    24  stm32f10x_adc.o(.text)
    ADC_SetInjectedOffset                    0x08000ffb   Thumb Code    20  stm32f10x_adc.o(.text)
    ADC_GetInjectedConversionValue           0x0800100f   Thumb Code    28  stm32f10x_adc.o(.text)
    ADC_AnalogWatchdogCmd                    0x0800102b   Thumb Code    16  stm32f10x_adc.o(.text)
    ADC_AnalogWatchdogThresholdsConfig       0x0800103b   Thumb Code     6  stm32f10x_adc.o(.text)
    ADC_AnalogWatchdogSingleChannelConfig    0x08001041   Thumb Code    16  stm32f10x_adc.o(.text)
    ADC_TempSensorVrefintCmd                 0x08001051   Thumb Code    64  stm32f10x_adc.o(.text)
    ADC_GetFlagStatus                        0x08001091   Thumb Code    18  stm32f10x_adc.o(.text)
    ADC_ClearFlag                            0x080010a3   Thumb Code     6  stm32f10x_adc.o(.text)
    ADC_GetITStatus                          0x080010a9   Thumb Code    36  stm32f10x_adc.o(.text)
    ADC_ClearITPendingBit                    0x080010cd   Thumb Code    10  stm32f10x_adc.o(.text)
    Reset_Handler                            0x080010d9   Thumb Code     8  startup_stm32f10x_hd.o(.text)
    ADC1_2_IRQHandler                        0x080010f3   Thumb Code     0  startup_stm32f10x_hd.o(.text)
    ADC3_IRQHandler                          0x080010f3   Thumb Code     0  startup_stm32f10x_hd.o(.text)
    CAN1_RX1_IRQHandler                      0x080010f3   Thumb Code     0  startup_stm32f10x_hd.o(.text)
    CAN1_SCE_IRQHandler                      0x080010f3   Thumb Code     0  startup_stm32f10x_hd.o(.text)
    DMA1_Channel1_IRQHandler                 0x080010f3   Thumb Code     0  startup_stm32f10x_hd.o(.text)
    DMA1_Channel2_IRQHandler                 0x080010f3   Thumb Code     0  startup_stm32f10x_hd.o(.text)
    DMA1_Channel3_IRQHandler                 0x080010f3   Thumb Code     0  startup_stm32f10x_hd.o(.text)
    DMA1_Channel4_IRQHandler                 0x080010f3   Thumb Code     0  startup_stm32f10x_hd.o(.text)
    DMA1_Channel5_IRQHandler                 0x080010f3   Thumb Code     0  startup_stm32f10x_hd.o(.text)
    DMA1_Channel6_IRQHandler                 0x080010f3   Thumb Code     0  startup_stm32f10x_hd.o(.text)
    DMA1_Channel7_IRQHandler                 0x080010f3   Thumb Code     0  startup_stm32f10x_hd.o(.text)
    DMA2_Channel1_IRQHandler                 0x080010f3   Thumb Code     0  startup_stm32f10x_hd.o(.text)
    DMA2_Channel2_IRQHandler                 0x080010f3   Thumb Code     0  startup_stm32f10x_hd.o(.text)
    DMA2_Channel3_IRQHandler                 0x080010f3   Thumb Code     0  startup_stm32f10x_hd.o(.text)
    DMA2_Channel4_5_IRQHandler               0x080010f3   Thumb Code     0  startup_stm32f10x_hd.o(.text)
    EXTI0_IRQHandler                         0x080010f3   Thumb Code     0  startup_stm32f10x_hd.o(.text)
    EXTI15_10_IRQHandler                     0x080010f3   Thumb Code     0  startup_stm32f10x_hd.o(.text)
    EXTI1_IRQHandler                         0x080010f3   Thumb Code     0  startup_stm32f10x_hd.o(.text)
    EXTI2_IRQHandler                         0x080010f3   Thumb Code     0  startup_stm32f10x_hd.o(.text)
    EXTI3_IRQHandler                         0x080010f3   Thumb Code     0  startup_stm32f10x_hd.o(.text)
    EXTI4_IRQHandler                         0x080010f3   Thumb Code     0  startup_stm32f10x_hd.o(.text)
    EXTI9_5_IRQHandler                       0x080010f3   Thumb Code     0  startup_stm32f10x_hd.o(.text)
    FLASH_IRQHandler                         0x080010f3   Thumb Code     0  startup_stm32f10x_hd.o(.text)
    FSMC_IRQHandler                          0x080010f3   Thumb Code     0  startup_stm32f10x_hd.o(.text)
    I2C1_ER_IRQHandler                       0x080010f3   Thumb Code     0  startup_stm32f10x_hd.o(.text)
    I2C1_EV_IRQHandler                       0x080010f3   Thumb Code     0  startup_stm32f10x_hd.o(.text)
    I2C2_ER_IRQHandler                       0x080010f3   Thumb Code     0  startup_stm32f10x_hd.o(.text)
    I2C2_EV_IRQHandler                       0x080010f3   Thumb Code     0  startup_stm32f10x_hd.o(.text)
    PVD_IRQHandler                           0x080010f3   Thumb Code     0  startup_stm32f10x_hd.o(.text)
    RCC_IRQHandler                           0x080010f3   Thumb Code     0  startup_stm32f10x_hd.o(.text)
    RTCAlarm_IRQHandler                      0x080010f3   Thumb Code     0  startup_stm32f10x_hd.o(.text)
    RTC_IRQHandler                           0x080010f3   Thumb Code     0  startup_stm32f10x_hd.o(.text)
    SDIO_IRQHandler                          0x080010f3   Thumb Code     0  startup_stm32f10x_hd.o(.text)
    SPI1_IRQHandler                          0x080010f3   Thumb Code     0  startup_stm32f10x_hd.o(.text)
    SPI2_IRQHandler                          0x080010f3   Thumb Code     0  startup_stm32f10x_hd.o(.text)
    SPI3_IRQHandler                          0x080010f3   Thumb Code     0  startup_stm32f10x_hd.o(.text)
    TAMPER_IRQHandler                        0x080010f3   Thumb Code     0  startup_stm32f10x_hd.o(.text)
    TIM1_BRK_IRQHandler                      0x080010f3   Thumb Code     0  startup_stm32f10x_hd.o(.text)
    TIM1_CC_IRQHandler                       0x080010f3   Thumb Code     0  startup_stm32f10x_hd.o(.text)
    TIM1_TRG_COM_IRQHandler                  0x080010f3   Thumb Code     0  startup_stm32f10x_hd.o(.text)
    TIM1_UP_IRQHandler                       0x080010f3   Thumb Code     0  startup_stm32f10x_hd.o(.text)
    TIM2_IRQHandler                          0x080010f3   Thumb Code     0  startup_stm32f10x_hd.o(.text)
    TIM3_IRQHandler                          0x080010f3   Thumb Code     0  startup_stm32f10x_hd.o(.text)
    TIM4_IRQHandler                          0x080010f3   Thumb Code     0  startup_stm32f10x_hd.o(.text)
    TIM5_IRQHandler                          0x080010f3   Thumb Code     0  startup_stm32f10x_hd.o(.text)
    TIM6_IRQHandler                          0x080010f3   Thumb Code     0  startup_stm32f10x_hd.o(.text)
    TIM7_IRQHandler                          0x080010f3   Thumb Code     0  startup_stm32f10x_hd.o(.text)
    TIM8_BRK_IRQHandler                      0x080010f3   Thumb Code     0  startup_stm32f10x_hd.o(.text)
    TIM8_CC_IRQHandler                       0x080010f3   Thumb Code     0  startup_stm32f10x_hd.o(.text)
    TIM8_TRG_COM_IRQHandler                  0x080010f3   Thumb Code     0  startup_stm32f10x_hd.o(.text)
    TIM8_UP_IRQHandler                       0x080010f3   Thumb Code     0  startup_stm32f10x_hd.o(.text)
    UART4_IRQHandler                         0x080010f3   Thumb Code     0  startup_stm32f10x_hd.o(.text)
    UART5_IRQHandler                         0x080010f3   Thumb Code     0  startup_stm32f10x_hd.o(.text)
    USART1_IRQHandler                        0x080010f3   Thumb Code     0  startup_stm32f10x_hd.o(.text)
    USART2_IRQHandler                        0x080010f3   Thumb Code     0  startup_stm32f10x_hd.o(.text)
    USART3_IRQHandler                        0x080010f3   Thumb Code     0  startup_stm32f10x_hd.o(.text)
    USBWakeUp_IRQHandler                     0x080010f3   Thumb Code     0  startup_stm32f10x_hd.o(.text)
    USB_HP_CAN1_TX_IRQHandler                0x080010f3   Thumb Code     0  startup_stm32f10x_hd.o(.text)
    USB_LP_CAN1_RX0_IRQHandler               0x080010f3   Thumb Code     0  startup_stm32f10x_hd.o(.text)
    WWDG_IRQHandler                          0x080010f3   Thumb Code     0  startup_stm32f10x_hd.o(.text)
    __user_initial_stackheap                 0x080010f5   Thumb Code     0  startup_stm32f10x_hd.o(.text)
    SystemInit                               0x080011f7   Thumb Code    78  system_stm32f10x.o(.text)
    SystemCoreClockUpdate                    0x08001245   Thumb Code   142  system_stm32f10x.o(.text)
    __2printf                                0x080012f9   Thumb Code    20  noretval__2printf.o(.text)
    __printf                                 0x08001311   Thumb Code   104  __printf.o(.text)
    __use_two_region_memory                  0x08001379   Thumb Code     2  heapauxi.o(.text)
    __rt_heap_escrow                         0x0800137b   Thumb Code     2  heapauxi.o(.text)
    __rt_heap_expand                         0x0800137d   Thumb Code     2  heapauxi.o(.text)
    __lib_sel_fp_printf                      0x0800137f   Thumb Code     2  _printf_fp_dec.o(.text)
    _printf_fp_dec_real                      0x0800152d   Thumb Code   616  _printf_fp_dec.o(.text)
    _printf_char_file                        0x08001795   Thumb Code    32  _printf_char_file.o(.text)
    __rt_locale                              0x080017b9   Thumb Code     8  rt_locale_intlibspace.o(.text)
    _ll_udiv10                               0x080017c1   Thumb Code   138  lludiv10.o(.text)
    _printf_char_common                      0x08001857   Thumb Code    32  _printf_char_common.o(.text)
    _printf_fp_infnan                        0x0800187d   Thumb Code   112  _printf_fp_infnan.o(.text)
    _btod_etento                             0x080018fd   Thumb Code   212  bigflt0.o(.text)
    ferror                                   0x080019d5   Thumb Code     8  ferror.o(.text)
    _initio                                  0x080019dd   Thumb Code   210  initio.o(.text)
    _terminateio                             0x08001aaf   Thumb Code    56  initio.o(.text)
    _sys_open                                0x08001b15   Thumb Code    20  sys_io.o(.text)
    _sys_close                               0x08001b29   Thumb Code    12  sys_io.o(.text)
    _sys_write                               0x08001b35   Thumb Code    16  sys_io.o(.text)
    _sys_read                                0x08001b45   Thumb Code    14  sys_io.o(.text)
    _sys_istty                               0x08001b53   Thumb Code    12  sys_io.o(.text)
    _sys_seek                                0x08001b5f   Thumb Code    14  sys_io.o(.text)
    _sys_ensure                              0x08001b6d   Thumb Code     2  sys_io.o(.text)
    _sys_flen                                0x08001b6f   Thumb Code    12  sys_io.o(.text)
    __user_libspace                          0x08001b7d   Thumb Code     8  libspace.o(.text)
    __user_perproc_libspace                  0x08001b7d   Thumb Code     0  libspace.o(.text)
    __user_perthread_libspace                0x08001b7d   Thumb Code     0  libspace.o(.text)
    __user_setup_stackheap                   0x08001b85   Thumb Code    74  sys_stackheap_outer.o(.text)
    free                                     0x08001bcf   Thumb Code    78  h1_free.o(.text)
    __flsbuf                                 0x08001c1d   Thumb Code   470  flsbuf.o(.text)
    __flsbuf_byte                            0x08001c1d   Thumb Code     0  flsbuf.o(.text)
    __flsbuf_wide                            0x08001c1d   Thumb Code     0  flsbuf.o(.text)
    setvbuf                                  0x08001df3   Thumb Code    70  setvbuf.o(.text)
    freopen                                  0x08001e39   Thumb Code   158  fopen.o(.text)
    fopen                                    0x08001ed7   Thumb Code    74  fopen.o(.text)
    _fclose_internal                         0x08001f25   Thumb Code    76  fclose.o(.text)
    fclose                                   0x08001f25   Thumb Code     0  fclose.o(.text)
    exit                                     0x08001f71   Thumb Code    12  exit.o(.text)
    __rt_SIGRTRED                            0x08001f7d   Thumb Code    14  defsig_rtred_outer.o(.text)
    __aeabi_memclr4                          0x08001f8b   Thumb Code     0  rt_memclr_w.o(.text)
    __aeabi_memclr8                          0x08001f8b   Thumb Code     0  rt_memclr_w.o(.text)
    __rt_memclr_w                            0x08001f8b   Thumb Code    78  rt_memclr_w.o(.text)
    _memset_w                                0x08001f8f   Thumb Code     0  rt_memclr_w.o(.text)
    strcmp                                   0x08001fd9   Thumb Code   128  strcmpv7m.o(.text)
    __I$use$semihosting                      0x08002059   Thumb Code     0  use_no_semi.o(.text)
    __use_no_semihosting_swi                 0x08002059   Thumb Code     2  use_no_semi.o(.text)
    __semihosting_library_function           0x0800205b   Thumb Code     0  indicate_semi.o(.text)
    __rt_heap_descriptor                     0x0800205d   Thumb Code     8  rt_heap_descriptor_intlibspace.o(.text)
    __use_no_heap                            0x08002065   Thumb Code     2  hguard.o(.text)
    __heap$guard                             0x08002067   Thumb Code     2  hguard.o(.text)
    _terminate_user_alloc                    0x08002069   Thumb Code     2  init_alloc.o(.text)
    _init_user_alloc                         0x0800206b   Thumb Code     2  init_alloc.o(.text)
    __Heap_Full                              0x0800206d   Thumb Code    34  init_alloc.o(.text)
    __Heap_Broken                            0x0800208f   Thumb Code     6  init_alloc.o(.text)
    _init_alloc                              0x08002095   Thumb Code    94  init_alloc.o(.text)
    malloc                                   0x080020f3   Thumb Code    94  h1_alloc.o(.text)
    _fseek                                   0x08002151   Thumb Code   242  fseek.o(.text)
    fseek                                    0x08002151   Thumb Code     0  fseek.o(.text)
    _seterr                                  0x08002249   Thumb Code    20  stdio.o(.text)
    _writebuf                                0x0800225d   Thumb Code    84  stdio.o(.text)
    _fflush                                  0x080022b1   Thumb Code    70  stdio.o(.text)
    _deferredlazyseek                        0x080022f7   Thumb Code    60  stdio.o(.text)
    __sig_exit                               0x08002339   Thumb Code    10  defsig_exit.o(.text)
    __rt_SIGRTRED_inner                      0x08002345   Thumb Code    14  defsig_rtred_inner.o(.text)
    strlen                                   0x08002379   Thumb Code    62  strlen.o(.text)
    _sys_exit                                0x080023b9   Thumb Code     8  sys_exit.o(.text)
    __Heap_Initialize                        0x080023c5   Thumb Code    10  h1_init.o(.text)
    __Heap_DescSize                          0x080023cf   Thumb Code     4  h1_init.o(.text)
    __Heap_ProvideMemory                     0x080023d3   Thumb Code    52  h1_extend.o(.text)
    _ftell_internal                          0x08002407   Thumb Code    66  ftell.o(.text)
    ftell                                    0x08002407   Thumb Code     0  ftell.o(.text)
    __default_signal_display                 0x08002449   Thumb Code    50  defsig_general.o(.text)
    __rt_SIGRTMEM                            0x0800247b   Thumb Code    14  defsig_rtmem_outer.o(.text)
    _ttywrch                                 0x08002489   Thumb Code    14  sys_wrch.o(.text)
    __aeabi_errno_addr                       0x08002499   Thumb Code     8  rt_errno_addr_intlibspace.o(.text)
    __errno$intlibspace                      0x08002499   Thumb Code     0  rt_errno_addr_intlibspace.o(.text)
    __rt_errno_addr$intlibspace              0x08002499   Thumb Code     0  rt_errno_addr_intlibspace.o(.text)
    __rt_SIGRTMEM_inner                      0x080024a1   Thumb Code    22  defsig_rtmem_inner.o(.text)
    _btod_d2e                                0x080024f1   Thumb Code    62  btod.o(CL$$btod_d2e)
    _d2e_denorm_low                          0x0800252f   Thumb Code    70  btod.o(CL$$btod_d2e_denorm_low)
    _d2e_norm_op1                            0x08002575   Thumb Code    96  btod.o(CL$$btod_d2e_norm_op1)
    __btod_div_common                        0x080025d5   Thumb Code   696  btod.o(CL$$btod_div_common)
    _e2e                                     0x0800290d   Thumb Code   198  btod.o(CL$$btod_e2e)
    _btod_ediv                               0x080029d3   Thumb Code    40  btod.o(CL$$btod_ediv)
    _btod_emul                               0x080029fb   Thumb Code    40  btod.o(CL$$btod_emul)
    __btod_mult_common                       0x08002a23   Thumb Code   580  btod.o(CL$$btod_mult_common)
    __ARM_fpclassify                         0x08002c67   Thumb Code    40  fpclassify.o(i.__ARM_fpclassify)
    fputc                                    0x08002c8f   Thumb Code    26  fputc.o(i.fputc)
    _get_lc_numeric                          0x08002ca9   Thumb Code    44  lc_numeric_c.o(locale$$code)
    _printf_fp_dec                           0x08002cd5   Thumb Code     4  printf1.o(x$fpl$printf1)
    __I$use$fp                               0x08002cd8   Number         0  usenofp.o(x$fpl$usenofp)
    __stdin_name                             0x08002d6c   Data           4  sys_io.o(.constdata)
    __stdout_name                            0x08002d70   Data           4  sys_io.o(.constdata)
    __stderr_name                            0x08002d74   Data           4  sys_io.o(.constdata)
    Region$$Table$$Base                      0x08002d78   Number         0  anon$$obj.o(Region$$Table)
    Region$$Table$$Limit                     0x08002d98   Number         0  anon$$obj.o(Region$$Table)
    ADCConvertedValue                        0x20000000   Data           2  main.o(.data)
    SystemCoreClock                          0x20000018   Data           4  system_stm32f10x.o(.data)
    AHBPrescTable                            0x2000001c   Data          16  system_stm32f10x.o(.data)
    __aeabi_stdin                            0x2000002c   Data           4  stdio_streams.o(.data)
    __aeabi_stdout                           0x20000030   Data           4  stdio_streams.o(.data)
    __aeabi_stderr                           0x20000034   Data           4  stdio_streams.o(.data)
    ADC_InitStructure                        0x20000038   Data          20  main.o(.bss)
    DMA_InitStructure                        0x2000004c   Data          44  main.o(.bss)
    __stdin                                  0x20000078   Data          84  stdio_streams.o(.bss)
    __stdout                                 0x200000cc   Data          84  stdio_streams.o(.bss)
    __stderr                                 0x20000120   Data          84  stdio_streams.o(.bss)
    __libspace_start                         0x20000174   Data          96  libspace.o(.bss)
    __temporary_stack_top$libspace           0x200001d4   Data           0  libspace.o(.bss)



==============================================================================

Memory Map of the image

  Image Entry point : 0x08000131

  Load Region LOAD_ROM0 (Base: 0x08000000, Size: 0x00002dec, Max: 0xffffffff, ABSOLUTE)

    Execution Region EXEC_ROM0 (Base: 0x08000000, Size: 0x00002db4, Max: 0x00080000, ABSOLUTE)

    Base Addr    Size         Type   Attr      Idx    E Section Name        Object

    0x08000000   0x00000130   Data   RO           31    RESET               startup_stm32f10x_hd.o
    0x08000130   0x00000008   Code   RO           57  * !!!main             c_w.l(__main.o)
    0x08000138   0x00000034   Code   RO          310    !!!scatter          c_w.l(__scatter.o)
    0x0800016c   0x0000001a   Code   RO          311    !!handler_copy      c_w.l(__scatter_copy.o)
    0x08000186   0x00000002   PAD
    0x08000188   0x0000001c   Code   RO          312    !!handler_zi        c_w.l(__scatter_zi.o)
    0x080001a4   0x00000000   Code   RO           55    .ARM.Collect$$_printf_percent$$00000000  c_w.l(_printf_percent.o)
    0x080001a4   0x00000006   Code   RO           54    .ARM.Collect$$_printf_percent$$00000003  c_w.l(_printf_f.o)
    0x080001aa   0x00000004   Code   RO           62    .ARM.Collect$$_printf_percent$$00000017  c_w.l(_printf_percent_end.o)
    0x080001ae   0x00000002   Code   RO          168    .ARM.Collect$$libinit$$00000000  c_w.l(libinit.o)
    0x080001b0   0x00000000   Code   RO          170    .ARM.Collect$$libinit$$00000002  c_w.l(libinit2.o)
    0x080001b0   0x00000008   Code   RO          171    .ARM.Collect$$libinit$$00000003  c_w.l(libinit2.o)
    0x080001b8   0x00000000   Code   RO          173    .ARM.Collect$$libinit$$00000008  c_w.l(libinit2.o)
    0x080001b8   0x00000000   Code   RO          175    .ARM.Collect$$libinit$$0000000A  c_w.l(libinit2.o)
    0x080001b8   0x00000000   Code   RO          177    .ARM.Collect$$libinit$$0000000C  c_w.l(libinit2.o)
    0x080001b8   0x00000006   Code   RO          178    .ARM.Collect$$libinit$$0000000D  c_w.l(libinit2.o)
    0x080001be   0x00000000   Code   RO          180    .ARM.Collect$$libinit$$0000000F  c_w.l(libinit2.o)
    0x080001be   0x00000000   Code   RO          182    .ARM.Collect$$libinit$$00000011  c_w.l(libinit2.o)
    0x080001be   0x00000000   Code   RO          184    .ARM.Collect$$libinit$$00000013  c_w.l(libinit2.o)
    0x080001be   0x0000000a   Code   RO          185    .ARM.Collect$$libinit$$00000014  c_w.l(libinit2.o)
    0x080001c8   0x00000000   Code   RO          186    .ARM.Collect$$libinit$$00000015  c_w.l(libinit2.o)
    0x080001c8   0x00000000   Code   RO          188    .ARM.Collect$$libinit$$00000017  c_w.l(libinit2.o)
    0x080001c8   0x00000000   Code   RO          190    .ARM.Collect$$libinit$$00000019  c_w.l(libinit2.o)
    0x080001c8   0x00000000   Code   RO          192    .ARM.Collect$$libinit$$0000001B  c_w.l(libinit2.o)
    0x080001c8   0x00000000   Code   RO          194    .ARM.Collect$$libinit$$0000001D  c_w.l(libinit2.o)
    0x080001c8   0x00000000   Code   RO          196    .ARM.Collect$$libinit$$0000001F  c_w.l(libinit2.o)
    0x080001c8   0x00000000   Code   RO          198    .ARM.Collect$$libinit$$00000021  c_w.l(libinit2.o)
    0x080001c8   0x00000004   Code   RO          199    .ARM.Collect$$libinit$$00000022  c_w.l(libinit2.o)
    0x080001cc   0x00000000   Code   RO          200    .ARM.Collect$$libinit$$00000023  c_w.l(libinit2.o)
    0x080001cc   0x00000000   Code   RO          204    .ARM.Collect$$libinit$$0000002A  c_w.l(libinit2.o)
    0x080001cc   0x00000000   Code   RO          206    .ARM.Collect$$libinit$$0000002C  c_w.l(libinit2.o)
    0x080001cc   0x00000000   Code   RO          208    .ARM.Collect$$libinit$$0000002E  c_w.l(libinit2.o)
    0x080001cc   0x00000000   Code   RO          210    .ARM.Collect$$libinit$$00000030  c_w.l(libinit2.o)
    0x080001cc   0x00000002   Code   RO          211    .ARM.Collect$$libinit$$00000031  c_w.l(libinit2.o)
    0x080001ce   0x00000002   Code   RO          298    .ARM.Collect$$libshutdown$$00000000  c_w.l(libshutdown.o)
    0x080001d0   0x00000004   Code   RO          213    .ARM.Collect$$libshutdown$$00000002  c_w.l(libshutdown2.o)
    0x080001d4   0x00000000   Code   RO          214    .ARM.Collect$$libshutdown$$00000003  c_w.l(libshutdown2.o)
    0x080001d4   0x00000000   Code   RO          217    .ARM.Collect$$libshutdown$$00000006  c_w.l(libshutdown2.o)
    0x080001d4   0x00000000   Code   RO          220    .ARM.Collect$$libshutdown$$00000009  c_w.l(libshutdown2.o)
    0x080001d4   0x00000000   Code   RO          222    .ARM.Collect$$libshutdown$$0000000B  c_w.l(libshutdown2.o)
    0x080001d4   0x00000000   Code   RO          225    .ARM.Collect$$libshutdown$$0000000E  c_w.l(libshutdown2.o)
    0x080001d4   0x00000002   Code   RO          226    .ARM.Collect$$libshutdown$$0000000F  c_w.l(libshutdown2.o)
    0x080001d6   0x00000000   Code   RO           59    .ARM.Collect$$rtentry$$00000000  c_w.l(rtentry.o)
    0x080001d6   0x00000000   Code   RO           70    .ARM.Collect$$rtentry$$00000002  c_w.l(rtentry2.o)
    0x080001d6   0x00000006   Code   RO           82    .ARM.Collect$$rtentry$$00000004  c_w.l(rtentry4.o)
    0x080001dc   0x00000000   Code   RO           72    .ARM.Collect$$rtentry$$00000009  c_w.l(rtentry2.o)
    0x080001dc   0x00000004   Code   RO           73    .ARM.Collect$$rtentry$$0000000A  c_w.l(rtentry2.o)
    0x080001e0   0x00000000   Code   RO           75    .ARM.Collect$$rtentry$$0000000C  c_w.l(rtentry2.o)
    0x080001e0   0x00000008   Code   RO           76    .ARM.Collect$$rtentry$$0000000D  c_w.l(rtentry2.o)
    0x080001e8   0x00000002   Code   RO          230    .ARM.Collect$$rtexit$$00000000  c_w.l(rtexit.o)
    0x080001ea   0x00000000   Code   RO          261    .ARM.Collect$$rtexit$$00000002  c_w.l(rtexit2.o)
    0x080001ea   0x00000004   Code   RO          262    .ARM.Collect$$rtexit$$00000003  c_w.l(rtexit2.o)
    0x080001ee   0x00000006   Code   RO          263    .ARM.Collect$$rtexit$$00000004  c_w.l(rtexit2.o)
    0x080001f4   0x00000000   Code   RO          267    .emb_text           c_w.l(maybetermalloc1.o)
    0x080001f4   0x0000001a   Code   RO            1    .text               stm32f10x_it.o
    0x0800020e   0x00000002   PAD
    0x08000210   0x00000124   Code   RO            2    .text               main.o
    0x08000334   0x000003a4   Code   RO           11    .text               stm32f10x_rcc.o
    0x080006d8   0x0000035c   Code   RO           16    .text               stm32f10x_gpio.o
    0x08000a34   0x00000254   Code   RO           20    .text               stm32f10x_dma.o
    0x08000c88   0x0000044e   Code   RO           27    .text               stm32f10x_adc.o
    0x080010d6   0x00000002   PAD
    0x080010d8   0x00000040   Code   RO           32    .text               startup_stm32f10x_hd.o
    0x08001118   0x000001e0   Code   RO           33    .text               system_stm32f10x.o
    0x080012f8   0x00000018   Code   RO           39    .text               c_w.l(noretval__2printf.o)
    0x08001310   0x00000068   Code   RO           40    .text               c_w.l(__printf.o)
    0x08001378   0x00000006   Code   RO           56    .text               c_w.l(heapauxi.o)
    0x0800137e   0x00000416   Code   RO           60    .text               c_w.l(_printf_fp_dec.o)
    0x08001794   0x00000024   Code   RO           61    .text               c_w.l(_printf_char_file.o)
    0x080017b8   0x00000008   Code   RO           86    .text               c_w.l(rt_locale_intlibspace.o)
    0x080017c0   0x0000008a   Code   RO           87    .text               c_w.l(lludiv10.o)
    0x0800184a   0x00000002   PAD
    0x0800184c   0x00000030   Code   RO           88    .text               c_w.l(_printf_char_common.o)
    0x0800187c   0x00000080   Code   RO           89    .text               c_w.l(_printf_fp_infnan.o)
    0x080018fc   0x000000d8   Code   RO           90    .text               c_w.l(bigflt0.o)
    0x080019d4   0x00000008   Code   RO          103    .text               c_w.l(ferror.o)
    0x080019dc   0x00000138   Code   RO          106    .text               c_w.l(initio.o)
    0x08001b14   0x00000066   Code   RO          115    .text               c_w.l(sys_io.o)
    0x08001b7a   0x00000002   PAD
    0x08001b7c   0x00000008   Code   RO          119    .text               c_w.l(libspace.o)
    0x08001b84   0x0000004a   Code   RO          122    .text               c_w.l(sys_stackheap_outer.o)
    0x08001bce   0x0000004e   Code   RO          124    .text               c_w.l(h1_free.o)
    0x08001c1c   0x000001d6   Code   RO          153    .text               c_w.l(flsbuf.o)
    0x08001df2   0x00000046   Code   RO          154    .text               c_w.l(setvbuf.o)
    0x08001e38   0x000000ec   Code   RO          156    .text               c_w.l(fopen.o)
    0x08001f24   0x0000004c   Code   RO          157    .text               c_w.l(fclose.o)
    0x08001f70   0x0000000c   Code   RO          160    .text               c_w.l(exit.o)
    0x08001f7c   0x0000000e   Code   RO          161    .text               c_w.l(defsig_rtred_outer.o)
    0x08001f8a   0x0000004e   Code   RO          163    .text               c_w.l(rt_memclr_w.o)
    0x08001fd8   0x00000080   Code   RO          164    .text               c_w.l(strcmpv7m.o)
    0x08002058   0x00000002   Code   RO          228    .text               c_w.l(use_no_semi.o)
    0x0800205a   0x00000000   Code   RO          229    .text               c_w.l(indicate_semi.o)
    0x0800205a   0x00000002   PAD
    0x0800205c   0x00000008   Code   RO          235    .text               c_w.l(rt_heap_descriptor_intlibspace.o)
    0x08002064   0x00000004   Code   RO          236    .text               c_w.l(hguard.o)
    0x08002068   0x0000008a   Code   RO          237    .text               c_w.l(init_alloc.o)
    0x080020f2   0x0000005e   Code   RO          240    .text               c_w.l(h1_alloc.o)
    0x08002150   0x000000f8   Code   RO          248    .text               c_w.l(fseek.o)
    0x08002248   0x000000f0   Code   RO          249    .text               c_w.l(stdio.o)
    0x08002338   0x0000000a   Code   RO          252    .text               c_w.l(defsig_exit.o)
    0x08002342   0x00000002   PAD
    0x08002344   0x00000034   Code   RO          253    .text               c_w.l(defsig_rtred_inner.o)
    0x08002378   0x0000003e   Code   RO          255    .text               c_w.l(strlen.o)
    0x080023b6   0x00000002   PAD
    0x080023b8   0x0000000c   Code   RO          259    .text               c_w.l(sys_exit.o)
    0x080023c4   0x0000000e   Code   RO          269    .text               c_w.l(h1_init.o)
    0x080023d2   0x00000034   Code   RO          270    .text               c_w.l(h1_extend.o)
    0x08002406   0x00000042   Code   RO          275    .text               c_w.l(ftell.o)
    0x08002448   0x00000032   Code   RO          279    .text               c_w.l(defsig_general.o)
    0x0800247a   0x0000000e   Code   RO          280    .text               c_w.l(defsig_rtmem_outer.o)
    0x08002488   0x0000000e   Code   RO          288    .text               c_w.l(sys_wrch.o)
    0x08002496   0x00000002   PAD
    0x08002498   0x00000008   Code   RO          292    .text               c_w.l(rt_errno_addr_intlibspace.o)
    0x080024a0   0x00000050   Code   RO          295    .text               c_w.l(defsig_rtmem_inner.o)
    0x080024f0   0x0000003e   Code   RO           92    CL$$btod_d2e        c_w.l(btod.o)
    0x0800252e   0x00000046   Code   RO           94    CL$$btod_d2e_denorm_low  c_w.l(btod.o)
    0x08002574   0x00000060   Code   RO           93    CL$$btod_d2e_norm_op1  c_w.l(btod.o)
    0x080025d4   0x00000338   Code   RO          102    CL$$btod_div_common  c_w.l(btod.o)
    0x0800290c   0x000000c6   Code   RO           99    CL$$btod_e2e        c_w.l(btod.o)
    0x080029d2   0x00000028   Code   RO           96    CL$$btod_ediv       c_w.l(btod.o)
    0x080029fa   0x00000028   Code   RO           95    CL$$btod_emul       c_w.l(btod.o)
    0x08002a22   0x00000244   Code   RO          101    CL$$btod_mult_common  c_w.l(btod.o)
    0x08002c66   0x00000028   Code   RO          114    i.__ARM_fpclassify  m_ws.l(fpclassify.o)
    0x08002c8e   0x0000001a   Code   RO          105    i.fputc             c_w.l(fputc.o)
    0x08002ca8   0x0000002c   Code   RO          111    locale$$code        c_w.l(lc_numeric_c.o)
    0x08002cd4   0x00000004   Code   RO           58    x$fpl$printf1       fz_ws.l(printf1.o)
    0x08002cd8   0x00000000   Code   RO          113    x$fpl$usenofp       fz_ws.l(usenofp.o)
    0x08002cd8   0x00000094   Data   RO           91    .constdata          c_w.l(bigflt0.o)
    0x08002d6c   0x00000004   Data   RO          116    .constdata          c_w.l(sys_io.o)
    0x08002d70   0x00000004   Data   RO          117    .constdata          c_w.l(sys_io.o)
    0x08002d74   0x00000004   Data   RO          118    .constdata          c_w.l(sys_io.o)
    0x08002d78   0x00000020   Data   RO          308    Region$$Table       anon$$obj.o
    0x08002d98   0x0000001c   Data   RO          110    locale$$data        c_w.l(lc_numeric_c.o)


    Execution Region DATA_RAM0 (Base: 0x20000000, Size: 0x000007d8, Max: 0x00010000, ABSOLUTE)

    Base Addr    Size         Type   Attr      Idx    E Section Name        Object

    0x20000000   0x00000002   Data   RW            4    .data               main.o
    0x20000002   0x00000014   Data   RW           12    .data               stm32f10x_rcc.o
    0x20000016   0x00000002   PAD
    0x20000018   0x00000014   Data   RW           34    .data               system_stm32f10x.o
    0x2000002c   0x00000004   Data   RW           66    .data               c_w.l(stdio_streams.o)
    0x20000030   0x00000004   Data   RW           67    .data               c_w.l(stdio_streams.o)
    0x20000034   0x00000004   Data   RW           68    .data               c_w.l(stdio_streams.o)
    0x20000038   0x00000040   Zero   RW            3    .bss                main.o
    0x20000078   0x00000054   Zero   RW           63    .bss                c_w.l(stdio_streams.o)
    0x200000cc   0x00000054   Zero   RW           64    .bss                c_w.l(stdio_streams.o)
    0x20000120   0x00000054   Zero   RW           65    .bss                c_w.l(stdio_streams.o)
    0x20000174   0x00000060   Zero   RW          120    .bss                c_w.l(libspace.o)
    0x200001d4   0x00000004   PAD
    0x200001d8   0x00000200   Zero   RW           30    HEAP                startup_stm32f10x_hd.o
    0x200003d8   0x00000400   Zero   RW           29    STACK               startup_stm32f10x_hd.o


==============================================================================

Image component sizes


      Code (inc. data)   RO Data    RW Data    ZI Data      Debug   Object Name

       292         28          0          2         64          0   main.o
        64         26        304          0       1536          0   startup_stm32f10x_hd.o
      1102         26          0          0          0          0   stm32f10x_adc.o
       596          8          0          0          0          0   stm32f10x_dma.o
       860         38          0          0          0          0   stm32f10x_gpio.o
        26          0          0          0          0          0   stm32f10x_it.o
       932         36          0         20          0          0   stm32f10x_rcc.o
       480         38          0         20          0          0   system_stm32f10x.o

    ----------------------------------------------------------------------
      4356        200        336         44       1600          0   Object Totals
         0          0         32          0          0          0   (incl. Generated)
         4          0          0          2          0          0   (incl. Padding)

    ----------------------------------------------------------------------

      Code (inc. data)   RO Data    RW Data    ZI Data      Debug   Library Member Name

         8          0          0          0          0          0   __main.o
       104          0          0          0          0          0   __printf.o
        52          8          0          0          0          0   __scatter.o
        26          0          0          0          0          0   __scatter_copy.o
        28          0          0          0          0          0   __scatter_zi.o
        48          6          0          0          0          0   _printf_char_common.o
        36          4          0          0          0          0   _printf_char_file.o
         6          0          0          0          0          0   _printf_f.o
      1046          0          0          0          0          0   _printf_fp_dec.o
       128         16          0          0          0          0   _printf_fp_infnan.o
         0          0          0          0          0          0   _printf_percent.o
         4          0          0          0          0          0   _printf_percent_end.o
       216          4        148          0          0          0   bigflt0.o
      1910        128          0          0          0          0   btod.o
        10          0          0          0          0          0   defsig_exit.o
        50          0          0          0          0          0   defsig_general.o
        80         58          0          0          0          0   defsig_rtmem_inner.o
        14          0          0          0          0          0   defsig_rtmem_outer.o
        52         38          0          0          0          0   defsig_rtred_inner.o
        14          0          0          0          0          0   defsig_rtred_outer.o
        12          0          0          0          0          0   exit.o
        76          0          0          0          0          0   fclose.o
         8          0          0          0          0          0   ferror.o
       470          0          0          0          0          0   flsbuf.o
       236          4          0          0          0          0   fopen.o
        26          0          0          0          0          0   fputc.o
       248          6          0          0          0          0   fseek.o
        66          0          0          0          0          0   ftell.o
        94          0          0          0          0          0   h1_alloc.o
        52          0          0          0          0          0   h1_extend.o
        78          0          0          0          0          0   h1_free.o
        14          0          0          0          0          0   h1_init.o
         6          0          0          0          0          0   heapauxi.o
         4          0          0          0          0          0   hguard.o
         0          0          0          0          0          0   indicate_semi.o
       138          0          0          0          0          0   init_alloc.o
       312         46          0          0          0          0   initio.o
        44         10         28          0          0          0   lc_numeric_c.o
         2          0          0          0          0          0   libinit.o
        30          0          0          0          0          0   libinit2.o
         2          0          0          0          0          0   libshutdown.o
         6          0          0          0          0          0   libshutdown2.o
         8          4          0          0         96          0   libspace.o
       138          0          0          0          0          0   lludiv10.o
         0          0          0          0          0          0   maybetermalloc1.o
        24          4          0          0          0          0   noretval__2printf.o
         8          4          0          0          0          0   rt_errno_addr_intlibspace.o
         8          4          0          0          0          0   rt_heap_descriptor_intlibspace.o
         8          4          0          0          0          0   rt_locale_intlibspace.o
        78          0          0          0          0          0   rt_memclr_w.o
         0          0          0          0          0          0   rtentry.o
        12          0          0          0          0          0   rtentry2.o
         6          0          0          0          0          0   rtentry4.o
         2          0          0          0          0          0   rtexit.o
        10          0          0          0          0          0   rtexit2.o
        70          0          0          0          0          0   setvbuf.o
       240          6          0          0          0          0   stdio.o
         0          0          0         12        252          0   stdio_streams.o
       128          0          0          0          0          0   strcmpv7m.o
        62          0          0          0          0          0   strlen.o
        12          4          0          0          0          0   sys_exit.o
       102          0         12          0          0          0   sys_io.o
        74          0          0          0          0          0   sys_stackheap_outer.o
        14          0          0          0          0          0   sys_wrch.o
         2          0          0          0          0          0   use_no_semi.o
         4          0          0          0          0          0   printf1.o
         0          0          0          0          0          0   usenofp.o
        40          0          0          0          0          0   fpclassify.o

    ----------------------------------------------------------------------
      6820        358        188         12        352          0   Library Totals
        14          0          0          0          4          0   (incl. Padding)

    ----------------------------------------------------------------------

      Code (inc. data)   RO Data    RW Data    ZI Data      Debug   Library Name

      6762        358        188         12        348          0   c_w.l
         4          0          0          0          0          0   fz_ws.l
        40          0          0          0          0          0   m_ws.l

    ----------------------------------------------------------------------
      6820        358        188         12        352          0   Library Totals

    ----------------------------------------------------------------------

==============================================================================


      Code (inc. data)   RO Data    RW Data    ZI Data      Debug   

     11176        558        524         56       1952          0   Grand Totals
     11176        558        524         56       1952          0   ELF Image Totals
     11176        558        524         56          0          0   ROM Totals

==============================================================================

    Total RO  Size (Code + RO Data)                11700 (  11.43kB)
    Total RW  Size (RW Data + ZI Data)              2008 (   1.96kB)
    Total ROM Size (Code + RO Data + RW Data)      11756 (  11.48kB)

==============================================================================

